docs/verification/2026-10-07-LangevinSkeletonInputs/Draft.lean:181:10: error: Tactic `rewrite` failed: Did not find an occurrence of the pattern
  indicator (Real.le✝ (textbookLangevinPeriodicHamiltonianPower U l x)) ?f R
in the target expression
  ∫ (y : textbookLangevinPeriodicPhase N),
      textbookLangevinPeriodicHamiltonianPower U l
        y ∂(textbookLangevinPeriodicTransitionKernel B P U hU hp L hF γ σ τ) x ≤
    3 / 4 * textbookLangevinPeriodicHamiltonianPower U l x +
      {z | textbookLangevinPeriodicHamiltonianPower U l z ≤ R}.indicator (fun x => D) x

case pos
N : ℕ
Ω : Type u_1
inst✝ : MeasurableSpace Ω
B : ℝ≥0 → Ω → Fin N → ℝ
P : Measure Ω
hB : textbookIsWienerVector B P
U : (Fin N → ℝ) → ℝ
hU : ContDiff ℝ ∞ U
hp : textbookUnitPeriodicPotential U
L : ℝ≥0
hF : LipschitzWith L (textbookPotentialForce U)
γ σ : ℝ
hLower : ∀ (q : Fin N → ℝ), 1 ≤ U q
hγ : 0 < γ
hσ : σ ≠ 0
τ : ℝ≥0
hτ : 0 < τ
h :
  ∀ (l : ℕ),
    1 ≤ l →
      ∀ (T : ℝ≥0),
        τ ≤ T →
          ∃ D R,
            0 < D ∧
              4 * D < R ∧
                textbookLangevinPeriodicHamiltonianPower U l (0, 0) < R ∧
                  (∀ (x : textbookLangevinPeriodicPhase N),
                      ∫ (y : textbookLangevinPeriodicPhase N),
                          textbookLangevinPeriodicHamiltonianPower U l
                            y ∂(textbookLangevinPeriodicTransitionKernel B P U hU hp L hF γ σ T) x ≤
                        1 / 2 * textbookLangevinPeriodicHamiltonianPower U l x + D) ∧
                    ∀ (x : textbookLangevinPeriodicPhase N),
                      R < textbookLangevinPeriodicHamiltonianPower U l x →
                        ∫ (y : textbookLangevinPeriodicPhase N),
                            textbookLangevinPeriodicHamiltonianPower U l
                              y ∂(textbookLangevinPeriodicTransitionKernel B P U hU hp L hF γ σ T) x ≤
                          3 / 4 * textbookLangevinPeriodicHamiltonianPower U l x
l : ℕ
hl : 1 ≤ l
D R : ℝ
hD : 0 < D
hR4 : 4 * D < R
hR0 : textbookLangevinPeriodicHamiltonianPower U l (0, 0) < R
hd :
  ∀ (x : textbookLangevinPeriodicPhase N),
    ∫ (y : textbookLangevinPeriodicPhase N),
        textbookLangevinPeriodicHamiltonianPower U l
          y ∂(textbookLangevinPeriodicTransitionKernel B P U hU hp L hF γ σ τ) x ≤
      1 / 2 * textbookLangevinPeriodicHamiltonianPower U l x + D
ho :
  ∀ (x : textbookLangevinPeriodicPhase N),
    R < textbookLangevinPeriodicHamiltonianPower U l x →
      ∫ (y : textbookLangevinPeriodicPhase N),
          textbookLangevinPeriodicHamiltonianPower U l
            y ∂(textbookLangevinPeriodicTransitionKernel B P U hU hp L hF γ σ τ) x ≤
        3 / 4 * textbookLangevinPeriodicHamiltonianPower U l x
hC : IsCompact {z | textbookLangevinPeriodicHamiltonianPower U l z ≤ R}
hCi : (interior {z | textbookLangevinPeriodicHamiltonianPower U l z ≤ R}).Nonempty
x : textbookLangevinPeriodicPhase N
hx : textbookLangevinPeriodicHamiltonianPower U l x ≤ R
⊢ ∫ (y : textbookLangevinPeriodicPhase N),
      textbookLangevinPeriodicHamiltonianPower U l
        y ∂(textbookLangevinPeriodicTransitionKernel B P U hU hp L hF γ σ τ) x ≤
    3 / 4 * textbookLangevinPeriodicHamiltonianPower U l x +
      {z | textbookLangevinPeriodicHamiltonianPower U l z ≤ R}.indicator (fun x => D) x
docs/verification/2026-10-07-LangevinSkeletonInputs/Draft.lean:185:10: error(lean.unknownIdentifier): Unknown constant `Set.indicator_of_not_mem`
