docs/verification/2026-10-07-LangevinGibbsStationaryExpression/Draft.lean:29:72: error: unsolved goals
N : ℕ
U : (Fin N → ℝ) → ℝ
γ : ℝ
z : textbookLangevinPhase N
hq : ∀ (i : Fin N), (fun t => (textbookLangevinDrift U γ (z + t • (Pi.single i 1, 0))).1 i) = fun x => z.2 i
i : Fin N
t : ℝ
⊢ γ * z.2 i + γ * t = γ * (z.2 i + t)
docs/verification/2026-10-07-LangevinGibbsStationaryExpression/Draft.lean:34:4: error: Type mismatch: After simplification, term
  HasDerivAt.sub (hasDerivAt_const 0 (textbookPotentialForce U z.1 i))
    (HasDerivAt.const_mul γ (HasDerivAt.const_add (z.2 i) (hasDerivAt_id 0)))
 has type
  HasDerivAt ((fun x => textbookPotentialForce U z.1 i) - fun y => γ * (z.2 i + id y)) (-(γ * 1)) 0
but is expected to have type
  HasDerivAt (fun t => textbookPotentialForce U z.1 i - γ * (z.2 i + t)) (-γ) 0
docs/verification/2026-10-07-LangevinGibbsStationaryExpression/Draft.lean:64:4: error: Type mismatch: After simplification, term
  textbookLangevinHamiltonianPower_contDiff U hU 1
 has type
  ContDiff ℝ ∞ (textbookLangevinHamiltonianPower U 1)
but is expected to have type
  ContDiff ℝ ∞ (textbookLangevinHamiltonian U)
Try this:
  [apply] ring_nf
  
  The `ring` tactic failed to close the goal. Use `ring_nf` to obtain a normal form.
    
  Note that `ring` works primarily in *commutative* rings. If you have a noncommutative ring, abelian group or module, consider using `noncomm_ring`, `abel` or `module` instead.
docs/verification/2026-10-07-LangevinGibbsStationaryExpression/Draft.lean:99:69: error: unsolved goals
case e'_3
N : ℕ
U : (Fin N → ℝ) → ℝ
β : ℝ
z : textbookLangevinPhase N
i : Fin N
he :
  (deriv fun t => textbookLangevinGibbsWeight U β (z + t • (0, Pi.single i 1))) = fun t =>
    -β * (z.2 i + t) * textbookLangevinGibbsWeight U β (z + t • (0, Pi.single i 1))
hd :
  HasDerivAt ((fun y => -β * (z.2 i + id y)) * fun s => textbookLangevinGibbsWeight U β (z + s • (0, Pi.single i 1)))
    (-β * 1 * textbookLangevinGibbsWeight U β (z + 0 • (0, Pi.single i 1)) +
      -β * (z.2 i + id 0) * (-β * (z.2 i + 0) * textbookLangevinGibbsWeight U β (z + 0 • (0, Pi.single i 1))))
    0
⊢ -(β * textbookLangevinGibbsWeight U β z) + β ^ 2 * z.2 i ^ 2 * textbookLangevinGibbsWeight U β z =
    -(β * textbookLangevinGibbsWeight U β z) + β ^ 2 * z.2 i * textbookLangevinGibbsWeight U β z * id 0 +
      β ^ 2 * z.2 i ^ 2 * textbookLangevinGibbsWeight U β z
