'MolecularDynamics.nBodyKineticEnergy_nonneg' depends on axioms: [propext, Classical.choice, Quot.sound]
'MolecularDynamics.unflatten_flatten' depends on axioms: [propext, Classical.choice, Quot.sound]
'MolecularDynamics.flatten_unflatten' depends on axioms: [propext, Classical.choice, Quot.sound]
'MolecularDynamics.coordinateMassesOfParticles_pos_iff' depends on axioms: [propext, Classical.choice, Quot.sound]
'MolecularDynamics.nBodyKineticEnergy_particle_eq' depends on axioms: [propext, Classical.choice, Quot.sound]
'MolecularDynamics.diagonalMassMatrix_posDef_iff' depends on axioms: [propext, Classical.choice, Quot.sound]
'MolecularDynamics.diagonalMassMatrix_inv_eq' depends on axioms: [propext, Classical.choice, Quot.sound]
'MolecularDynamics.diagonalMassMatrix_inv_mulVec' depends on axioms: [propext, Classical.choice, Quot.sound]
'MolecularDynamics.massOperator_velocityOperator' depends on axioms: [propext, Classical.choice, Quot.sound]
'MolecularDynamics.velocityOperator_massOperator' depends on axioms: [propext, Classical.choice, Quot.sound]
'MolecularDynamics.isMechanicalSolutionOn_iff_components' depends on axioms: [propext, Classical.choice, Quot.sound]
'MolecularDynamics.momentum_eq_mass_deriv_position' depends on axioms: [propext, Classical.choice, Quot.sound]
'MolecularDynamics.hasDerivAt_deriv_position' depends on axioms: [propext, Classical.choice, Quot.sound]
'MolecularDynamics.solution_nBodyEquationAt' depends on axioms: [propext, Classical.choice, Quot.sound]
'MolecularDynamics.solution_nBodyEquationAt_of_differentiable' depends on axioms: [propext,
 Classical.choice,
 Quot.sound]
'MolecularDynamics.solution_hasGradientAt_potential' depends on axioms: [propext, Classical.choice, Quot.sound]
'MolecularDynamics.newtonTrajectory_to_mechanicalSolution' depends on axioms: [propext, Classical.choice, Quot.sound]
'MolecularDynamics.freeParticle_localIVP' depends on axioms: [propext, Classical.choice, Quot.sound]
'MolecularDynamics.IsLocalMechanicalIVP.initial_mem' depends on axioms: [propext, Classical.choice, Quot.sound]
'MolecularDynamics.momentumKineticEnergy_eq_inner' depends on axioms: [propext, Classical.choice, Quot.sound]
'MolecularDynamics.momentumKineticEnergy_massOperator' depends on axioms: [propext, Classical.choice, Quot.sound]
'MolecularDynamics.massHamiltonian_massOperator' depends on axioms: [propext, Classical.choice, Quot.sound]
'MolecularDynamics.massHamiltonian_particle' depends on axioms: [propext, Classical.choice, Quot.sound]
'MolecularDynamics.massHamiltonian_velocityOperator' depends on axioms: [propext, Classical.choice, Quot.sound]
'MolecularDynamics.hasGradientAt_momentumKineticEnergy' depends on axioms: [propext, Classical.choice, Quot.sound]
'MolecularDynamics.gradient_momentumKineticEnergy_eq_velocityOperator' depends on axioms: [propext,
 Classical.choice,
 Quot.sound]
'MolecularDynamics.gradient_position_slice' depends on axioms: [propext, Classical.choice, Quot.sound]
'MolecularDynamics.hasGradientAt_position_slice' depends on axioms: [propext, Classical.choice, Quot.sound]
'MolecularDynamics.hamiltonianVectorField_eq' depends on axioms: [propext, Classical.choice, Quot.sound]
'MolecularDynamics.mechanical_energy_hasDerivAt_zero' depends on axioms: [propext, Classical.choice, Quot.sound]
'MolecularDynamics.mechanical_energy_const_on_Ioo' depends on axioms: [propext, Classical.choice, Quot.sound]
'MolecularDynamics.mechanicalVectorField_contDiffAt' depends on axioms: [propext, Classical.choice, Quot.sound]
'MolecularDynamics.exists_localMechanicalIVP_open_of_force_contDiffAt' depends on axioms: [propext,
 Classical.choice,
 Quot.sound]
'MolecularDynamics.mechanicalSolution_unique_on_Ioo' depends on axioms: [propext, Classical.choice, Quot.sound]
'MolecularDynamics.mechanicalSolution_eventually_unique_of_contDiffAt' depends on axioms: [propext,
 Classical.choice,
 Quot.sound]
'MolecularDynamics.totalMomentumCoordinate_hasDerivAt_zero' depends on axioms: [propext, Classical.choice, Quot.sound]
'MolecularDynamics.totalMomentumCoordinate_const_on_Ioo' depends on axioms: [propext, Classical.choice, Quot.sound]
'MolecularDynamics.strictPotentialMin_mechanicalEquilibrium' depends on axioms: [propext, Classical.choice, Quot.sound]
'MolecularDynamics.momentumKineticEnergy_nonneg' depends on axioms: [propext, Classical.choice, Quot.sound]
'MolecularDynamics.momentum_norm_sq_le' depends on axioms: [propext, Classical.choice, Quot.sound]
'MolecularDynamics.momentum_norm_le_of_energy' depends on axioms: [propext, Classical.choice, Quot.sound]
'MolecularDynamics.momentum_norm_lt_of_kineticEnergy' depends on axioms: [propext, Classical.choice, Quot.sound]
'MolecularDynamics.isCompact_phaseEnergySublevel' depends on axioms: [propext, Classical.choice, Quot.sound]
'MolecularDynamics.mechanicalSolution_below_barrier_stays_in_ball' depends on axioms: [propext,
 Classical.choice,
 Quot.sound]
'MolecularDynamics.mechanicalSolution_phase_dist_lt' depends on axioms: [propext, Classical.choice, Quot.sound]
'MolecularDynamics.exists_rightEndpointLimit_of_lipschitzOnWith' depends on axioms: [propext,
 Classical.choice,
 Quot.sound]
'MolecularDynamics.exists_rightEndpointLimit_mem_of_lipschitzOnWith' depends on axioms: [propext,
 Classical.choice,
 Quot.sound]
'MolecularDynamics.mechanicalSolution_lipschitzOnWith_of_field_bound' depends on axioms: [propext,
 Classical.choice,
 Quot.sound]
'MolecularDynamics.mechanicalSolution_has_rightEndpointLimit_of_field_bound' depends on axioms: [propext,
 Classical.choice,
 Quot.sound]
'MolecularDynamics.mechanicalSolution_has_rightEndpointLimit_of_compact' depends on axioms: [propext,
 Classical.choice,
 Quot.sound]
'MolecularDynamics.mechanicalSolution_unique_on_preconnected_of_contDiffAt' depends on axioms: [propext,
 Classical.choice,
 Quot.sound]
'MolecularDynamics.mechanicalSolution_glue_on_Ioo' depends on axioms: [propext, Classical.choice, Quot.sound]
'MolecularDynamics.hasDerivWithinAt_rightEndpoint_of_continuousOn' depends on axioms: [propext,
 Classical.choice,
 Quot.sound]
'MolecularDynamics.exists_localODE_matching_rightEndpoint' depends on axioms: [propext, Classical.choice, Quot.sound]
'MolecularDynamics.mechanicalSolution_extend_of_rightEndpointLimit' depends on axioms: [propext,
 Classical.choice,
 Quot.sound]
'MolecularDynamics.mechanicalSolution_extend_of_force_contDiffAt' depends on axioms: [propext,
 Classical.choice,
 Quot.sound]
'MolecularDynamics.mechanicalSolution_extend_of_compact' depends on axioms: [propext, Classical.choice, Quot.sound]
'MolecularDynamics.strictOn_iff_punctured' depends on axioms: [propext, Classical.choice, Quot.sound]
'MolecularDynamics.strictUniv_iff' depends on axioms: [propext, Classical.choice, Quot.sound]
'MolecularDynamics.strictOn_isLocalMinOn' depends on axioms: [propext, Classical.choice, Quot.sound]
'MolecularDynamics.compact_positive_gap' depends on axioms: [propext, Classical.choice, Quot.sound]
'MolecularDynamics.fixed_sphere_barrier' depends on axioms: [propext, Classical.choice, Quot.sound]
'MolecularDynamics.open_domain_barrier' depends on axioms: [propext, Classical.choice, Quot.sound]
'MolecularDynamics.energy_excludes_sphere' depends on axioms: [propext, Classical.choice, Quot.sound]
'MolecularDynamics.energy_below_barrier_excludes_sphere' depends on axioms: [propext, Classical.choice, Quot.sound]
'MolecularDynamics.conserved_trajectory_stays_in_ball' depends on axioms: [propext, Classical.choice, Quot.sound]
'MolecularDynamics.conserved_trajectory_below_barrier_stays_in_ball' depends on axioms: [propext,
 Classical.choice,
 Quot.sound]
'MolecularDynamics.conserved_trajectory_center_below_barrier_stays_in_ball' depends on axioms: [propext,
 Classical.choice,
 Quot.sound]
'MolecularDynamics.open_domain_energy_confinement' depends on axioms: [propext, Classical.choice, Quot.sound]
'MolecularDynamics.zero_dimensional_sphere_empty' depends on axioms: [propext, Classical.choice, Quot.sound]
'MolecularDynamics.zero_dimensional_barrier' depends on axioms: [propext, Classical.choice, Quot.sound]
'MolecularDynamics.zero_dimensional_strict_min' depends on axioms: [propext, Classical.choice, Quot.sound]
'MolecularDynamics.singleton_relative_strict' depends on axioms: [propext, Classical.choice, Quot.sound]
'MolecularDynamics.singleton_sphere_not_subset' depends on axioms: [propext, Classical.choice, Quot.sound]
'MolecularDynamics.quartic_strict_min' depends on axioms: [propext, Classical.choice, Quot.sound]
'MolecularDynamics.quartic_sphere_barrier' depends on axioms: [propext, Classical.choice, Quot.sound]
'MolecularDynamics.constant_local_min' depends on axioms: [propext, Classical.choice, Quot.sound]
'MolecularDynamics.constant_not_strict' depends on axioms: [propext, Classical.choice, Quot.sound]
'MolecularDynamics.endpoint_strict_radius' depends on axioms: [propext, Classical.choice, Quot.sound]
'MolecularDynamics.endpoint_potential_continuous' depends on axioms: [propext, Classical.choice, Quot.sound]
'MolecularDynamics.endpoint_no_barrier' depends on axioms: [propext, Classical.choice, Quot.sound]
'MolecularDynamics.quartic_potential_continuous' depends on axioms: [propext, Classical.choice, Quot.sound]
Dependency audit passed for 676 imported project declarations; allowed: [propext, Classical.choice, Quot.sound].
'MolecularDynamics.exists_glued_function_of_compatible' depends on axioms: [propext, Classical.choice, Quot.sound]
'MolecularDynamics.exists_mechanicalSolutionOn_iUnion' depends on axioms: [propext, Classical.choice, Quot.sound]
'MolecularDynamics.exists_globalMechanicalSolution_of_local_compact_confinement' depends on axioms: [propext,
 Classical.choice,
 Quot.sound]
'MolecularDynamics.exists_globalMechanicalIVP_of_energy_barrier' depends on axioms: [propext,
 Classical.choice,
 Quot.sound]
'MolecularDynamics.gradient_contDiffAt_of_potential_contDiffAt_two' depends on axioms: [propext,
 Classical.choice,
 Quot.sound]
'MolecularDynamics.strictPotentialMin_exists_future_bound' depends on axioms: [propext, Classical.choice, Quot.sound]
'MolecularDynamics.strictPotentialMin_futureStable' depends on axioms: [propext, Classical.choice, Quot.sound]
'MolecularDynamics.strictPotentialMin_futureStable_of_potential_contDiffAt_two' depends on axioms: [propext,
 Classical.choice,
 Quot.sound]
'MolecularDynamics.product_dist_le_phaseEuclideanDistance' depends on axioms: [propext, Classical.choice, Quot.sound]
'MolecularDynamics.phaseEuclideanDistance_le_two_mul_dist' depends on axioms: [propext, Classical.choice, Quot.sound]
'MolecularDynamics.IsFutureMechanicalStable.euclidean' depends on axioms: [propext, Classical.choice, Quot.sound]
'MolecularDynamics.strictPotentialMin_futureStableEuclidean_of_potential_contDiffAt_two' depends on axioms: [propext,
 Classical.choice,
 Quot.sound]
'MolecularDynamics.strictPotentialMin_futureStableEuclidean_of_smooth' depends on axioms: [propext,
 Classical.choice,
 Quot.sound]
'MolecularDynamics.nBodyKineticEnergy_eq_inner' depends on axioms: [propext, Classical.choice, Quot.sound]
'MolecularDynamics.hasGradientAt_nBodyKineticEnergy' depends on axioms: [propext, Classical.choice, Quot.sound]
'MolecularDynamics.hasGradientAt_massLagrangian_velocity' depends on axioms: [propext, Classical.choice, Quot.sound]
'MolecularDynamics.hasGradientAt_massLagrangian_position' depends on axioms: [propext, Classical.choice, Quot.sound]
'MolecularDynamics.mechanicalSolution_eulerLagrange' depends on axioms: [propext, Classical.choice, Quot.sound]
'MolecularDynamics.eulerLagrange_to_mechanicalSolution' depends on axioms: [propext, Classical.choice, Quot.sound]
'MolecularDynamics.massLagrangian_coordinateChange' depends on axioms: [propext, Classical.choice, Quot.sound]
'MolecularDynamics.hasDerivAt_coordinateChange' depends on axioms: [propext, Classical.choice, Quot.sound]
'MolecularDynamics.generalizedMassMatrix_posDef' depends on axioms: [propext, Classical.choice, Quot.sound]
'MolecularDynamics.generalizedMassMatrix_isUnit' depends on axioms: [propext, Classical.choice, Quot.sound]
'MolecularDynamics.massHamiltonian_legendre_gap' depends on axioms: [propext, Classical.choice, Quot.sound]
'MolecularDynamics.legendre_objective_le_massHamiltonian' depends on axioms: [propext, Classical.choice, Quot.sound]
'MolecularDynamics.legendre_objective_attains_massHamiltonian' depends on axioms: [propext,
 Classical.choice,
 Quot.sound]
'MolecularDynamics.nBodyKineticEnergy_eq_zero_iff' depends on axioms: [propext, Classical.choice, Quot.sound]
'MolecularDynamics.legendre_objective_eq_massHamiltonian_iff' depends on axioms: [propext, Classical.choice, Quot.sound]
'MolecularDynamics.massHamiltonian_eq_legendre_sup' depends on axioms: [propext, Classical.choice, Quot.sound]
'MolecularDynamics.mechanicalSolution_translate_on_Ioi' depends on axioms: [propext, Classical.choice, Quot.sound]
'MolecularDynamics.futureMechanicalFlow_add' depends on axioms: [propext, Classical.choice, Quot.sound]
'MolecularDynamics.futureMechanicalFlow_commute' depends on axioms: [propext, Classical.choice, Quot.sound]
'MolecularDynamics.futureMechanicalFlow_energy' depends on axioms: [propext, Classical.choice, Quot.sound]
'MolecularDynamics.futureMechanicalFlow_injOn' depends on axioms: [propext, Classical.choice, Quot.sound]
'MolecularDynamics.exists_futureMechanicalFlow_of_energy_barrier' depends on axioms: [propext,
 Classical.choice,
 Quot.sound]
'MolecularDynamics.massHamiltonian_momentumReflection' depends on axioms: [propext, Classical.choice, Quot.sound]
'MolecularDynamics.mechanicalSolution_time_reverse_on_Iio' depends on axioms: [propext, Classical.choice, Quot.sound]
'MolecularDynamics.exists_globalMechanicalIVP_of_energy_barrier_two_sided' depends on axioms: [propext,
 Classical.choice,
 Quot.sound]
'MolecularDynamics.mechanicalSolution_translate_on_univ' depends on axioms: [propext, Classical.choice, Quot.sound]
'MolecularDynamics.mechanicalSolution_energy_on_univ' depends on axioms: [propext, Classical.choice, Quot.sound]
'MolecularDynamics.globalMechanicalFlow_add' depends on axioms: [propext, Classical.choice, Quot.sound]
'MolecularDynamics.globalMechanicalFlow_inverse' depends on axioms: [propext, Classical.choice, Quot.sound]
'MolecularDynamics.globalMechanicalFlow_commute' depends on axioms: [propext, Classical.choice, Quot.sound]
'MolecularDynamics.globalMechanicalFlow_bijOn' depends on axioms: [propext, Classical.choice, Quot.sound]
'MolecularDynamics.globalMechanicalFlow_energy' depends on axioms: [propext, Classical.choice, Quot.sound]
'MolecularDynamics.exists_globalMechanicalFlow_of_energy_barrier' depends on axioms: [propext,
 Classical.choice,
 Quot.sound]
'MolecularDynamics.harmonicFlow_isMechanicalSolution' depends on axioms: [propext, Classical.choice, Quot.sound]
'MolecularDynamics.harmonicFlow_isGlobalFlow' depends on axioms: [propext, Classical.choice, Quot.sound]
'MolecularDynamics.harmonicFlow_continuous' depends on axioms: [propext, Classical.choice, Quot.sound]
'MolecularDynamics.harmonicFlow_add' depends on axioms: [propext, Classical.choice, Quot.sound]
'MolecularDynamics.harmonicFlow_inverse' depends on axioms: [propext, Classical.choice, Quot.sound]
'MolecularDynamics.harmonicContinuousFlow' depends on axioms: [propext, Classical.choice, Quot.sound]
'MolecularDynamics.hasGradientAt_harmonicPotential' depends on axioms: [propext, Classical.choice, Quot.sound]
'MolecularDynamics.harmonicFlow_energy' depends on axioms: [propext, Classical.choice, Quot.sound]
'MolecularDynamics.freeParticleFlow_isMechanicalSolution' depends on axioms: [propext, Classical.choice, Quot.sound]
'MolecularDynamics.freeParticleFlow_isGlobalFlow' depends on axioms: [propext, Classical.choice, Quot.sound]
'MolecularDynamics.freeParticleFlow_continuous' depends on axioms: [propext, Classical.choice, Quot.sound]
'MolecularDynamics.freeParticleFlow_add' depends on axioms: [propext, Classical.choice, Quot.sound]
'MolecularDynamics.freeParticleContinuousFlow' depends on axioms: [propext, Classical.choice, Quot.sound]
'MolecularDynamics.freeParticleFlow_energy' depends on axioms: [propext, Classical.choice, Quot.sound]
'MolecularDynamics.hasDerivAt_linearExponentialFlow' depends on axioms: [propext, Classical.choice, Quot.sound]
'MolecularDynamics.linearExponentialFlow_add' depends on axioms: [propext, Classical.choice, Quot.sound]
'MolecularDynamics.linearExponentialFlow_continuous' depends on axioms: [propext, Classical.choice, Quot.sound]
'MolecularDynamics.linearContinuousFlow' depends on axioms: [propext, Classical.choice, Quot.sound]
'MolecularDynamics.linearExponentialFlow_inverse' depends on axioms: [propext, Classical.choice, Quot.sound]
'MolecularDynamics.hasDerivAt_linearExponentialFlow_initial_time' depends on axioms: [propext,
 Classical.choice,
 Quot.sound]
'MolecularDynamics.linearExponentialFlow_unique' depends on axioms: [propext, Classical.choice, Quot.sound]
'MolecularDynamics.linearExponentialOperator_series' depends on axioms: [propext, Classical.choice, Quot.sound]
'MolecularDynamics.matrixExponentialFlow_eq' depends on axioms: [propext, Classical.choice, Quot.sound]
'MolecularDynamics.hasDerivAt_matrixExponentialFlow' depends on axioms: [propext, Classical.choice, Quot.sound]
'MolecularDynamics.hasDerivAt_matrixExponentialFlow_initial_time' depends on axioms: [propext,
 Classical.choice,
 Quot.sound]
'MolecularDynamics.matrixExponentialFlow_unique' depends on axioms: [propext, Classical.choice, Quot.sound]
'MolecularDynamics.matrixContinuousFlow' depends on axioms: [propext, Classical.choice, Quot.sound]
'MolecularDynamics.matrixExponential_series' depends on axioms: [propext, Classical.choice, Quot.sound]
'MolecularDynamics.hasDerivAt_realEigenmode' depends on axioms: [propext, Classical.choice, Quot.sound]
'MolecularDynamics.linearExponentialFlow_realEigenmode' depends on axioms: [propext, Classical.choice, Quot.sound]
'MolecularDynamics.linearExponentialFlow_realSpectral_sum' depends on axioms: [propext, Classical.choice, Quot.sound]
'MolecularDynamics.linearExponentialFlow_realEigenbasis' depends on axioms: [propext, Classical.choice, Quot.sound]
'MolecularDynamics.hasDerivAt_complexEigenmode' depends on axioms: [propext, Classical.choice, Quot.sound]
'MolecularDynamics.complexExponentialFlow_eigenmode' depends on axioms: [propext, Classical.choice, Quot.sound]
'MolecularDynamics.complexExponentialFlow_spectral_sum' depends on axioms: [propext, Classical.choice, Quot.sound]
'MolecularDynamics.complexExponentialFlow_eigenbasis' depends on axioms: [propext, Classical.choice, Quot.sound]
'MolecularDynamics.hasDerivAt_complexExponentialFlow' depends on axioms: [propext, Classical.choice, Quot.sound]
'MolecularDynamics.complexContinuousFlow' depends on axioms: [propext, Classical.choice, Quot.sound]
'MolecularDynamics.complexEigenbasis_coefficients_unique' depends on axioms: [propext, Classical.choice, Quot.sound]
'MolecularDynamics.linearExponentialFlow_intertwine' depends on axioms: [propext, Classical.choice, Quot.sound]
'MolecularDynamics.linearExponentialFlow_fixed_clm' depends on axioms: [propext, Classical.choice, Quot.sound]
'MolecularDynamics.realMatrix_conjugation_commute' depends on axioms: [propext, Classical.choice, Quot.sound]
'MolecularDynamics.realMatrix_complexFlow_isReal' depends on axioms: [propext, Classical.choice, Quot.sound]
'MolecularDynamics.realMatrix_complexSpectral_sum_isReal' depends on axioms: [propext, Classical.choice, Quot.sound]
'MolecularDynamics.basisColumnMatrix_mulVec' depends on axioms: [propext, Classical.choice, Quot.sound]
'MolecularDynamics.basisColumnMatrix_mulVec_repr' depends on axioms: [propext, Classical.choice, Quot.sound]
'MolecularDynamics.basisColumnMatrix_isUnit' depends on axioms: [propext, Classical.choice, Quot.sound]
'MolecularDynamics.basisColumnMatrix_inverse_coefficients' depends on axioms: [propext, Classical.choice, Quot.sound]
'MolecularDynamics.firstIntegral_hasDerivAt_zero' depends on axioms: [propext, Classical.choice, Quot.sound]
'MolecularDynamics.firstIntegral_const_on_Ioo' depends on axioms: [propext, Classical.choice, Quot.sound]
'MolecularDynamics.firstIntegral_differential_necessary' depends on axioms: [propext, Classical.choice, Quot.sound]
'MolecularDynamics.isFirstIntegralOn_iff_differential' depends on axioms: [propext, Classical.choice, Quot.sound]
'MolecularDynamics.firstIntegral_gradient_criterion' depends on axioms: [propext, Classical.choice, Quot.sound]
'MolecularDynamics.planarAngularMomentum_hasDerivAt_zero' depends on axioms: [propext, Classical.choice, Quot.sound]
'MolecularDynamics.planarAngularMomentum_const_on_Ioo' depends on axioms: [propext, Classical.choice, Quot.sound]
'MolecularDynamics.centralForce_planarAngularMomentum_const' depends on axioms: [propext, Classical.choice, Quot.sound]
'MolecularDynamics.polarKinetic_identity' depends on axioms: [propext, Classical.choice, Quot.sound]
'MolecularDynamics.polarAngularMomentum_identity' depends on axioms: [propext, Classical.choice, Quot.sound]
'MolecularDynamics.keplerPolarLagrangian_identity' depends on axioms: [propext, Classical.choice, Quot.sound]
'MolecularDynamics.polarCoordinates_hasDerivAt_components' depends on axioms: [propext, Classical.choice, Quot.sound]
'MolecularDynamics.polarJacobian_det' depends on axioms: [propext, Classical.choice, Quot.sound]
'MolecularDynamics.polarJacobian_isUnit_iff' depends on axioms: [propext, Classical.choice, Quot.sound]
'MolecularDynamics.hasGradientAt_keplerPotential' depends on axioms: [propext, Classical.choice, Quot.sound]
'MolecularDynamics.keplerForce_eq_neg_gradient' depends on axioms: [propext, Classical.choice, Quot.sound]
'MolecularDynamics.keplerForce_contDiffAt' depends on axioms: [propext, Classical.choice, Quot.sound]
'MolecularDynamics.exists_kepler_localIVP' depends on axioms: [propext, Classical.choice, Quot.sound]
'MolecularDynamics.kepler_energy_const_on_Ioo' depends on axioms: [propext, Classical.choice, Quot.sound]
'MolecularDynamics.kepler_planarAngularMomentum_const_on_Ioo' depends on axioms: [propext, Classical.choice, Quot.sound]
'MolecularDynamics.hasStrictFDerivAt_polarCoordinateMap' depends on axioms: [propext, Classical.choice, Quot.sound]
'MolecularDynamics.exists_polarDerivativeEquiv' depends on axioms: [propext, Classical.choice, Quot.sound]
'MolecularDynamics.fderiv_polarCoordinateMap' depends on axioms: [propext, Classical.choice, Quot.sound]
'MolecularDynamics.exists_polarLocalChart_strictInverse' depends on axioms: [propext, Classical.choice, Quot.sound]
'MolecularDynamics.exists_polarLocalChart' depends on axioms: [propext, Classical.choice, Quot.sound]
'MolecularDynamics.keplerPolar_partial_v' depends on axioms: [propext, Classical.choice, Quot.sound]
'MolecularDynamics.keplerPolar_partial_ω' depends on axioms: [propext, Classical.choice, Quot.sound]
'MolecularDynamics.keplerPolar_partial_r' depends on axioms: [propext, Classical.choice, Quot.sound]
'MolecularDynamics.keplerPolar_partial_θ' depends on axioms: [propext, Classical.choice, Quot.sound]
'MolecularDynamics.keplerPolar_eulerLagrange_iff' depends on axioms: [propext, Classical.choice, Quot.sound]
'MolecularDynamics.keplerPolar_angular_const' depends on axioms: [propext, Classical.choice, Quot.sound]
'MolecularDynamics.keplerPolar_radial_reduction' depends on axioms: [propext, Classical.choice, Quot.sound]
'MolecularDynamics.keplerRadialEnergy_formula' depends on axioms: [propext, Classical.choice, Quot.sound]
'MolecularDynamics.keplerRadialEnergy_hasDerivAt_zero' depends on axioms: [propext, Classical.choice, Quot.sound]
'MolecularDynamics.keplerPolar_radialEnergy_const' depends on axioms: [propext, Classical.choice, Quot.sound]
'MolecularDynamics.keplerPolar_angle_integral' depends on axioms: [propext, Classical.choice, Quot.sound]
'MolecularDynamics.keplerPolar_radialEnergy_const_initialAngular' depends on axioms: [propext,
 Classical.choice,
 Quot.sound]
'MolecularDynamics.keplerPolar_energy_radial_identity' depends on axioms: [propext, Classical.choice, Quot.sound]
'MolecularDynamics.norm_polarCartesianPosition' depends on axioms: [propext, Classical.choice, Quot.sound]
'MolecularDynamics.polarCartesianState_angular' depends on axioms: [propext, Classical.choice, Quot.sound]
'MolecularDynamics.polarCartesianState_energy' depends on axioms: [propext, Classical.choice, Quot.sound]
'MolecularDynamics.hasDerivAt_planarPair' depends on axioms: [propext, Classical.choice, Quot.sound]
'MolecularDynamics.keplerPolar_angularVelocity_hasDerivAt' depends on axioms: [propext, Classical.choice, Quot.sound]
'MolecularDynamics.polarCartesianState_momentum_hasDerivAt' depends on axioms: [propext, Classical.choice, Quot.sound]
'MolecularDynamics.keplerPolarEL_to_cartesianMechanical' depends on axioms: [propext, Classical.choice, Quot.sound]
'MolecularDynamics.polarCartesianState_force' depends on axioms: [propext, Classical.choice, Quot.sound]
'MolecularDynamics.polarCartesianState_radialVelocity' depends on axioms: [propext, Classical.choice, Quot.sound]
'MolecularDynamics.cartesianMechanical_to_keplerPolarEL' depends on axioms: [propext, Classical.choice, Quot.sound]
'MolecularDynamics.keplerPolarEL_iff_cartesianMechanical' depends on axioms: [propext, Classical.choice, Quot.sound]
'MolecularDynamics.keplerReconstructedAngle_initial' depends on axioms: [propext, Classical.choice, Quot.sound]
'MolecularDynamics.keplerReconstructedAngle_hasDerivAt' depends on axioms: [propext, Classical.choice, Quot.sound]
'MolecularDynamics.keplerRadial_reconstruction_isEulerLagrange' depends on axioms: [propext,
 Classical.choice,
 Quot.sound]
'MolecularDynamics.keplerRadial_reconstruction_isMechanical' depends on axioms: [propext, Classical.choice, Quot.sound]
'MolecularDynamics.keplerRadialForce_contDiffAt' depends on axioms: [propext, Classical.choice, Quot.sound]
'MolecularDynamics.exists_keplerRadial_localIVP' depends on axioms: [propext, Classical.choice, Quot.sound]
'MolecularDynamics.exists_keplerRadial_reconstructed_localIVP' depends on axioms: [propext,
 Classical.choice,
 Quot.sound]
'MolecularDynamics.exists_polarCartesian_initialRepresentation' depends on axioms: [propext,
 Classical.choice,
 Quot.sound]
'MolecularDynamics.exists_kepler_localIVP_radialReconstruction' depends on axioms: [propext,
 Classical.choice,
 Quot.sound]
'MolecularDynamics.separableTimePrimitive_initial' depends on axioms: [propext, Classical.choice, Quot.sound]
'MolecularDynamics.separableTimePrimitive_hasStrictDerivAt' depends on axioms: [propext, Classical.choice, Quot.sound]
'MolecularDynamics.separableTimePrimitive_localInverse' depends on axioms: [propext, Classical.choice, Quot.sound]
'MolecularDynamics.separableTimePrimitive_along_solution' depends on axioms: [propext, Classical.choice, Quot.sound]
'MolecularDynamics.separableTimePrimitive_inverse_along_solution' depends on axioms: [propext,
 Classical.choice,
 Quot.sound]
'MolecularDynamics.keplerRadial_energy_speedSquare' depends on axioms: [propext, Classical.choice, Quot.sound]
'MolecularDynamics.keplerRadialBranchSpeed_eq_velocity' depends on axioms: [propext, Classical.choice, Quot.sound]
'MolecularDynamics.keplerRadialSpeedSquare_continuousAt' depends on axioms: [propext, Classical.choice, Quot.sound]
'MolecularDynamics.keplerRadialEnergy_const_on_Ioo' depends on axioms: [propext, Classical.choice, Quot.sound]
'MolecularDynamics.keplerRadial_signedQuadrature_inverse_on_branch' depends on axioms: [propext,
 Classical.choice,
 Quot.sound]
'MolecularDynamics.exists_keplerRadial_nonturning_window' depends on axioms: [propext, Classical.choice, Quot.sound]
'MolecularDynamics.keplerRadial_nonturning_signedQuadrature' depends on axioms: [propext, Classical.choice, Quot.sound]
'MolecularDynamics.keplerRadial_nonturning_quadrature' depends on axioms: [propext, Classical.choice, Quot.sound]
'MolecularDynamics.harmonicAction_time_formula' depends on axioms: [propext, Classical.choice, Quot.sound]
'MolecularDynamics.harmonicAction_harmonicFlow' depends on axioms: [propext, Classical.choice, Quot.sound]
'MolecularDynamics.harmonicActionAmplitude_pos' depends on axioms: [propext, Classical.choice, Quot.sound]
'MolecularDynamics.harmonicActionVelocity_formula' depends on axioms: [propext, Classical.choice, Quot.sound]
'MolecularDynamics.harmonicAction_energy' depends on axioms: [propext, Classical.choice, Quot.sound]
'MolecularDynamics.harmonicActionAmplitude_hasDerivAt' depends on axioms: [propext, Classical.choice, Quot.sound]
'MolecularDynamics.harmonicAction_hasDerivAt_components' depends on axioms: [propext, Classical.choice, Quot.sound]
'MolecularDynamics.harmonicAction_derivative_coefficients_iff' depends on axioms: [propext,
 Classical.choice,
 Quot.sound]
'MolecularDynamics.harmonicAction_ode_iff' depends on axioms: [propext, Classical.choice, Quot.sound]
'MolecularDynamics.harmonicAction_explicit_solution' depends on axioms: [propext, Classical.choice, Quot.sound]
'MolecularDynamics.exists_harmonicAction_representation' depends on axioms: [propext, Classical.choice, Quot.sound]
'MolecularDynamics.harmonicActionAmplitude_hasStrictDerivAt' depends on axioms: [propext, Classical.choice, Quot.sound]
'MolecularDynamics.harmonicActionJacobian_det' depends on axioms: [propext, Classical.choice, Quot.sound]
'MolecularDynamics.hasStrictFDerivAt_harmonicActionMap' depends on axioms: [propext, Classical.choice, Quot.sound]
'MolecularDynamics.fderiv_harmonicActionMap' depends on axioms: [propext, Classical.choice, Quot.sound]
'MolecularDynamics.exists_harmonicActionLocalChart' depends on axioms: [propext, Classical.choice, Quot.sound]
'MolecularDynamics.harmonicTorusPhase_rotation_coordinates' depends on axioms: [propext, Classical.choice, Quot.sound]
'MolecularDynamics.harmonicTorusPhase_rotation_isMechanical' depends on axioms: [propext, Classical.choice, Quot.sound]
'MolecularDynamics.harmonicTorusRotation_continuous' depends on axioms: [propext, Classical.choice, Quot.sound]
'MolecularDynamics.harmonicTorusRotation_add' depends on axioms: [propext, Classical.choice, Quot.sound]
'MolecularDynamics.harmonicTorusRotation_periodic_iff' depends on axioms: [propext, Classical.choice, Quot.sound]
'MolecularDynamics.harmonicTorusRotation_periodic_iff_integer' depends on axioms: [propext,
 Classical.choice,
 Quot.sound]
'MolecularDynamics.harmonicTorusRotation_integerFrequencies_periodic' depends on axioms: [propext,
 Classical.choice,
 Quot.sound]
'MolecularDynamics.harmonicTorusPhase_continuous' depends on axioms: [propext, Classical.choice, Quot.sound]
'MolecularDynamics.harmonicTorusPhase_realAngles' depends on axioms: [propext, Classical.choice, Quot.sound]
'MolecularDynamics.harmonicTorusPhase_energy' depends on axioms: [propext, Classical.choice, Quot.sound]
'MolecularDynamics.harmonicTorusPhase_image_fixedEnergy' depends on axioms: [propext, Classical.choice, Quot.sound]
'MolecularDynamics.harmonicTorusPhase_injective' depends on axioms: [propext, Classical.choice, Quot.sound]
'MolecularDynamics.harmonicTorusPhase_isClosedEmbedding' depends on axioms: [propext, Classical.choice, Quot.sound]
'MolecularDynamics.exists_harmonicTorusPhase_homeomorph' depends on axioms: [propext, Classical.choice, Quot.sound]
'MolecularDynamics.harmonicTorusThreeResonance_rotation' depends on axioms: [propext, Classical.choice, Quot.sound]
'MolecularDynamics.harmonicTorusRotation_three_resonant_not_dense' depends on axioms: [propext,
 Classical.choice,
 Quot.sound]
'MolecularDynamics.harmonicTorusRotation_two_dense_zero' depends on axioms: [propext, Classical.choice, Quot.sound]
'MolecularDynamics.harmonicTorusRotation_two_dense' depends on axioms: [propext, Classical.choice, Quot.sound]
'MolecularDynamics.harmonicTorusPhase_two_dense_fixedEnergy' depends on axioms: [propext, Classical.choice, Quot.sound]
'MolecularDynamics.harmonicTorusRotation_two_positivePeriod_iff_rational' depends on axioms: [propext,
 Classical.choice,
 Quot.sound]
'MolecularDynamics.harmonicTorusRotation_two_irrational_no_positivePeriod' depends on axioms: [propext,
 Classical.choice,
 Quot.sound]
'MolecularDynamics.harmonicTorusPhase_periodic_of_rotation_periodic' depends on axioms: [propext,
 Classical.choice,
 Quot.sound]
'MolecularDynamics.harmonicTorusPhase_periodic_iff_rotation_periodic' depends on axioms: [propext,
 Classical.choice,
 Quot.sound]
'MolecularDynamics.harmonicTorusPhase_two_positivePeriod_iff_rational' depends on axioms: [propext,
 Classical.choice,
 Quot.sound]
'MolecularDynamics.harmonicTorusPhase_two_irrational_no_positivePeriod' depends on axioms: [propext,
 Classical.choice,
 Quot.sound]