docs/verification/2026-10-06-BrownianSmallTimeEstimates/Draft.lean:171:6: error: Tactic `rewrite` failed: Did not find an occurrence of the pattern
  ∫ (x : ℝ) in 0..t, (textbookBrownianSDEDrift m U ∘ q) x - ?m.129
in the target expression
  textbookBrownianFrozenDriftError m U β x W q t =
    ∫ (s : ℝ) in 0..t, textbookBrownianSDEDrift m U (q s) - textbookBrownianSDEDrift m U x

Nc : ℕ
m : Fin Nc → ℝ
U : (Fin Nc → ℝ) → ℝ
hU : ContDiff ℝ ∞ U
hPU : textbookUnitPeriodicPotential U
β T : ℝ
x : Fin Nc → ℝ
W q : ℝ → Fin Nc → ℝ
hq : textbookBrownianIntegralSolution m U β T x W q
t : ℝ
ht : t ∈ Icc 0 T
hc : Continuous (textbookBrownianSDEDrift m U)
hq' : ContinuousOn q (Icc 0 t)
hi : IntervalIntegrable (textbookBrownianSDEDrift m U ∘ q) ℙ 0 t
⊢ textbookBrownianFrozenDriftError m U β x W q t =
    ∫ (s : ℝ) in 0..t, textbookBrownianSDEDrift m U (q s) - textbookBrownianSDEDrift m U x
