'MolecularDynamics.nBodyKineticEnergy_nonneg' depends on axioms: [propext, Classical.choice, Quot.sound]
'MolecularDynamics.unflatten_flatten' depends on axioms: [propext, Classical.choice, Quot.sound]
'MolecularDynamics.flatten_unflatten' depends on axioms: [propext, Classical.choice, Quot.sound]
'MolecularDynamics.coordinateMassesOfParticles_pos_iff' depends on axioms: [propext, Classical.choice, Quot.sound]
'MolecularDynamics.nBodyKineticEnergy_particle_eq' depends on axioms: [propext, Classical.choice, Quot.sound]
'MolecularDynamics.diagonalMassMatrix_posDef_iff' depends on axioms: [propext, Classical.choice, Quot.sound]
'MolecularDynamics.diagonalMassMatrix_inv_eq' depends on axioms: [propext, Classical.choice, Quot.sound]
'MolecularDynamics.diagonalMassMatrix_inv_mulVec' depends on axioms: [propext, Classical.choice, Quot.sound]
'MolecularDynamics.massOperator_velocityOperator' depends on axioms: [propext, Classical.choice, Quot.sound]
'MolecularDynamics.velocityOperator_massOperator' depends on axioms: [propext, Classical.choice, Quot.sound]
'MolecularDynamics.isMechanicalSolutionOn_iff_components' depends on axioms: [propext, Classical.choice, Quot.sound]
'MolecularDynamics.momentum_eq_mass_deriv_position' depends on axioms: [propext, Classical.choice, Quot.sound]
'MolecularDynamics.hasDerivAt_deriv_position' depends on axioms: [propext, Classical.choice, Quot.sound]
'MolecularDynamics.solution_nBodyEquationAt' depends on axioms: [propext, Classical.choice, Quot.sound]
'MolecularDynamics.solution_nBodyEquationAt_of_differentiable' depends on axioms: [propext,
 Classical.choice,
 Quot.sound]
'MolecularDynamics.solution_hasGradientAt_potential' depends on axioms: [propext, Classical.choice, Quot.sound]
'MolecularDynamics.newtonTrajectory_to_mechanicalSolution' depends on axioms: [propext, Classical.choice, Quot.sound]
'MolecularDynamics.freeParticle_localIVP' depends on axioms: [propext, Classical.choice, Quot.sound]
'MolecularDynamics.IsLocalMechanicalIVP.initial_mem' depends on axioms: [propext, Classical.choice, Quot.sound]
'MolecularDynamics.strictOn_iff_punctured' depends on axioms: [propext, Classical.choice, Quot.sound]
'MolecularDynamics.strictUniv_iff' depends on axioms: [propext, Classical.choice, Quot.sound]
'MolecularDynamics.strictOn_isLocalMinOn' depends on axioms: [propext, Classical.choice, Quot.sound]
'MolecularDynamics.compact_positive_gap' depends on axioms: [propext, Classical.choice, Quot.sound]
'MolecularDynamics.fixed_sphere_barrier' depends on axioms: [propext, Classical.choice, Quot.sound]
'MolecularDynamics.open_domain_barrier' depends on axioms: [propext, Classical.choice, Quot.sound]
'MolecularDynamics.energy_excludes_sphere' depends on axioms: [propext, Classical.choice, Quot.sound]
'MolecularDynamics.energy_below_barrier_excludes_sphere' depends on axioms: [propext, Classical.choice, Quot.sound]
'MolecularDynamics.conserved_trajectory_stays_in_ball' depends on axioms: [propext, Classical.choice, Quot.sound]
'MolecularDynamics.conserved_trajectory_below_barrier_stays_in_ball' depends on axioms: [propext,
 Classical.choice,
 Quot.sound]
'MolecularDynamics.conserved_trajectory_center_below_barrier_stays_in_ball' depends on axioms: [propext,
 Classical.choice,
 Quot.sound]
'MolecularDynamics.open_domain_energy_confinement' depends on axioms: [propext, Classical.choice, Quot.sound]
'MolecularDynamics.zero_dimensional_sphere_empty' depends on axioms: [propext, Classical.choice, Quot.sound]
'MolecularDynamics.zero_dimensional_barrier' depends on axioms: [propext, Classical.choice, Quot.sound]
'MolecularDynamics.zero_dimensional_strict_min' depends on axioms: [propext, Classical.choice, Quot.sound]
'MolecularDynamics.singleton_relative_strict' depends on axioms: [propext, Classical.choice, Quot.sound]
'MolecularDynamics.singleton_sphere_not_subset' depends on axioms: [propext, Classical.choice, Quot.sound]
'MolecularDynamics.quartic_strict_min' depends on axioms: [propext, Classical.choice, Quot.sound]
'MolecularDynamics.quartic_sphere_barrier' depends on axioms: [propext, Classical.choice, Quot.sound]
'MolecularDynamics.constant_local_min' depends on axioms: [propext, Classical.choice, Quot.sound]
'MolecularDynamics.constant_not_strict' depends on axioms: [propext, Classical.choice, Quot.sound]
'MolecularDynamics.endpoint_strict_radius' depends on axioms: [propext, Classical.choice, Quot.sound]
'MolecularDynamics.endpoint_potential_continuous' depends on axioms: [propext, Classical.choice, Quot.sound]
'MolecularDynamics.endpoint_no_barrier' depends on axioms: [propext, Classical.choice, Quot.sound]
'MolecularDynamics.quartic_potential_continuous' depends on axioms: [propext, Classical.choice, Quot.sound]
Dependency audit passed for 128 imported project declarations; allowed: [propext, Classical.choice, Quot.sound].