 M FORMALIZATION_PLAN.md
 M MolecularDynamicsFormalization.lean
 M STATUS.md
 M docs/handoff/CURRENT_STATE.zh-CN.md
 M docs/handoff/WORK_LOG.zh-CN.md
 M docs/tasks/T2_implementation/RESULT.zh-CN.md
 M docs/verification/2026-10-03-T2-first-batch/RESULT.zh-CN.md
 M scripts/CheckAxioms.lean
?? MolecularDynamics/Chapter01/PotentialBarriers.lean
?? docs/handoff/PROGRESS_OVERVIEW.zh-CN.md
?? docs/reviews/
?? docs/tasks/T1_mathcopilot_return_git/
?? docs/tasks/T2_API_CHECK.zh-CN.md
?? docs/tasks/T2_INPUTS_AND_ACCEPTANCE.zh-CN.md
?? docs/tasks/T2_MATHCOPILOT_PROMPT.zh-CN.md
?? docs/tasks/T2_SPEC.zh-CN.md
?? docs/tasks/T2_START_PROMPT.zh-CN.md
?? docs/tasks/T2_mathcopilot_statement_return/
?? docs/tasks/T3_API_CHECK.zh-CN.md
?? docs/tasks/T3_INPUTS_AND_ACCEPTANCE.zh-CN.md
?? docs/tasks/T3_MATHCOPILOT_PROMPT.zh-CN.md
?? docs/tasks/T3_SPEC.zh-CN.md
?? docs/tasks/T3_implementation/
?? docs/tasks/T5_API_CHECK.zh-CN.md
?? docs/tasks/T5_INPUTS_AND_ACCEPTANCE.zh-CN.md
?? docs/tasks/T5_MATHCOPILOT_PROMPT.zh-CN.md
?? docs/tasks/T5_SPEC.zh-CN.md
?? docs/tasks/T5_implementation/
?? docs/verification/2026-10-03-T2-L0/
?? docs/verification/2026-10-03-T2-first-batch/REMOTE_CHECK_LOG_EXCERPT.txt
?? docs/verification/2026-10-03-T2-first-batch/REMOTE_CI_RESULT.json
?? docs/verification/2026-10-03-T5-first-batch/