docs/verification/2026-10-07-LangevinTimeLawKernel/Draft.lean:161:6: error: Type mismatch: After simplification, term
  Real.toNNReal_add hs τ.property
 has type
  (s + ↑τ).toNNReal = s.toNNReal + (↑τ).toNNReal
but is expected to have type
  (s + ↑τ).toNNReal = s.toNNReal + τ
docs/verification/2026-10-07-LangevinTimeLawKernel/Draft.lean:167:4: error: Type mismatch: After simplification, term
  HasDerivAt.sub hshiftDeriv (HasStrictDerivAt.hasDerivAt (Continuous.integral_hasStrictDerivAt hgr 0 t))
 has type
  @HasDerivAt ℝ DenselyNormedField.toNontriviallyNormedField ℝ Real.normedAddCommGroup.toAddCommGroup
    RCLike.toInnerProductSpaceReal.toModule PseudoMetricSpace.toUniformSpace.toTopologicalSpace ⋯
    ((fun x => ∫ (x : ℝ) in 0..x + ↑τ, gr x) - fun u => ∫ (x : ℝ) in 0..u, gr x) (gr (t + ↑τ) - gr t) t
but is expected to have type
  @HasDerivAt ℝ DenselyNormedField.toNontriviallyNormedField ℝ Real.instAddCommGroup Semiring.toModule
    PseudoMetricSpace.toUniformSpace.toTopologicalSpace ⋯ F (gr (t + ↑τ) - gr t) t
docs/verification/2026-10-07-LangevinTimeLawKernel/Draft.lean:182:6: error: Type mismatch: After simplification, term
  Real.toNNReal_add hs0 T.property
 has type
  (s + ↑T).toNNReal = s.toNNReal + (↑T).toNNReal
but is expected to have type
  (s + ↑T).toNNReal = s.toNNReal + T
docs/verification/2026-10-07-LangevinTimeLawKernel/Draft.lean:186:65: error: unsolved goals
τ T : ℝ≥0
g : ℝ≥0 → ℝ
hg : Continuous g
hper : Function.Periodic g τ
gr : ℝ → ℝ := fun s => g s.toNNReal
hgr : Continuous gr
hperiod : ∀ (s : ℝ), 0 ≤ s → gr (s + ↑τ) = gr s
F : ℝ → ℝ := fun t => (∫ (s : ℝ) in 0..t + ↑τ, gr s) - ∫ (s : ℝ) in 0..t, gr s
hd : ∀ (t : ℝ), HasDerivAt F (gr (t + ↑τ) - gr t) t
hcont : Continuous F
hzero : ∀ t ∈ Ico 0 ↑T, HasDerivWithinAt F 0 (Ici t) t
he : F ↑T = F 0
hshift : ∫ (s : ℝ) in 0..↑τ, g (s.toNNReal + T) = ∫ (s : ℝ) in 0..↑τ, gr (s + ↑T)
⊢ ∫ (s : ℝ) in ↑T + 0..↑τ + ↑T, gr s = ∫ (s : ℝ) in ↑T..↑τ + ↑T, gr s
docs/verification/2026-10-07-LangevinTimeLawKernel/Draft.lean:189:17: warning: This simp argument is unused:
  zero_add

Hint: Omit it from the simp argument list.
  [apply] simp only [add_comm]

Note: This linter can be disabled with `set_option linter.unusedSimpArgs false`
