 M ASSUMPTIONS.md
 M FORMALIZATION_MAP.md
 M FORMALIZATION_PLAN.md
 M MolecularDynamicsFormalization.lean
 M STATUS.md
 M Scratch.lean
 M docs/handoff/CURRENT_STATE.zh-CN.md
 M docs/handoff/WORK_LOG.zh-CN.md
 M docs/reviews/2026-10-03-T2-T5-proofs/WEBSITE_STATUS.json
 M scripts/CheckAxioms.lean
?? MolecularDynamics/Chapter01/Hamiltonian.lean
?? docs/reviews/2026-10-02-T1-T2/
?? docs/tasks/T1_mathcopilot_return_git/
?? docs/tasks/T2_API_CHECK.zh-CN.md
?? docs/tasks/T2_INPUTS_AND_ACCEPTANCE.zh-CN.md
?? docs/tasks/T2_MATHCOPILOT_PROMPT.zh-CN.md
?? docs/tasks/T2_SPEC.zh-CN.md
?? docs/tasks/T2_START_PROMPT.zh-CN.md
?? docs/tasks/T2_mathcopilot_statement_return/
?? docs/tasks/T3_API_CHECK.zh-CN.md
?? docs/tasks/T3_INPUTS_AND_ACCEPTANCE.zh-CN.md
?? docs/tasks/T3_MATHCOPILOT_PROMPT.zh-CN.md
?? docs/tasks/T3_SPEC.zh-CN.md
?? docs/tasks/T3_implementation/
?? docs/tasks/T5_API_CHECK.zh-CN.md
?? docs/tasks/T5_INPUTS_AND_ACCEPTANCE.zh-CN.md
?? docs/tasks/T5_MATHCOPILOT_PROMPT.zh-CN.md
?? docs/tasks/T5_SPEC.zh-CN.md
?? docs/verification/2026-10-03-T2-L0/
?? docs/verification/2026-10-03-T3-first-batch/