docs/verification/2026-10-06-BrownianDynkinFormula/Draft.lean:154:8: error: Tactic `rewrite` failed: Did not find an occurrence of the pattern
  (textbookBrownianTorusProbabilityOperator m hm U hU hPU β hβ B P hB h.toNNReal)
    ((textbookBrownianTorusProbabilityOperator m hm U hU hPU β hβ B P hB s) F)
in the target expression
  (⇑(textbookBrownianTorusProbabilityOperator m hm U hU hPU β hβ B P hB s) ∘ fun t =>
        t⁻¹ •
          ((textbookBrownianTorusProbabilityOperator m hm U hU hPU β hβ B P hB t.toNNReal)
              (textbookConfigurationContinuousObservable f ⋯ hpf) -
            textbookConfigurationContinuousObservable f ⋯ hpf))
      h =
    (fun h =>
        h⁻¹ •
          ((textbookBrownianTorusProbabilityOperator m hm U hU hPU β hβ B P hB h.toNNReal)
              ((textbookBrownianTorusProbabilityOperator m hm U hU hPU β hβ B P hB s)
                (textbookConfigurationContinuousObservable f ⋯ hpf)) -
            (textbookBrownianTorusProbabilityOperator m hm U hU hPU β hβ B P hB s)
              (textbookConfigurationContinuousObservable f ⋯ hpf)))
      h

Nc : ℕ
m : Fin Nc → ℝ
hm : ∀ (i : Fin Nc), 0 < m i
U : (Fin Nc → ℝ) → ℝ
hU : ContDiff ℝ ∞ U
hPU : textbookUnitPeriodicPotential U
β : ℝ
hβ : 0 < β
Ω : Type u_1
inst✝ : MeasurableSpace Ω
B : ℝ≥0 → Ω → Fin Nc → ℝ
P : Measure Ω
hB : textbookIsWienerVector B P
f : (Fin Nc → ℝ) → ℝ
hf : ContDiff ℝ ∞ f
hpf : textbookUnitPeriodicPotential f
s : ℝ≥0
F : C(UnitAddTorus (Fin Nc), ℝ) := textbookConfigurationContinuousObservable f ⋯ hpf
hcomm :
  ∀ (h : ℝ≥0),
    (textbookBrownianTorusProbabilityOperator m hm U hU hPU β hβ B P hB h)
        ((textbookBrownianTorusProbabilityOperator m hm U hU hPU β hβ B P hB s) F) =
      (textbookBrownianTorusProbabilityOperator m hm U hU hPU β hβ B P hB s)
        ((textbookBrownianTorusProbabilityOperator m hm U hU hPU β hβ B P hB h) F)
hh :
  Tendsto
    (⇑(textbookBrownianTorusProbabilityOperator m hm U hU hPU β hβ B P hB s) ∘ fun t =>
      t⁻¹ •
        ((textbookBrownianTorusProbabilityOperator m hm U hU hPU β hβ B P hB t.toNNReal)
            (textbookConfigurationContinuousObservable f ⋯ hpf) -
          textbookConfigurationContinuousObservable f ⋯ hpf))
    (𝓝[>] 0)
    (𝓝
      ((textbookBrownianTorusProbabilityOperator m hm U hU hPU β hβ B P hB s)
        (textbookBrownianContinuousGeneratorImage m U hU hPU β f hf hpf)))
h : ℝ
⊢ (⇑(textbookBrownianTorusProbabilityOperator m hm U hU hPU β hβ B P hB s) ∘ fun t =>
        t⁻¹ •
          ((textbookBrownianTorusProbabilityOperator m hm U hU hPU β hβ B P hB t.toNNReal)
              (textbookConfigurationContinuousObservable f ⋯ hpf) -
            textbookConfigurationContinuousObservable f ⋯ hpf))
      h =
    (fun h =>
        h⁻¹ •
          ((textbookBrownianTorusProbabilityOperator m hm U hU hPU β hβ B P hB h.toNNReal)
              ((textbookBrownianTorusProbabilityOperator m hm U hU hPU β hβ B P hB s)
                (textbookConfigurationContinuousObservable f ⋯ hpf)) -
            (textbookBrownianTorusProbabilityOperator m hm U hU hPU β hβ B P hB s)
              (textbookConfigurationContinuousObservable f ⋯ hpf)))
      h
