docs/verification/2026-10-04-T4-continuation/probes/EuclideanStabilityProbe.lean:36:50: error: `dsimp` made no progress
docs/verification/2026-10-04-T4-continuation/probes/EuclideanStabilityProbe.lean:21:53: error: unsolved goals
n : ℕ
m : CoordinateMasses n
F : Force n
Q : Set (Position n)
zstar : PhaseSpace n
hstable : IsFutureMechanicalStable m F Q zstar
ε : ℝ
hε : ε > 0
δ : ℝ
hδ : δ > 0
hbound :
  ∀ (z₀ : PhaseSpace n),
    dist z₀ zstar < δ →
      (∃ a < 0, ∃ γ, IsMechanicalSolutionOn m F Q (Ioi a) γ ∧ γ 0 = z₀) ∧
        ∀ a < 0,
          ∀ (γ : ℝ → PhaseSpace n),
            IsMechanicalSolutionOn m F Q (Ioi a) γ →
              γ 0 = z₀ → BddAbove (range fun t => dist (γ ↑t) zstar) ∧ sSup (range fun t => dist (γ ↑t) zstar) < ε / 2
z₀ : PhaseSpace n
hz₀ : phaseEuclideanDistance z₀ zstar < δ
hexists : ∃ a < 0, ∃ γ, IsMechanicalSolutionOn m F Q (Ioi a) γ ∧ γ 0 = z₀
hforall :
  ∀ a < 0,
    ∀ (γ : ℝ → PhaseSpace n),
      IsMechanicalSolutionOn m F Q (Ioi a) γ →
        γ 0 = z₀ → BddAbove (range fun t => dist (γ ↑t) zstar) ∧ sSup (range fun t => dist (γ ↑t) zstar) < ε / 2
a : ℝ
ha : a < 0
γ : ℝ → PhaseSpace n
hγ : IsMechanicalSolutionOn m F Q (Ioi a) γ
hinit : γ 0 = z₀
hbounded : BddAbove (range fun t => dist (γ ↑t) zstar)
hsup : sSup (range fun t => dist (γ ↑t) zstar) < ε / 2
D : Set ℝ := range fun t => dist (γ ↑t) zstar
hpoint : ∀ (t : ↑(Ici 0)), phaseEuclideanDistance (γ ↑t) zstar ≤ 2 * sSup D
⊢ BddAbove (range fun t => phaseEuclideanDistance (γ ↑t) zstar) ∧
    sSup (range fun t => phaseEuclideanDistance (γ ↑t) zstar) < ε
'MolecularDynamics.IsFutureMechanicalStable.euclidean' depends on axioms: [propext,
 sorryAx,
 Classical.choice,
 Quot.sound]
'MolecularDynamics.strictPotentialMin_futureStableEuclidean_of_potential_contDiffAt_two' depends on axioms: [propext,
 sorryAx,
 Classical.choice,
 Quot.sound]
