 M AGENTS.md
 M ASSUMPTIONS.md
 M FORMALIZATION_MAP.md
 M FORMALIZATION_PLAN.md
 M MolecularDynamicsFormalization.lean
 M STATUS.md
 M Scratch.lean
 M docs/NOTATION_INVENTORY.csv
 M docs/WHOLE_BOOK_ROADMAP.zh-CN.md
 M docs/audits/2026-10-01-initial/CLAIM_LEDGER.csv
 M docs/handoff/CURRENT_STATE.zh-CN.md
 M docs/handoff/PROGRESS_OVERVIEW.zh-CN.md
 M docs/handoff/RESUME_PROMPT.zh-CN.md
 M docs/handoff/WORK_LOG.zh-CN.md
 M docs/tasks/T3_implementation/continuation-20261003/CONTINUATION_STATUS.json
 M docs/tasks/T3_implementation/continuation-20261003/MATHCOPILOT_STATUS.json
 M scripts/CheckAxioms.lean
?? MolecularDynamics/Chapter06/LangevinCanonicalHilbertGraph.lean
?? docs/CHAPTER01_TASK_OVERVIEW.zh-CN.md
?? docs/CORE_SCOPE.zh-CN.md
?? docs/handoff/T2_HEARTBEAT_STATUS.json
?? docs/handoff/THREAD_HANDOFF_20261005.json
?? docs/handoff/archive/
?? docs/reviews/2026-10-02-T1-T2/
?? docs/reviews/2026-10-03-T2-T5-proofs/SENT_REQUEST.png
?? docs/reviews/2026-10-04-T2-T5-local/
?? docs/reviews/2026-10-07-LangevinCanonicalHilbertGraph/
?? docs/tasks/LOCAL_LONG_RUN_20261004/
?? docs/tasks/T1_mathcopilot_return_git/
?? docs/tasks/T2_API_CHECK.zh-CN.md
?? docs/tasks/T2_INPUTS_AND_ACCEPTANCE.zh-CN.md
?? docs/tasks/T2_MATHCOPILOT_PROMPT.zh-CN.md
?? docs/tasks/T2_SPEC.zh-CN.md
?? docs/tasks/T2_START_PROMPT.zh-CN.md
?? docs/tasks/T2_mathcopilot_statement_return/
?? docs/tasks/T3_API_CHECK.zh-CN.md
?? docs/tasks/T3_INPUTS_AND_ACCEPTANCE.zh-CN.md
?? docs/tasks/T3_MATHCOPILOT_PROMPT.zh-CN.md
?? docs/tasks/T3_SPEC.zh-CN.md
?? docs/tasks/T3_implementation/continuation-20261003/MATHCOPILOT_STOPPED_TASK_CONTEXT.txt
?? docs/tasks/T4_continuation_20261003/
?? docs/tasks/T5_API_CHECK.zh-CN.md
?? docs/tasks/T5_INPUTS_AND_ACCEPTANCE.zh-CN.md
?? docs/tasks/T5_MATHCOPILOT_PROMPT.zh-CN.md
?? docs/tasks/T5_SPEC.zh-CN.md
?? docs/verification/2026-10-03-T2-L0/
?? docs/verification/2026-10-03-T4-fifth-batch/REMOTE_CI_RESULT.json
?? docs/verification/2026-10-05-BrownianDirichlet/ApiProbe.lean
?? docs/verification/2026-10-05-CanonicalIntegrationByParts/ApiProbe.lean
?? docs/verification/2026-10-05-CanonicalTemperature/ApiProbe.lean
?? docs/verification/2026-10-05-LangevinCompletedHistory/ApiProbe.lean
?? docs/verification/2026-10-05-LangevinCompletedMarkov/ApiProbe.lean
?? docs/verification/2026-10-05-LangevinFiltration/ApiProbe.lean
?? docs/verification/2026-10-05-StationaryDensityFlow/HaarApiProbe.lean
?? docs/verification/2026-10-06-BrownianC2ClosedOperator/Draft.lean
?? docs/verification/2026-10-06-BrownianC2DynkinFormula/Draft.lean
?? docs/verification/2026-10-06-BrownianC2Expectation/Draft.lean
?? docs/verification/2026-10-06-BrownianC2Generator/Draft.lean
?? docs/verification/2026-10-06-BrownianC2ObservableTaylor/Draft.lean
?? docs/verification/2026-10-06-BrownianClosedOperator/ApiProbe.lean
?? docs/verification/2026-10-06-BrownianComplexKernel/ApiProbe.lean
?? docs/verification/2026-10-06-BrownianComplexKernel/Draft.lean
?? docs/verification/2026-10-06-BrownianContinuousHaarDensity/Draft.lean
?? docs/verification/2026-10-06-BrownianDrivenExistence/ApiProbe.lean
?? docs/verification/2026-10-06-BrownianDrivenExistence/Draft.lean
?? docs/verification/2026-10-06-BrownianDynkinFormula/Draft.lean
?? docs/verification/2026-10-06-BrownianEigenDiscreteness/ApiProbe.lean
?? docs/verification/2026-10-06-BrownianEigenDiscreteness/ApiProbe2.lean
?? docs/verification/2026-10-06-BrownianEigenDiscreteness/ApiProbe3.lean
?? docs/verification/2026-10-06-BrownianEigenDiscreteness/ApiProbe4.lean
?? docs/verification/2026-10-06-BrownianEigenDiscreteness/Draft.lean
?? docs/verification/2026-10-06-BrownianEigenEnumeration/ApiProbe.lean
?? docs/verification/2026-10-06-BrownianEigenEnumeration/ApiProbe2.lean
?? docs/verification/2026-10-06-BrownianEigenEnumeration/ApiProbe3.lean
?? docs/verification/2026-10-06-BrownianEigenEnumeration/ApiProbe4.lean
?? docs/verification/2026-10-06-BrownianEigenEnumeration/Draft.lean
?? docs/verification/2026-10-06-BrownianEigenGraph/ApiProbe.lean
?? docs/verification/2026-10-06-BrownianEigenGraph/Draft.lean
?? docs/verification/2026-10-06-BrownianEigenGraph/NEXT_EIGEN_GRAPH.zh-CN.md
?? docs/verification/2026-10-06-BrownianEigenNormalization/ApiProbe.lean
?? docs/verification/2026-10-06-BrownianEigenNormalization/ApiProbe2.lean
?? docs/verification/2026-10-06-BrownianEigenNormalization/Draft.lean
?? docs/verification/2026-10-06-BrownianEigenNormalization/NEXT_NORMALIZATION.zh-CN.md
?? docs/verification/2026-10-06-BrownianEigenOrdering/ApiProbe.lean
?? docs/verification/2026-10-06-BrownianEigenOrdering/ApiProbe2.lean
?? docs/verification/2026-10-06-BrownianEigenOrdering/ApiProbe3.lean
?? docs/verification/2026-10-06-BrownianEigenOrdering/Draft.lean
?? docs/verification/2026-10-06-BrownianExpectationEstimates/Draft.lean
?? docs/verification/2026-10-06-BrownianFellerContinuity/Draft.lean
?? docs/verification/2026-10-06-BrownianFirstVariation/Draft.lean
?? docs/verification/2026-10-06-BrownianFourierCoefficient/ApiProbe.lean
?? docs/verification/2026-10-06-BrownianFourierCompact/ApiProbe.lean
?? docs/verification/2026-10-06-BrownianFourierCompact/Draft.lean
?? docs/verification/2026-10-06-BrownianFourierCompact/NEXT_COMPACT.zh-CN.md
?? docs/verification/2026-10-06-BrownianFourierDifferential/ApiProbe.lean
?? docs/verification/2026-10-06-BrownianFourierHilbert/Draft.lean
?? docs/verification/2026-10-06-BrownianFourthMomentEstimates/Draft.lean
?? docs/verification/2026-10-06-BrownianFourthMomentEstimates/NEXT_FOURTH_MOMENT.zh-CN.md
?? docs/verification/2026-10-06-BrownianGeneratorExpectation/Draft.lean
?? docs/verification/2026-10-06-BrownianGeneratorRealSpectrum/ApiProbe.lean
?? docs/verification/2026-10-06-BrownianGeneratorRealSpectrum/ApiProbe2.lean
?? docs/verification/2026-10-06-BrownianGeneratorRealSpectrum/Draft.lean
?? docs/verification/2026-10-06-BrownianGeneratorRealSpectrum/NEXT_GENERATOR_SPECTRUM.zh-CN.md
?? docs/verification/2026-10-06-BrownianGibbsComplexOperator/ApiProbe.lean
?? docs/verification/2026-10-06-BrownianGibbsComplexOperator/Draft.lean
?? docs/verification/2026-10-06-BrownianGibbsComplexResolvent/ApiProbe.lean
?? docs/verification/2026-10-06-BrownianGibbsComplexResolvent/Draft.lean
?? docs/verification/2026-10-06-BrownianGibbsComplexResolvent/NEXT_COMPLEX_RESOLVENT.zh-CN.md
?? docs/verification/2026-10-06-BrownianGibbsComplexSpectrum/ApiProbe.lean
?? docs/verification/2026-10-06-BrownianGibbsComplexSpectrum/Draft.lean
?? docs/verification/2026-10-06-BrownianGibbsComplexification/ApiProbe.lean
?? docs/verification/2026-10-06-BrownianGibbsComplexification/ApiProbe2.lean
?? docs/verification/2026-10-06-BrownianGibbsComplexification/Draft.lean
?? docs/verification/2026-10-06-BrownianGibbsResolvent/ApiProbe.lean
?? docs/verification/2026-10-06-BrownianGibbsResolvent/Draft.lean
?? docs/verification/2026-10-06-BrownianGibbsResolvent/NEXT_GIBBS_RESOLVENT.zh-CN.md
?? docs/verification/2026-10-06-BrownianGraphCompact/Draft.lean
?? docs/verification/2026-10-06-BrownianGroundState/ApiProbe.lean
?? docs/verification/2026-10-06-BrownianGroundState/Draft.lean
?? docs/verification/2026-10-06-BrownianGroundStateCore/Draft.lean
?? docs/verification/2026-10-06-BrownianGroundStateGraph/ApiProbe.lean
?? docs/verification/2026-10-06-BrownianGroundStateGraph/Draft.lean
?? docs/verification/2026-10-06-BrownianGroundStateIsometry/ApiProbe.lean
?? docs/verification/2026-10-06-BrownianGroundStateIsometry/Draft.lean
?? docs/verification/2026-10-06-BrownianHilbertCore/ApiProbe.lean
?? docs/verification/2026-10-06-BrownianL1DensityLaw/Draft.lean
?? docs/verification/2026-10-06-BrownianL1L2Compatibility/Draft.lean
?? docs/verification/2026-10-06-BrownianL1ProbabilitySemigroup/Draft.lean
?? docs/verification/2026-10-06-BrownianMarkovModel/Draft.lean
?? docs/verification/2026-10-06-BrownianMarkovModel/NEXT_TORUS.zh-CN.md
?? docs/verification/2026-10-06-BrownianMassFourier/ApiProbe.lean
?? docs/verification/2026-10-06-BrownianMassResolvent/Draft.lean
?? docs/verification/2026-10-06-BrownianMassResolvent/NEXT_MASS_RESOLVENT.zh-CN.md
?? docs/verification/2026-10-06-BrownianMassSelfAdjoint/Draft.lean
?? docs/verification/2026-10-06-BrownianObservableTaylor/Draft.lean
?? docs/verification/2026-10-06-BrownianPathSolution/Draft.lean
?? docs/verification/2026-10-06-BrownianPotentialOperator/Draft.lean
?? docs/verification/2026-10-06-BrownianPotentialSelfAdjoint/Draft.lean
?? docs/verification/2026-10-06-BrownianProbabilityDensityAverage/Draft.lean
?? docs/verification/2026-10-06-BrownianProbabilityGibbsImage/Draft.lean
?? docs/verification/2026-10-06-BrownianProbabilityGibbsInvariance/Draft.lean
?? docs/verification/2026-10-06-BrownianProbabilitySpectralIdentification/Draft.lean
?? docs/verification/2026-10-06-BrownianRandomModel/Draft.lean
?? docs/verification/2026-10-06-BrownianResolventRealSpectrum/ApiProbe.lean
?? docs/verification/2026-10-06-BrownianResolventRealSpectrum/Draft.lean
?? docs/verification/2026-10-06-BrownianResolventRealSpectrum/NEXT_REAL_SPECTRUM.zh-CN.md
?? docs/verification/2026-10-06-BrownianResolventSpectrum/ApiProbe.lean
?? docs/verification/2026-10-06-BrownianResolventSpectrum/Draft.lean
?? docs/verification/2026-10-06-BrownianResolventSpectrum/NEXT_SPECTRUM.zh-CN.md
?? docs/verification/2026-10-06-BrownianSDECoefficients/ApiProbe.lean
?? docs/verification/2026-10-06-BrownianSDECoefficients/ApiProbe2.lean
?? docs/verification/2026-10-06-BrownianSDECoefficients/Draft.lean
?? docs/verification/2026-10-06-BrownianSecondMomentEstimates/Draft.lean
?? docs/verification/2026-10-06-BrownianSecondMomentEstimates/NEXT_SECOND_MOMENT.zh-CN.md
?? docs/verification/2026-10-06-BrownianSecondVariation/Draft.lean
?? docs/verification/2026-10-06-BrownianSmallTimeEstimates/Draft.lean
?? docs/verification/2026-10-06-BrownianSmallTimeEstimates/NEXT_EXPECTATION.zh-CN.md
?? docs/verification/2026-10-06-BrownianSmoothDomain/ApiProbe.lean
?? docs/verification/2026-10-06-BrownianSpectralAverage/ApiProbe.lean
?? docs/verification/2026-10-06-BrownianSpectralAverage/ApiProbe2.lean
?? docs/verification/2026-10-06-BrownianSpectralAverage/Draft.lean
?? docs/verification/2026-10-06-BrownianSpectralDecay/Draft.lean
?? docs/verification/2026-10-06-BrownianSpectralDecay/NEXT_DECAY.zh-CN.md
?? docs/verification/2026-10-06-BrownianSpectralDensityLaw/Draft.lean
?? docs/verification/2026-10-06-BrownianSpectralEvolution/ApiProbe.lean
?? docs/verification/2026-10-06-BrownianSpectralEvolution/Draft.lean
?? docs/verification/2026-10-06-BrownianSpectralEvolution/NEXT_EVOLUTION.zh-CN.md
?? docs/verification/2026-10-06-BrownianSpectralGenerator/ApiProbe.lean
?? docs/verification/2026-10-06-BrownianSpectralGenerator/Draft.lean
?? docs/verification/2026-10-06-BrownianSpectralGenerator/NEXT_GENERATOR.zh-CN.md
?? docs/verification/2026-10-06-BrownianTorusGibbs/ApiProbe.lean
?? docs/verification/2026-10-06-BrownianTorusModel/ApiProbe.lean
?? docs/verification/2026-10-06-BrownianTorusModel/Draft.lean
?? docs/verification/2026-10-06-BrownianTransitionSemigroup/Draft.lean
?? docs/verification/2026-10-06-BrownianUniformGenerator/Draft.lean
?? docs/verification/2026-10-06-BrownianVariance/ApiProbe.lean
?? docs/verification/2026-10-06-LangevinDensityMinorization/Draft.lean
?? docs/verification/2026-10-06-LangevinMomentumVariation/Draft.lean
?? docs/verification/2026-10-06-LangevinNoiseMoments/Draft.lean
?? docs/verification/2026-10-06-LangevinWeakFeller/Draft.lean
?? docs/verification/2026-10-07-LangevinC0ConservedObservable/Draft.lean
?? docs/verification/2026-10-07-LangevinC0ConservedObservable/local01.exit
?? docs/verification/2026-10-07-LangevinC0ConservedObservable/local02.exit
?? docs/verification/2026-10-07-LangevinC0ConservedObservable/local03.exit
?? docs/verification/2026-10-07-LangevinC0GeneratorGraph/Draft.lean
?? docs/verification/2026-10-07-LangevinC0GeneratorGraph/local01.exit
?? docs/verification/2026-10-07-LangevinC0GeneratorGraph/local02.exit
?? docs/verification/2026-10-07-LangevinC0GeneratorGraph/local03.exit
?? docs/verification/2026-10-07-LangevinC0GeneratorGraph/local04.exit
?? docs/verification/2026-10-07-LangevinC0GeneratorGraph/local05.exit
?? docs/verification/2026-10-07-LangevinC0GeneratorGraph/local06.exit
?? docs/verification/2026-10-07-LangevinC0GeneratorGraph/local07.exit
?? docs/verification/2026-10-07-LangevinC0GeneratorGraph/local08.exit
?? docs/verification/2026-10-07-LangevinC0Preservation/Draft.lean
?? docs/verification/2026-10-07-LangevinC0Preservation/local01.exit
?? docs/verification/2026-10-07-LangevinC0Preservation/local02.exit
?? docs/verification/2026-10-07-LangevinC0Preservation/local03.exit
?? docs/verification/2026-10-07-LangevinC0Preservation/local04.exit
?? docs/verification/2026-10-07-LangevinC0Preservation/local05.exit
?? docs/verification/2026-10-07-LangevinC0StrongContinuity/Draft.lean
?? docs/verification/2026-10-07-LangevinC0StrongContinuity/local01.exit
?? docs/verification/2026-10-07-LangevinC0StrongContinuity/local02.exit
?? docs/verification/2026-10-07-LangevinC0StrongContinuity/local03.exit
?? docs/verification/2026-10-07-LangevinC0StrongContinuity/local04.exit
?? docs/verification/2026-10-07-LangevinC0StrongContinuity/local05.exit
?? docs/verification/2026-10-07-LangevinC0StrongContinuity/local06.exit
?? docs/verification/2026-10-07-LangevinC0StrongContinuity/local07.exit
?? docs/verification/2026-10-07-LangevinC0StrongContinuity/local08.exit
?? docs/verification/2026-10-07-LangevinC0StrongContinuity/local09.exit
?? docs/verification/2026-10-07-LangevinC2ExpectationDomination/Draft.lean
?? docs/verification/2026-10-07-LangevinC2ExpectationDomination/local01.exit
?? docs/verification/2026-10-07-LangevinC2ExpectationDomination/local02.exit
?? docs/verification/2026-10-07-LangevinC2ExpectationDomination/local03.exit
?? docs/verification/2026-10-07-LangevinC2ExpectationDomination/local04.exit
?? docs/verification/2026-10-07-LangevinC2ExpectationDomination/local05.exit
?? docs/verification/2026-10-07-LangevinC2ExpectationDomination/local06.exit
?? docs/verification/2026-10-07-LangevinC2Generator/Draft.lean
?? docs/verification/2026-10-07-LangevinC2Generator/local01.exit
?? docs/verification/2026-10-07-LangevinC2Generator/local02.exit
?? docs/verification/2026-10-07-LangevinC2Generator/local03.exit
?? docs/verification/2026-10-07-LangevinC2Generator/local04.exit
?? docs/verification/2026-10-07-LangevinC2KernelGenerator/Draft.lean
?? docs/verification/2026-10-07-LangevinC2KernelGenerator/local01.exit
?? docs/verification/2026-10-07-LangevinC2ObservableTaylor/Draft.lean
?? docs/verification/2026-10-07-LangevinC2ObservableTaylor/local01.exit
?? docs/verification/2026-10-07-LangevinC2ObservableTaylor/local02.exit
?? docs/verification/2026-10-07-LangevinC2OperatorSupport/Draft.lean
?? docs/verification/2026-10-07-LangevinC2OperatorSupport/local01.exit
?? docs/verification/2026-10-07-LangevinC2OperatorSupport/local02.exit
?? docs/verification/2026-10-07-LangevinCanonicalConjugation/Draft.lean
?? docs/verification/2026-10-07-LangevinCanonicalConjugation/local01.exit
?? docs/verification/2026-10-07-LangevinCanonicalConjugation/local02.exit
?? docs/verification/2026-10-07-LangevinCanonicalConjugation/local03.exit
?? docs/verification/2026-10-07-LangevinCanonicalEnergy/Draft.lean
?? docs/verification/2026-10-07-LangevinCanonicalEnergy/local01.exit
?? docs/verification/2026-10-07-LangevinCanonicalEnergy/local02.exit
?? docs/verification/2026-10-07-LangevinCanonicalEnergy/local03.exit
?? docs/verification/2026-10-07-LangevinCanonicalEnergy/local04.exit
?? docs/verification/2026-10-07-LangevinCanonicalEnergy/local05.exit
?? docs/verification/2026-10-07-LangevinCanonicalHilbertGraph/
?? docs/verification/2026-10-07-LangevinCanonicalMeasure/Draft-full01.lean
?? docs/verification/2026-10-07-LangevinCanonicalMeasure/Draft.lean
?? docs/verification/2026-10-07-LangevinCanonicalMeasure/local01.exit
?? docs/verification/2026-10-07-LangevinCanonicalMeasure/local02.exit
?? docs/verification/2026-10-07-LangevinCanonicalMeasure/local03.exit
?? docs/verification/2026-10-07-LangevinCanonicalMeasure/local04.exit
?? docs/verification/2026-10-07-LangevinCanonicalMomentumIBP/Draft.lean
?? docs/verification/2026-10-07-LangevinCanonicalMomentumIBP/local01.exit
?? docs/verification/2026-10-07-LangevinCanonicalMomentumIBP/local02.exit
?? docs/verification/2026-10-07-LangevinCanonicalMomentumIBP/local03.exit
?? docs/verification/2026-10-07-LangevinCanonicalPartition/Draft.lean
?? docs/verification/2026-10-07-LangevinCanonicalPartition/local01.exit
?? docs/verification/2026-10-07-LangevinCanonicalPartition/local02.exit
?? docs/verification/2026-10-07-LangevinCanonicalPositionIBP/Draft.lean
?? docs/verification/2026-10-07-LangevinCanonicalPositionIBP/local01.exit
?? docs/verification/2026-10-07-LangevinCanonicalPositionIBP/local02.exit
?? docs/verification/2026-10-07-LangevinCanonicalPositionIBP/local03.exit
?? docs/verification/2026-10-07-LangevinCanonicalSmoothDensity/Draft.lean
?? docs/verification/2026-10-07-LangevinCanonicalSmoothDensity/local01.exit
?? docs/verification/2026-10-07-LangevinCanonicalSmoothDensity/local02.exit
?? docs/verification/2026-10-07-LangevinCanonicalWeakBalance/Draft.lean
?? docs/verification/2026-10-07-LangevinCanonicalWeakBalance/local01.exit
?? docs/verification/2026-10-07-LangevinCanonicalWeakBalance/local02.exit
?? docs/verification/2026-10-07-LangevinCanonicalWeakBalance/local03.exit
?? docs/verification/2026-10-07-LangevinCanonicalWeakBalance/local04.exit
?? docs/verification/2026-10-07-LangevinCanonicalWeakBalance/local05.exit
?? docs/verification/2026-10-07-LangevinCanonicalWeakBalance/local06.exit
?? docs/verification/2026-10-07-LangevinCanonicalWeakBalance/local07.exit
?? docs/verification/2026-10-07-LangevinCanonicalWeightedAdjoint/Draft.lean
?? docs/verification/2026-10-07-LangevinCanonicalWeightedAdjoint/local01.exit
?? docs/verification/2026-10-07-LangevinCanonicalWeightedAdjoint/local02.exit
?? docs/verification/2026-10-07-LangevinCanonicalWeightedAdjoint/local03.exit
?? docs/verification/2026-10-07-LangevinCanonicalWeightedAdjoint/local04.exit
?? docs/verification/2026-10-07-LangevinCanonicalWeightedAdjoint/local05.exit
?? docs/verification/2026-10-07-LangevinCesaroInvariant/Draft.lean
?? docs/verification/2026-10-07-LangevinCesaroLaw/Draft.lean
?? docs/verification/2026-10-07-LangevinCompactC2Domain/Draft.lean
?? docs/verification/2026-10-07-LangevinCompactC2Domain/local01.exit
?? docs/verification/2026-10-07-LangevinCompactC2Domain/local02.exit
?? docs/verification/2026-10-07-LangevinCompactC2Domain/local03.exit
?? docs/verification/2026-10-07-LangevinCompactC2Generator/Draft.lean
?? docs/verification/2026-10-07-LangevinCompactC2Generator/local01.exit
?? docs/verification/2026-10-07-LangevinCompactC2Generator/local02.exit
?? docs/verification/2026-10-07-LangevinDensityTimeZero/Draft.lean
?? docs/verification/2026-10-07-LangevinDensityTimeZero/local01.exit
?? docs/verification/2026-10-07-LangevinDensityTimeZero/local02.exit
?? docs/verification/2026-10-07-LangevinDensityTimeZero/local03.exit
?? docs/verification/2026-10-07-LangevinDensityTimeZero/local04.exit
?? docs/verification/2026-10-07-LangevinDensityTimeZero/local05.exit
?? docs/verification/2026-10-07-LangevinDensityTimeZero/local06.exit
?? docs/verification/2026-10-07-LangevinDensityTimeZero/local07.exit
?? docs/verification/2026-10-07-LangevinDensityTimeZero/local08.exit
?? docs/verification/2026-10-07-LangevinFourthMoments/Draft.lean
?? docs/verification/2026-10-07-LangevinFourthMoments/local01.exit
?? docs/verification/2026-10-07-LangevinFourthMoments/local02.exit
?? docs/verification/2026-10-07-LangevinFourthMoments/local03.exit
?? docs/verification/2026-10-07-LangevinFourthMoments/local04.exit
?? docs/verification/2026-10-07-LangevinFourthMoments/local05.exit
?? docs/verification/2026-10-07-LangevinGeneratorOrbit/Draft.lean
?? docs/verification/2026-10-07-LangevinGeneratorOrbit/local01.exit
?? docs/verification/2026-10-07-LangevinGibbsStationaryExpression/Draft.lean
?? docs/verification/2026-10-07-LangevinGibbsStationaryExpression/local01.exit
?? docs/verification/2026-10-07-LangevinGibbsStationaryExpression/local02.exit
?? docs/verification/2026-10-07-LangevinGibbsStationaryExpression/local03.exit
?? docs/verification/2026-10-07-LangevinHamiltonianDrift/Draft.lean
?? docs/verification/2026-10-07-LangevinHamiltonianExpectedDrift/Draft.lean
?? docs/verification/2026-10-07-LangevinHamiltonianExpectedDrift/local01.exit
?? docs/verification/2026-10-07-LangevinHamiltonianExpectedDrift/local02.exit
?? docs/verification/2026-10-07-LangevinHamiltonianExpectedDrift/local03.exit
?? docs/verification/2026-10-07-LangevinHamiltonianExpectedDrift/local04.exit
?? docs/verification/2026-10-07-LangevinHamiltonianExpectedDrift/local05.exit
?? docs/verification/2026-10-07-LangevinHamiltonianExpectedDrift/local06.exit
?? docs/verification/2026-10-07-LangevinHamiltonianIncrementMoments/Draft.lean
?? docs/verification/2026-10-07-LangevinHamiltonianIncrementMoments/local01.exit
?? docs/verification/2026-10-07-LangevinHamiltonianIncrementMoments/local02.exit
?? docs/verification/2026-10-07-LangevinHamiltonianIncrementMoments/local03.exit
?? docs/verification/2026-10-07-LangevinHamiltonianIncrementVariance/Draft.lean
?? docs/verification/2026-10-07-LangevinHamiltonianIncrementVariance/local01.exit
?? docs/verification/2026-10-07-LangevinHamiltonianIncrementVariance/local02.exit
?? docs/verification/2026-10-07-LangevinHamiltonianIncrementVariance/local03.exit
?? docs/verification/2026-10-07-LangevinHamiltonianIncrementVariance/local04.exit
?? docs/verification/2026-10-07-LangevinHamiltonianPowerDrift/Draft.lean
?? docs/verification/2026-10-07-LangevinHamiltonianPowerExpectedDrift/Draft.lean
?? docs/verification/2026-10-07-LangevinHamiltonianPowerExpectedDrift/local01.exit
?? docs/verification/2026-10-07-LangevinHamiltonianPowerExpectedDrift/local02.exit
?? docs/verification/2026-10-07-LangevinHamiltonianPowerExpectedDrift/local03.exit
?? docs/verification/2026-10-07-LangevinHamiltonianPowerKernelGenerator/Draft.lean
?? docs/verification/2026-10-07-LangevinHamiltonianPowerKernelGenerator/local01.exit
?? docs/verification/2026-10-07-LangevinHarrisAllTime/Draft.lean
?? docs/verification/2026-10-07-LangevinHarrisAllTime/local01.exit
?? docs/verification/2026-10-07-LangevinHarrisAllTime/local02.exit
?? docs/verification/2026-10-07-LangevinHarrisOscillation/Draft.lean
?? docs/verification/2026-10-07-LangevinHarrisSkeleton/Draft.lean
?? docs/verification/2026-10-07-LangevinHigherIncrementMoments/Draft.lean
?? docs/verification/2026-10-07-LangevinHigherIncrementMoments/local01.exit
?? docs/verification/2026-10-07-LangevinHigherIncrementMoments/local02.exit
?? docs/verification/2026-10-07-LangevinHigherIncrementMoments/local03.exit
?? docs/verification/2026-10-07-LangevinHigherIncrementMoments/local04.exit
?? docs/verification/2026-10-07-LangevinInvariantMoments/Draft.lean
?? docs/verification/2026-10-07-LangevinMomentumFirstMean/Draft.lean
?? docs/verification/2026-10-07-LangevinMomentumFirstMean/local01.exit
?? docs/verification/2026-10-07-LangevinMomentumFirstMean/local02.exit
?? docs/verification/2026-10-07-LangevinMomentumFirstMean/local03.exit
?? docs/verification/2026-10-07-LangevinNoiseHigherMoments/Draft.lean
?? docs/verification/2026-10-07-LangevinPositiveTimeDensity/Draft.lean
?? docs/verification/2026-10-07-LangevinPositiveTimeDensity/local01.exit
?? docs/verification/2026-10-07-LangevinPositiveTimeDensity/local02.exit
?? docs/verification/2026-10-07-LangevinPositiveTimeHarris/Draft.lean
?? docs/verification/2026-10-07-LangevinPositiveTimeHarris/local01.exit
?? docs/verification/2026-10-07-LangevinPotentialNormalization/Draft.lean
?? docs/verification/2026-10-07-LangevinSkeletonInputs/Draft.lean
?? docs/verification/2026-10-07-LangevinSkeletonMoments/Draft.lean
?? docs/verification/2026-10-07-LangevinSmallTimeGrowth/Draft.lean
?? docs/verification/2026-10-07-LangevinSmallTimeGrowth/local01.exit
?? docs/verification/2026-10-07-LangevinSmallTimeGrowth/local02.exit
?? docs/verification/2026-10-07-LangevinSmallTimeGrowth/local03.exit
?? docs/verification/2026-10-07-LangevinSmallTimeGrowth/local04.exit
?? docs/verification/2026-10-07-LangevinSmallTimeGrowth/local05.exit
?? docs/verification/2026-10-07-LangevinSmallTimeMomentum/Draft.lean
?? docs/verification/2026-10-07-LangevinSmallTimeMomentum/local01.exit
?? docs/verification/2026-10-07-LangevinSmallTimeMomentum/local02.exit
?? docs/verification/2026-10-07-LangevinSmallTimeMomentum/local03.exit
?? docs/verification/2026-10-07-LangevinSmallTimeMomentum/local04.exit
?? docs/verification/2026-10-07-LangevinSmallTimeMomentum/local05.exit
?? docs/verification/2026-10-07-LangevinSmallTimeMomentum/local06.exit
?? docs/verification/2026-10-07-LangevinSmallTimePosition/Draft.lean
?? docs/verification/2026-10-07-LangevinSmallTimePosition/local01.exit
?? docs/verification/2026-10-07-LangevinSmallTimePosition/local02.exit
?? docs/verification/2026-10-07-LangevinSmallTimePosition/local03.exit
?? docs/verification/2026-10-07-LangevinSmallTimePosition/local04.exit
?? docs/verification/2026-10-07-LangevinSmallTimePosition/local05.exit
?? docs/verification/2026-10-07-LangevinTaylorMomentControl/Draft.lean
?? docs/verification/2026-10-07-LangevinTaylorMomentControl/local01.exit
?? docs/verification/2026-10-07-LangevinTimeLawKernel/Draft.lean
?? docs/verification/2026-10-07-LangevinUniformMoments/Draft.lean
?? docs/verification/2026-10-07-LangevinUniformMoments/local01.exit
?? docs/verification/2026-10-07-LangevinUniformMoments/local02.exit
?? docs/verification/2026-10-07-LangevinUniformMoments/local03.exit
?? docs/verification/2026-10-07-LangevinWeakGeneratorBalance/Draft.lean
?? docs/verification/2026-10-07-LangevinWeakGeneratorBalance/local01.exit
?? docs/verification/2026-10-07-LangevinWeakGeneratorBalance/local02.exit
?? docs/verification/2026-10-07-LangevinWeakGeneratorBalance/local03.exit
?? docs/verification/2026-10-07-LangevinWeakGeneratorBalance/local04.exit
?? docs/verification/2026-10-07-LangevinWeakGeneratorBalance/local05.exit