docs/verification/2026-10-06-BrownianFourierCompact/Draft.lean:30:2: error: Type mismatch: After simplification, term
  one_div_le_one_div_of_le
    (Mathlib.Meta.NormNum.isNat_lt_true (Mathlib.Meta.NormNum.isNat_ofNat ℝ Nat.cast_zero)
      (Mathlib.Meta.NormNum.isNat_ofNat ℝ Nat.cast_one) (Eq.refl false))
    (have this :=
      le_of_not_gt fun a =>
        Mathlib.Tactic.Linarith.lt_irrefl
          (Eq.mp
            (congrArg (fun _a => _a < 0)
              (Mathlib.Tactic.Ring.of_eq
                (Mathlib.Tactic.Ring.Common.add_congr
                  (Mathlib.Tactic.Ring.Common.sub_congr
                    (Mathlib.Tactic.Ring.cast_zero (Mathlib.Meta.NormNum.isNat_ofNat ℝ Nat.cast_zero))
                    (Mathlib.Tactic.Ring.Common.atom_pf (textbookMassFourierFrequency m β n) rfl
                      (Eq.mpr
                        (id
                          (congrArg
                            (fun _a =>
                              textbookMassFourierFrequency m β n ^ Nat.rawCast 1 * Nat.rawCast 1 =
                                textbookMassFourierFrequency m β n ^ Nat.rawCast 1 * _a)
                            (Eq.symm rfl)))
                        (Eq.refl (textbookMassFourierFrequency m β n ^ Nat.rawCast 1 * Nat.rawCast 1))))
                    (Mathlib.Tactic.Ring.Common.sub_pf
                      (Mathlib.Tactic.Ring.Common.neg_add
                        (Mathlib.Tactic.Ring.Common.neg_mul (textbookMassFourierFrequency m β n) (Nat.rawCast 1)
                          (Mathlib.Meta.NormNum.IsInt.to_raw_eq
                            (Mathlib.Meta.NormNum.isInt_neg (Eq.refl Neg.neg)
                              (Mathlib.Meta.NormNum.IsNat.to_isInt (Mathlib.Meta.NormNum.IsNat.of_raw ℝ 1))
                              (Eq.refl (Int.negOfNat 1)))))
                        Mathlib.Tactic.Ring.Common.neg_zero)
                      (Mathlib.Tactic.Ring.Common.add_pf_zero_add
                        (textbookMassFourierFrequency m β n ^ Nat.rawCast 1 * (Int.negOfNat 1).rawCast + 0))))
                  (Mathlib.Tactic.Ring.Common.sub_congr
                    (Mathlib.Tactic.Ring.Common.add_congr
                      (Mathlib.Tactic.Ring.cast_pos (Mathlib.Meta.NormNum.isNat_ofNat ℝ Nat.cast_one))
                      (Mathlib.Tactic.Ring.Common.atom_pf (textbookMassFourierFrequency m β n) rfl
                        (Eq.mpr
                          (id
                            (congrArg
                              (fun _a =>
                                textbookMassFourierFrequency m β n ^ Nat.rawCast 1 * Nat.rawCast 1 =
                                  textbookMassFourierFrequency m β n ^ Nat.rawCast 1 * _a)
                              (Eq.symm rfl)))
                          (Eq.refl (textbookMassFourierFrequency m β n ^ Nat.rawCast 1 * Nat.rawCast 1))))
                      (Mathlib.Tactic.Ring.Common.add_pf_add_lt (Nat.rawCast 1)
                        (Mathlib.Tactic.Ring.Common.add_pf_zero_add
                          (textbookMassFourierFrequency m β n ^ Nat.rawCast 1 * Nat.rawCast 1 + 0))))
                    (Mathlib.Tactic.Ring.cast_pos (Mathlib.Meta.NormNum.isNat_ofNat ℝ Nat.cast_one))
                    (Mathlib.Tactic.Ring.Common.sub_pf
                      (Mathlib.Tactic.Ring.Common.neg_add
                        (Mathlib.Meta.NormNum.IsInt.to_raw_eq
                          (Mathlib.Meta.NormNum.isInt_neg (Eq.refl Neg.neg)
                            (Mathlib.Meta.NormNum.IsNat.to_isInt (Mathlib.Meta.NormNum.IsNat.of_raw ℝ 1))
                            (Eq.refl (Int.negOfNat 1))))
                        Mathlib.Tactic.Ring.Common.neg_zero)
                      (Mathlib.Tactic.Ring.Common.add_pf_add_overlap_zero
                        (Mathlib.Meta.NormNum.IsInt.to_isNat
                          (Mathlib.Meta.NormNum.isInt_add (Eq.refl HAdd.hAdd)
                            (Mathlib.Meta.NormNum.IsNat.to_isInt (Mathlib.Meta.NormNum.IsNat.of_raw ℝ 1))
                            (Mathlib.Meta.NormNum.IsInt.of_raw ℝ (Int.negOfNat 1)) (Eq.refl (Int.ofNat 0))))
                        (Mathlib.Tactic.Ring.Common.add_pf_add_zero
                          (textbookMassFourierFrequency m β n ^ Nat.rawCast 1 * Nat.rawCast 1 + 0)))))
                  (Mathlib.Tactic.Ring.Common.add_pf_add_overlap_zero
                    (Mathlib.Tactic.Ring.Common.add_overlap_pf_zero (textbookMassFourierFrequency m β n) (Nat.rawCast 1)
                      (Mathlib.Meta.NormNum.IsInt.to_isNat
                        (Mathlib.Meta.NormNum.isInt_add (Eq.refl HAdd.hAdd)
                          (Mathlib.Meta.NormNum.IsInt.of_raw ℝ (Int.negOfNat 1))
                          (Mathlib.Meta.NormNum.IsNat.to_isInt (Mathlib.Meta.NormNum.IsNat.of_raw ℝ 1))
                          (Eq.refl (Int.ofNat 0)))))
                    (Mathlib.Tactic.Ring.Common.add_pf_zero_add 0)))
                (Mathlib.Tactic.Ring.cast_zero (Mathlib.Meta.NormNum.isNat_ofNat ℝ Nat.cast_zero))))
            (Mathlib.Tactic.Linarith.add_lt_of_le_of_neg (Mathlib.Tactic.Linarith.sub_nonpos_of_le h)
              (Mathlib.Tactic.Linarith.sub_neg_of_lt a)));
    this)
 has type
  @LE.le ℝ Real.partialOrder.toLE (1 + textbookMassFourierFrequency m β n)⁻¹ 1
but is expected to have type
  @LE.le ℝ Real.instLE (textbookMassFourierInverseWeight m β n) 1
docs/verification/2026-10-06-BrownianFourierCompact/Draft.lean:74:6: error: Type mismatch: After simplification, term
  h
 has type
  @LE.le ℝ Real.instLE ‖⟨fun n => ↑(textbookMassFourierInverseWeight m β n) * ↑a n, ⋯⟩‖ ‖a‖
but is expected to have type
  @LE.le ℝ Real.instLE
    ‖{ toFun := fun a => ⟨fun n => ↑(textbookMassFourierInverseWeight m β n) * ↑a n, ⋯⟩, map_add' := ⋯, map_smul' := ⋯ }
        a‖
    ‖a‖
