docs/verification/2026-10-06-BrownianFourierCompact/Draft.lean:109:2: error: 'change' tactic failed, pattern
  ↑(∑ i ∈ s, ↑(textbookMassFourierInverseWeight m β i) • lp.single 2 i (↑a i)) n = ?m.50
is not definitionally equal to target
  ↑((textbookMassFourierCoefficientFinite m β s) a) n =
    if n ∈ s then ↑(textbookMassFourierInverseWeight m β n) * ↑a n else 0
docs/verification/2026-10-06-BrownianFourierCompact/Draft.lean:160:2: error: unsolved goals
case pos
Nc : ℕ
m : Fin Nc → ℝ
hm : ∀ (i : Fin Nc), 0 < m i
β : ℝ
hβ : 0 < β
s : Finset (Fin Nc → ℤ)
ε : ℝ
hε : 0 ≤ ε
hs : ∀ n ∉ s, textbookMassFourierInverseWeight m β n ≤ ε
a : ↥(lp (fun x => ℂ) 2)
n : Fin Nc → ℤ
hn : n ∈ s
⊢ 0 ≤ |ε| * ‖↑a n‖
docs/verification/2026-10-06-BrownianFourierCompact/Draft.lean:161:8: warning: `if_neg` has been deprecated: Use `ite_eq_right` instead
