docs/verification/2026-10-06-BrownianFourierCompact/Draft.lean:109:51: warning: `ContinuousLinearMap.sum_apply` has been deprecated: Use `sum_apply` instead

Note: The updated constant is in a different namespace. Dot notation may need to be changed (e.g., from `x.sum_apply` to `sum_apply x`).
docs/verification/2026-10-06-BrownianFourierCompact/Draft.lean:110:4: warning: `ContinuousLinearMap.smul_apply` has been deprecated: Use `smul_apply` instead

Note: The updated constant is in a different namespace. Dot notation may need to be changed (e.g., from `x.smul_apply` to `smul_apply x`).
docs/verification/2026-10-06-BrownianFourierCompact/Draft.lean:120:4: error: unsolved goals
case pos.h₀
Nc : ℕ
m : Fin Nc → ℝ
β : ℝ
s : Finset (Fin Nc → ℤ)
a : ↥(lp (fun x => ℂ) 2)
n : Fin Nc → ℤ
hn : n ∈ s
i : Fin Nc → ℤ
a✝ : i ∈ s
hin : i ≠ n
⊢ textbookMassFourierInverseWeight m β i = 0 ∨ Pi.single i (↑a i) n = 0
docs/verification/2026-10-06-BrownianFourierCompact/Draft.lean:123:2: error: unsolved goals
case neg
Nc : ℕ
m : Fin Nc → ℝ
β : ℝ
s : Finset (Fin Nc → ℤ)
a : ↥(lp (fun x => ℂ) 2)
n : Fin Nc → ℤ
hn : n ∉ s
i : Fin Nc → ℤ
hi : i ∈ s
hin : n ≠ i
⊢ textbookMassFourierInverseWeight m β i = 0 ∨ Pi.single i (↑a i) n = 0
docs/verification/2026-10-06-BrownianFourierCompact/Draft.lean:121:12: warning: This simp argument is unused:
  Pi.single_eq_of_ne' hin.symm

Hint: Omit it from the simp argument list.
  [apply] simp

Note: This linter can be disabled with `set_option linter.unusedSimpArgs false`
docs/verification/2026-10-06-BrownianFourierCompact/Draft.lean:127:10: warning: This simp argument is unused:
  Pi.single_eq_of_ne' hin

Hint: Omit it from the simp argument list.
  [apply] simp

Note: This linter can be disabled with `set_option linter.unusedSimpArgs false`
