docs/verification/2026-10-06-BrownianGeneratorExpectation/Draft.lean:16:53: error: unsolved goals
Nc : ℕ
E : Type u_1
inst✝¹ : NormedAddCommGroup E
inst✝ : NormedSpace ℝ E
L : (Fin Nc → ℝ) →L[ℝ] E
v : Fin Nc → ℝ
j : Fin Nc
⊢ v j = ∑ x, v x * Pi.single x 1 j
docs/verification/2026-10-06-BrownianGeneratorExpectation/Draft.lean:37:42: error: unsolved goals
Nc : ℕ
f : (Fin Nc → ℝ) → ℝ
hf : ContDiff ℝ ∞ f
x : Fin Nc → ℝ
i j : Fin Nc
⊢ ¬?m.82 = ω
docs/verification/2026-10-06-BrownianGeneratorExpectation/Draft.lean:37:68: error: unsolved goals
Nc : ℕ
f : (Fin Nc → ℝ) → ℝ
hf : ContDiff ℝ ∞ f
x : Fin Nc → ℝ
i j : Fin Nc
⊢ ¬?m.82 = 0
docs/verification/2026-10-06-BrownianGeneratorExpectation/Draft.lean:35:65: error: unsolved goals
Nc : ℕ
f : (Fin Nc → ℝ) → ℝ
hf : ContDiff ℝ ∞ f
x : Fin Nc → ℝ
i j : Fin Nc
⊢ ℕ∞ω
docs/verification/2026-10-06-BrownianGeneratorExpectation/Draft.lean:162:10: error: Tactic `rewrite` failed: Did not find an occurrence of the pattern
  ∫ (a : Ω), ((fun a => (fderiv ℝ f x) (X a)) + fun x => ?m.651 * Q x) a + R a ∂P
in the target expression
  ∫ (sample : Ω), (fderiv ℝ f x) (X sample) + 2⁻¹ * Q sample + R sample ∂P =
    (fderiv ℝ f x) (∫ (sample : Ω), textbookBrownianGlobalRandomConfiguration m hm U hU hPU β hβ x B t sample - x ∂P) +
        2⁻¹ *
          ∑ i,
            ∑ j,
              textbookConfigurationPartial (textbookConfigurationPartial f j) i x *
                ∫ (sample : Ω),
                  (textbookBrownianGlobalRandomConfiguration m hm U hU hPU β hβ x B t sample - x) i *
                    (textbookBrownianGlobalRandomConfiguration m hm U hU hPU β hβ x B t sample - x) j ∂P +
      ∫ (sample : Ω), textbookBrownianGlobalObservableTaylorRemainder m hm U hU hPU β hβ B f x t sample ∂P

Nc : ℕ
m : Fin Nc → ℝ
hm : ∀ (i : Fin Nc), 0 < m i
U : (Fin Nc → ℝ) → ℝ
hU : ContDiff ℝ ∞ U
hPU : textbookUnitPeriodicPotential U
β : ℝ
hβ : 0 < β
Ω : Type u_1
inst✝ : MeasurableSpace Ω
B : ℝ≥0 → Ω → Fin Nc → ℝ
P : Measure Ω
hB : textbookIsWienerVector B P
f : (Fin Nc → ℝ) → ℝ
hf : ContDiff ℝ ∞ f
hpf : textbookUnitPeriodicPotential f
x : Fin Nc → ℝ
t : ℝ
ht : 0 ≤ t
this : IsProbabilityMeasure P
X : Ω → Fin Nc → ℝ := fun sample => textbookBrownianGlobalRandomConfiguration m hm U hU hPU β hβ x B t sample - x
H : Fin Nc → Fin Nc → ℝ := fun i j => textbookConfigurationPartial (textbookConfigurationPartial f j) i x
Q : Ω → ℝ := fun sample => ∑ i, ∑ j, H i j * (X sample i * X sample j)
R : Ω → ℝ := textbookBrownianGlobalObservableTaylorRemainder m hm U hU hPU β hβ B f x t
hiX : Integrable X P
hiL : Integrable (fun a => (fderiv ℝ f x) (X a)) P
hiQ : Integrable Q P
hiR : Integrable R P
hiF : Integrable (fun sample => f (textbookBrownianGlobalRandomConfiguration m hm U hU hPU β hβ x B t sample)) P
hiTerm : ∀ (i j : Fin Nc), Integrable (fun sample => H i j * (X sample i * X sample j)) P
he :
  ∀ (sample : Ω),
    f (textbookBrownianGlobalRandomConfiguration m hm U hU hPU β hβ x B t sample) - f x =
      (fderiv ℝ f x) (X sample) + 2⁻¹ * Q sample + R sample
hQint : ∫ (sample : Ω), Q sample ∂P = ∑ i, ∑ j, H i j * ∫ (sample : Ω), X sample i * X sample j ∂P
⊢ ∫ (sample : Ω), (fderiv ℝ f x) (X sample) + 2⁻¹ * Q sample + R sample ∂P =
    (fderiv ℝ f x) (∫ (sample : Ω), textbookBrownianGlobalRandomConfiguration m hm U hU hPU β hβ x B t sample - x ∂P) +
        2⁻¹ *
          ∑ i,
            ∑ j,
              textbookConfigurationPartial (textbookConfigurationPartial f j) i x *
                ∫ (sample : Ω),
                  (textbookBrownianGlobalRandomConfiguration m hm U hU hPU β hβ x B t sample - x) i *
                    (textbookBrownianGlobalRandomConfiguration m hm U hU hPU β hβ x B t sample - x) j ∂P +
      ∫ (sample : Ω), textbookBrownianGlobalObservableTaylorRemainder m hm U hU hPU β hβ B f x t sample ∂P
docs/verification/2026-10-06-BrownianGeneratorExpectation/Draft.lean:176:4: error: Type mismatch: After simplification, term
  Tendsto.comp (Continuous.tendsto (ContinuousLinearMap.continuous (fderiv ℝ f x)) (textbookBrownianSDEDrift m U x))
    (textbookBrownianGlobalRandomConfiguration_increment_mean_div_tendsto m hm U hU hPU β hβ B P hB x)
 has type
  Tendsto
    (⇑(fderiv ℝ f x) ∘ fun t =>
      t⁻¹ • ∫ (sample : Ω), textbookBrownianGlobalRandomConfiguration m hm U hU hPU β hβ x B t sample - x ∂P)
    (𝓝[>] 0) (𝓝 ((fderiv ℝ f x) (textbookBrownianSDEDrift m U x)))
but is expected to have type
  Tendsto
    (fun t =>
      t⁻¹ *
        (fderiv ℝ f x)
          (∫ (sample : Ω), textbookBrownianGlobalRandomConfiguration m hm U hU hPU β hβ x B t sample - x ∂P))
    (𝓝[>] 0) (𝓝 ((fderiv ℝ f x) (textbookBrownianSDEDrift m U x)))
docs/verification/2026-10-06-BrownianGeneratorExpectation/Draft.lean:194:38: warning: This simp argument is unused:
  mul_left_comm

Hint: Omit it from the simp argument list.
  [apply] simp [mul_ite, pow_two, mul_comm]

Note: This linter can be disabled with `set_option linter.unusedSimpArgs false`
