docs/verification/2026-10-07-LangevinHamiltonianPowerExpectedDrift/Draft.lean:98:46: warning: This simp argument is unused:
  mul_left_comm

Hint: Omit it from the simp argument list.
  [apply] simp [Nat.choose_one_right, mul_comm, mul_assoc]

Note: This linter can be disabled with `set_option linter.unusedSimpArgs false`
docs/verification/2026-10-07-LangevinHamiltonianPowerExpectedDrift/Draft.lean:98:61: warning: This simp argument is unused:
  mul_assoc

Hint: Omit it from the simp argument list.
  [apply] simp [Nat.choose_one_right, mul_comm, mul_left_comm]

Note: This linter can be disabled with `set_option linter.unusedSimpArgs false`
docs/verification/2026-10-07-LangevinHamiltonianPowerExpectedDrift/Draft.lean:101:26: warning: This simp argument is unused:
  mul_left_comm

Hint: Omit it from the simp argument list.
  [apply] simp [mul_comm, mul_assoc]

Note: This linter can be disabled with `set_option linter.unusedSimpArgs false`
docs/verification/2026-10-07-LangevinHamiltonianPowerExpectedDrift/Draft.lean:101:41: warning: This simp argument is unused:
  mul_assoc

Hint: Omit it from the simp argument list.
  [apply] simp [mul_comm, mul_left_comm]

Note: This linter can be disabled with `set_option linter.unusedSimpArgs false`
docs/verification/2026-10-07-LangevinHamiltonianPowerExpectedDrift/Draft.lean:104:26: warning: This simp argument is unused:
  hj1

Hint: Omit it from the simp argument list.
  [apply] simp [hk0, hk1, hj2]

Note: This linter can be disabled with `set_option linter.unusedSimpArgs false`
Try this:
  [apply] ring_nf
  
  The `ring` tactic failed to close the goal. Use `ring_nf` to obtain a normal form.
    
  Note that `ring` works primarily in *commutative* rings. If you have a noncommutative ring, abelian group or module, consider using `noncomm_ring`, `abel` or `module` instead.
Try this:
  [apply] ring_nf
  
  The `ring` tactic failed to close the goal. Use `ring_nf` to obtain a normal form.
    
  Note that `ring` works primarily in *commutative* rings. If you have a noncommutative ring, abelian group or module, consider using `noncomm_ring`, `abel` or `module` instead.
