'MolecularDynamics.massOperator_coordinate' depends on axioms: [propext, Classical.choice, Quot.sound]
'MolecularDynamics.coordinateVelocity_apply' depends on axioms: [propext, Classical.choice, Quot.sound]
'MolecularDynamics.velocityOperator_coordinate' depends on axioms: [propext, Classical.choice, Quot.sound]
'MolecularDynamics.coordinateVelocity_eq_velocityOperator' depends on axioms: [propext, Classical.choice, Quot.sound]
'MolecularDynamics.momentumKineticEnergy_eq_inner' depends on axioms: [propext, Classical.choice, Quot.sound]
'MolecularDynamics.momentumKineticEnergy_massOperator' depends on axioms: [propext, Classical.choice, Quot.sound]
'MolecularDynamics.massHamiltonian_massOperator' depends on axioms: [propext, Classical.choice, Quot.sound]
'MolecularDynamics.massHamiltonian_particle' depends on axioms: [propext, Classical.choice, Quot.sound]
'MolecularDynamics.massHamiltonian_velocityOperator' depends on axioms: [propext, Classical.choice, Quot.sound]
'MolecularDynamics.coordinateDualRepresentation' depends on axioms: [propext, Classical.choice, Quot.sound]
'MolecularDynamics.hasFDerivAt_kinetic_term' depends on axioms: [propext, Classical.choice, Quot.sound]
'MolecularDynamics.hasGradientAt_momentumKineticEnergy' depends on axioms: [propext, Classical.choice, Quot.sound]
'MolecularDynamics.gradient_momentumKineticEnergy' depends on axioms: [propext, Classical.choice, Quot.sound]
'MolecularDynamics.gradient_momentumKineticEnergy_eq_velocityOperator' depends on axioms: [propext,
 Classical.choice,
 Quot.sound]
'MolecularDynamics.gradient_position_slice' depends on axioms: [propext, Classical.choice, Quot.sound]
'MolecularDynamics.gradient_momentum_slice' depends on axioms: [propext, Classical.choice, Quot.sound]
'MolecularDynamics.hasGradientAt_position_slice' depends on axioms: [propext, Classical.choice, Quot.sound]
'MolecularDynamics.hamiltonianVectorField_eq' depends on axioms: [propext, Classical.choice, Quot.sound]
