docs/verification/2026-10-06-LangevinWeakFeller/Draft.lean:23:42: error: elaboration function for `Mathlib.Tactic.superscriptTerm` has not been implemented
  ᵇ
docs/verification/2026-10-06-LangevinWeakFeller/Draft.lean:29:42: error: elaboration function for `Mathlib.Tactic.superscriptTerm` has not been implemented
  ᵇ
docs/verification/2026-10-06-LangevinWeakFeller/Draft.lean:43:42: error: elaboration function for `Mathlib.Tactic.superscriptTerm` has not been implemented
  ᵇ
docs/verification/2026-10-06-LangevinWeakFeller/Draft.lean:55:42: error: elaboration function for `Mathlib.Tactic.superscriptTerm` has not been implemented
  ᵇ
docs/verification/2026-10-06-LangevinWeakFeller/Draft.lean:77:42: error: elaboration function for `Mathlib.Tactic.superscriptTerm` has not been implemented
  ᵇ
docs/verification/2026-10-06-LangevinWeakFeller/Draft.lean:81:96: error: unsolved goals
N : ℕ
Ω : Type u_1
inst✝ : MeasurableSpace Ω
B : ℝ≥0 → Ω → Fin N → ℝ
P : Measure Ω
hB : textbookIsWienerVector B P
U : (Fin N → ℝ) → ℝ
hU : ContDiff ℝ ∞ U
hp : textbookUnitPeriodicPotential U
L : ℝ≥0
hF : LipschitzWith L (textbookPotentialForce U)
γ σ : ℝ
T : ℝ≥0
f : textbookLangevinPeriodicPhase N → sorry
x : textbookLangevinPeriodicPhase N
this : IsMarkovKernel (textbookLangevinPeriodicTransitionKernel B P U hU hp L hF γ σ T)
⊢ ?m.51 = sorry ()
docs/verification/2026-10-06-LangevinWeakFeller/Draft.lean:78:88: error: unsolved goals
N : ℕ
Ω : Type u_1
inst✝ : MeasurableSpace Ω
B : ℝ≥0 → Ω → Fin N → ℝ
P : Measure Ω
hB : textbookIsWienerVector B P
U : (Fin N → ℝ) → ℝ
hU : ContDiff ℝ ∞ U
hp : textbookUnitPeriodicPotential U
L : ℝ≥0
hF : LipschitzWith L (textbookPotentialForce U)
γ σ : ℝ
T : ℝ≥0
f : textbookLangevinPeriodicPhase N → sorry
x : textbookLangevinPeriodicPhase N
this : IsMarkovKernel (textbookLangevinPeriodicTransitionKernel B P U hU hp L hF γ σ T)
⊢ ‖textbookLangevinPeriodicTransitionExpectation B P U hU hp L hF γ σ T f x‖ ≤ sorry
docs/verification/2026-10-06-LangevinWeakFeller/Draft.lean:85:42: error: elaboration function for `Mathlib.Tactic.superscriptTerm` has not been implemented
  ᵇ
docs/verification/2026-10-06-LangevinWeakFeller/Draft.lean:85:82: error: elaboration function for `Mathlib.Tactic.superscriptTerm` has not been implemented
  ᵇ
docs/verification/2026-10-06-LangevinWeakFeller/Draft.lean:93:42: error: elaboration function for `Mathlib.Tactic.superscriptTerm` has not been implemented
  ᵇ
docs/verification/2026-10-06-LangevinWeakFeller/Draft.lean:94:46: error: Application type mismatch: The argument
  B
has type
  ℝ≥0 → Ω → Fin N → ℝ
of sort `Type u_1` but is expected to have type
  ℝ≥0
of sort `Type` in the application
  textbookLangevinPeriodicBoundedTransition B
docs/verification/2026-10-06-LangevinWeakFeller/Draft.lean:99:42: error: elaboration function for `Mathlib.Tactic.superscriptTerm` has not been implemented
  ᵇ
docs/verification/2026-10-06-LangevinWeakFeller/Draft.lean:100:47: error: Application type mismatch: The argument
  B
has type
  ℝ≥0 → Ω → Fin N → ℝ
of sort `Type u_1` but is expected to have type
  ℝ≥0
of sort `Type` in the application
  textbookLangevinPeriodicBoundedTransition B
docs/verification/2026-10-06-LangevinWeakFeller/Draft.lean:105:93: error: elaboration function for `Mathlib.Tactic.superscriptTerm` has not been implemented
  ᵇ
docs/verification/2026-10-06-LangevinWeakFeller/Draft.lean:106:46: error: Application type mismatch: The argument
  B
has type
  ℝ≥0 → Ω → Fin N → ℝ
of sort `Type u_1` but is expected to have type
  ℝ≥0
of sort `Type` in the application
  textbookLangevinPeriodicBoundedTransition B
docs/verification/2026-10-06-LangevinWeakFeller/Draft.lean:114:42: error: elaboration function for `Mathlib.Tactic.superscriptTerm` has not been implemented
  ᵇ
docs/verification/2026-10-06-LangevinWeakFeller/Draft.lean:115:46: error: Application type mismatch: The argument
  B
has type
  ℝ≥0 → Ω → Fin N → ℝ
of sort `Type u_1` but is expected to have type
  ℝ≥0
of sort `Type` in the application
  textbookLangevinPeriodicBoundedTransition B
docs/verification/2026-10-06-LangevinWeakFeller/Draft.lean:116:48: error: Application type mismatch: The argument
  B
has type
  ℝ≥0 → Ω → Fin N → ℝ
of sort `Type u_1` but is expected to have type
  ℝ≥0
of sort `Type` in the application
  textbookLangevinPeriodicBoundedTransition B
docs/verification/2026-10-06-LangevinWeakFeller/Draft.lean:132:42: error: elaboration function for `Mathlib.Tactic.superscriptTerm` has not been implemented
  ᵇ
docs/verification/2026-10-06-LangevinWeakFeller/Draft.lean:134:50: error: Application type mismatch: The argument
  B
has type
  ℝ≥0 → Ω → Fin N → ℝ
of sort `Type u_1` but is expected to have type
  ℝ≥0
of sort `Type` in the application
  textbookLangevinPeriodicBoundedTransition B
docs/verification/2026-10-06-LangevinWeakFeller/Draft.lean:139:46: error: Application type mismatch: The argument
  B
has type
  ℝ≥0 → Ω → Fin N → ℝ
of sort `Type u_1` but is expected to have type
  ℝ≥0
of sort `Type` in the application
  textbookLangevinPeriodicBoundedTransition B
docs/verification/2026-10-06-LangevinWeakFeller/Draft.lean:155:8: warning: declaration uses `sorry`
docs/verification/2026-10-06-LangevinWeakFeller/Draft.lean:159:2: warning: Unused tactic linter: `exact
  textbookLangevinPeriodicTransitionExpectation_continuous B P hB U hU hp L hF γ σ T f` does nothing

Note: This linter can be disabled with `set_option linter.unusedTactic false`
