docs/verification/2026-10-07-LangevinWeakGeneratorBalance/Draft.lean:54:8: error: Tactic `rewrite` failed: Did not find an occurrence of the pattern
  textbookLangevinPeriodicTransitionKernel B P U hU hp L hF γ σ T
in the target expression
  ⇑(textbookLangevinPeriodicTransitionKernel B P V hV hpV L hFV γ σ T) ∘ₘ ↑μ = ↑μ

N : ℕ
Ω : Type u_1
inst✝ : MeasurableSpace Ω
B : ℝ≥0 → Ω → Fin N → ℝ
P : Measure Ω
hB : textbookIsWienerVector B P
U : (Fin N → ℝ) → ℝ
hU : ContDiff ℝ ∞ U
hp : textbookUnitPeriodicPotential U
L : ℝ≥0
hF : LipschitzWith L (textbookPotentialForce U)
γ σ : ℝ
hγ : 0 < γ
μ : ProbabilityMeasure (textbookLangevinPeriodicPhase N)
hInv : ∀ (T : ℝ≥0), ⇑(textbookLangevinPeriodicTransitionKernel B P U hU hp L hF γ σ T) ∘ₘ ↑μ = ↑μ
c : ℝ
hc : ∀ (q : Fin N → ℝ), 1 ≤ U q + c
V : (Fin N → ℝ) → ℝ := fun q => U q + c
hV : ContDiff ℝ ∞ V
hpV : textbookUnitPeriodicPotential V
hFV : LipschitzWith L (textbookPotentialForce V)
T : ℝ≥0
⊢ ⇑(textbookLangevinPeriodicTransitionKernel B P V hV hpV L hFV γ σ T) ∘ₘ ↑μ = ↑μ
