docs/verification/2026-10-06-BrownianEigenGraph/Draft.lean:88:6: error: No goals to be solved
docs/verification/2026-10-06-BrownianEigenGraph/Draft.lean:92:8: error: Tactic `rewrite` failed: Did not find an occurrence of the pattern
  (x, y).1
in the target expression
  x ∈ (textbookBrownianGibbsClosedOperator m U hU hPU β).domain

case mpr
Nc : ℕ
m : Fin Nc → ℝ
hm : ∀ (i : Fin Nc), 0 < m i
U : (Fin Nc → ℝ) → ℝ
hU : ContDiff ℝ ∞ U
hPU : textbookUnitPeriodicPotential U
β : ℝ
hβ : 0 < β
x : ↥(Gibbs U β)
b : HilbertBasis (textbookBrownianGibbsEigenIndex m U hU hPU β) ℝ ↥(MolecularDynamics.Gibbs✝ U β) :=
  textbookBrownianGibbsEigenbasis m hm U hU hPU β hβ
hx : Memℓp (fun j => j.fst * ⟪(textbookBrownianGibbsEigenbasis m hm U hU hPU β hβ) j, x⟫_ℝ) 2
a : ↥(lp (fun x => ℝ) 2) := ⟨fun j => j.fst * ⟪b j, x⟫_ℝ, hx⟩
y : ↥(MolecularDynamics.Gibbs✝ U β) := b.repr.symm a
hc : ∀ (j : textbookBrownianGibbsEigenIndex m U hU hPU β), ⟪b j, y⟫_ℝ = j.fst * ⟪b j, x⟫_ℝ
hg : (x, y) ∈ (textbookBrownianGibbsClosedOperator m U hU hPU β).graph
v : ↥(textbookBrownianGibbsClosedOperator m U hU hPU β).domain
hv : ↑v = (x, y).1
right✝ : ↑(textbookBrownianGibbsClosedOperator m U hU hPU β) v = (x, y).2
⊢ x ∈ (textbookBrownianGibbsClosedOperator m U hU hPU β).domain
