docs/verification/2026-10-06-BrownianSpectralDensityLaw/Draft.lean:40:41: error(lean.unknownIdentifier): Unknown identifier `hU`
docs/verification/2026-10-06-BrownianSpectralDensityLaw/Draft.lean:40:44: error(lean.unknownIdentifier): Unknown identifier `hp`
docs/verification/2026-10-06-BrownianSpectralDensityLaw/Draft.lean:48:56: error: Tactic `rewrite` failed: Did not find an occurrence of the pattern
  ∫ (Q : UnitAddTorus (Fin N)), F.toContinuousMap Q ∂ν
in the target expression
  ∫ (x : UnitAddTorus (Fin N)), F x ∂ν + ∫ (x : UnitAddTorus (Fin N)), F x ∂νn = ∫ (x : UnitAddTorus (Fin N)), F x ∂νp

N : ℕ
U : (Fin N → ℝ) → ℝ
β : ℝ
x : ↥(Lp ℝ 2 (textbookConfigurationTorusGibbsMeasure U β))
ν : Measure (UnitAddTorus (Fin N))
inst✝ : IsFiniteMeasure ν
he :
  ∀ (F : C(UnitAddTorus (Fin N), ℝ)),
    ∫ (Q : UnitAddTorus (Fin N)), F Q ∂ν =
      ∫ (Q : UnitAddTorus (Fin N)), F Q * ↑↑x Q ∂textbookConfigurationTorusGibbsMeasure U β
μ : Measure (UnitAddTorus (Fin N)) := textbookConfigurationTorusGibbsMeasure U β
νp : Measure (UnitAddTorus (Fin N)) := μ.withDensity fun Q => ENNReal.ofReal (↑↑x Q)
νn : Measure (UnitAddTorus (Fin N)) := μ.withDensity fun Q => ENNReal.ofReal (-↑↑x Q)
hx : Integrable (↑↑x) μ
hxm : Measurable ↑↑x
this✝ : IsFiniteMeasure νp
this : IsFiniteMeasure νn
F : CompactlySupportedContinuousMap (UnitAddTorus (Fin N)) ℝ
⊢ ∫ (x : UnitAddTorus (Fin N)), F x ∂ν + ∫ (x : UnitAddTorus (Fin N)), F x ∂νn = ∫ (x : UnitAddTorus (Fin N)), F x ∂νp
docs/verification/2026-10-06-BrownianSpectralDensityLaw/Draft.lean:81:4: error: linarith failed to find a contradiction
N : ℕ
U : (Fin N → ℝ) → ℝ
β : ℝ
x : ↥(Lp ℝ 2 (textbookConfigurationTorusGibbsMeasure U β))
ν : Measure (UnitAddTorus (Fin N))
inst✝ : IsFiniteMeasure ν
he :
  ∀ (F : C(UnitAddTorus (Fin N), ℝ)),
    ∫ (Q : UnitAddTorus (Fin N)), F Q ∂ν =
      ∫ (Q : UnitAddTorus (Fin N)), F Q * ↑↑x Q ∂textbookConfigurationTorusGibbsMeasure U β
μ : Measure (UnitAddTorus (Fin N)) := textbookConfigurationTorusGibbsMeasure U β
νp : Measure (UnitAddTorus (Fin N)) := μ.withDensity fun Q => ENNReal.ofReal (↑↑x Q)
νn : Measure (UnitAddTorus (Fin N)) := μ.withDensity fun Q => ENNReal.ofReal (-↑↑x Q)
hx : Integrable (↑↑x) μ
hxm : Measurable ↑↑x
this✝ : IsFiniteMeasure νp
this : IsFiniteMeasure νn
hparts : ν + νn = νp
hle : νn ≤ νp
hnzero : νn = 0
hz : (fun x_1 => ENNReal.ofReal ((-↑↑x) x_1)) =ᵐ[μ] 0
Q : UnitAddTorus (Fin N)
hQ : ENNReal.ofReal ((-↑↑x) Q) = 0 Q
hr : -↑↑x Q ≤ 0
a✝ : ↑↑x Q < 0 Q
⊢ False
failed
docs/verification/2026-10-06-BrownianSpectralDensityLaw/Draft.lean:97:45: error: Application type mismatch: The argument
  hU
has type
  ContDiff ℝ ∞ U
of sort `Prop` but is expected to have type
  ℝ
of sort `Type` in the application
  density_measure_from_expectations U hU
docs/verification/2026-10-06-BrownianSpectralDensityLaw/Draft.lean:112:45: error: Application type mismatch: The argument
  hU
has type
  ContDiff ℝ ∞ U
of sort `Prop` but is expected to have type
  ℝ
of sort `Type` in the application
  density_measure_from_expectations U hU
