docs/verification/2026-10-06-BrownianSpectralDensityLaw/Draft.lean:71:10: error: Tactic `rewrite` failed: Did not find an occurrence of the pattern
  (ENNReal.ofReal ?r).toReal
in the target expression
  (fun a => F a * ↑↑x a + (ENNReal.ofReal (-↑↑x a)).toReal * F a) Q = (fun a => (ENNReal.ofReal (↑↑x a)).toReal * F a) Q

N : ℕ
U : (Fin N → ℝ) → ℝ
hU : ContDiff ℝ ∞ U
hp : textbookUnitPeriodicPotential U
β : ℝ
x : ↥(Lp ℝ 2 (textbookConfigurationTorusGibbsMeasure U β))
ν : Measure (UnitAddTorus (Fin N))
inst✝ : IsFiniteMeasure ν
he :
  ∀ (F : C(UnitAddTorus (Fin N), ℝ)),
    ∫ (Q : UnitAddTorus (Fin N)), F Q ∂ν =
      ∫ (Q : UnitAddTorus (Fin N)), F Q * ↑↑x Q ∂textbookConfigurationTorusGibbsMeasure U β
μ : Measure (UnitAddTorus (Fin N)) := textbookConfigurationTorusGibbsMeasure U β
νp : Measure (UnitAddTorus (Fin N)) := μ.withDensity fun Q => ENNReal.ofReal (↑↑x Q)
νn : Measure (UnitAddTorus (Fin N)) := μ.withDensity fun Q => ENNReal.ofReal (-↑↑x Q)
hx : Integrable (↑↑x) μ
hxm : Measurable ↑↑x
this✝ : IsFiniteMeasure νp
this : IsFiniteMeasure νn
hxmneg : Measurable fun Q => -↑↑x Q
F : CompactlySupportedContinuousMap (UnitAddTorus (Fin N)) ℝ
hneg : Integrable (fun Q => (ENNReal.ofReal (-↑↑x Q)).toReal * F Q) μ
hprod : Integrable (fun Q => F Q * ↑↑x Q) μ
Q : UnitAddTorus (Fin N)
⊢ (fun a => F a * ↑↑x a + (ENNReal.ofReal (-↑↑x a)).toReal * F a) Q = (fun a => (ENNReal.ofReal (↑↑x a)).toReal * F a) Q
