docs/verification/2026-10-07-LangevinC0ConservedObservable/Draft.lean:55:2: warning: Try this: 
  haveI̵

The goal is a proposition, so `have` is preferred over `haveI`.
The difference between `have` and `haveI` is that `haveI` inlines the value.
But this is not relevant for proofs because of proof irrelevance.

Note: This linter can be disabled with `set_option linter.style.haveILetI false`
docs/verification/2026-10-07-LangevinC0ConservedObservable/Draft.lean:69:13: error(lean.synthInstanceFailed): failed to synthesize instance of type class
  FunLike (ProbabilityMeasure (textbookLangevinPeriodicPhase N)) (Set ?m.285) ℝ≥0∞

Hint: Type class instance resolution failures can be inspected with the `set_option trace.Meta.synthInstance true` command.
docs/verification/2026-10-07-LangevinC0ConservedObservable/Draft.lean:50:58: error: unsolved goals
N : ℕ
Ω : Type u_1
inst✝ : MeasurableSpace Ω
B : ℝ≥0 → Ω → Fin N → ℝ
P : Measure Ω
hB : textbookIsWienerVector B P
U : (Fin N → ℝ) → ℝ
hU : ContDiff ℝ ∞ U
hp : textbookUnitPeriodicPotential U
L : ℝ≥0
hF : LipschitzWith L (textbookPotentialForce U)
γ σ : ℝ
hγ : 0 < γ
hσ : σ ≠ 0
T : ℝ≥0
hT : 0 < ↑T
f : textbookLangevinPeriodicPhase N →C₀ ℝ
hf : (S T) f = f
y : textbookLangevinPeriodicPhase N
hy : 0 < f y
htail : ∀ᶠ (z : textbookLangevinPeriodicPhase N) in cocompact (textbookLangevinPeriodicPhase N), f z ≤ f y
x : textbookLangevinPeriodicPhase N
hmax : ∀ (y : textbookLangevinPeriodicPhase N), f.toContinuousMap y ≤ f.toContinuousMap x
μ : ProbabilityMeasure (textbookLangevinPeriodicPhase N) :=
  textbookLangevinPeriodicTransitionProbability B P hB U hU hp L hF γ σ T x
this : (↑μ).IsOpenPosMeasure
hi : Integrable ⇑f ↑μ
he : f x = ∫ (z : textbookLangevinPeriodicPhase N), f z ∂↑μ
hz : ∫ (z : textbookLangevinPeriodicPhase N), f x - f z ∂↑μ = 0
ha : (fun z => f.toContinuousMap x - f.toContinuousMap z) =ᵐ[↑μ] 0
heq : (fun z => f z) =ᶠ[sorry] fun x_1 => f x
⊢ ∀ (a b : textbookLangevinPeriodicPhase N), f a = f b
docs/verification/2026-10-07-LangevinC0ConservedObservable/Draft.lean:113:65: error: unexpected token 'include'; expected 'lemma'
