docs/verification/2026-10-06-LangevinMomentumVariation/Draft.lean:27:59: error(lean.unknownIdentifier): Unknown identifier `hU`
docs/verification/2026-10-06-LangevinMomentumVariation/Draft.lean:27:68: error(lean.unknownIdentifier): Unknown identifier `x`
docs/verification/2026-10-06-LangevinMomentumVariation/Draft.lean:27:76: error(lean.unknownIdentifier): Unknown identifier `h`
docs/verification/2026-10-06-LangevinMomentumVariation/Draft.lean:29:4: error: Type mismatch: After simplification, term
  HasDerivAt.comp s (Real.hasDerivAt_exp (γ * s)) (HasDerivAt.const_mul γ (hasDerivAt_id s))
 has type
  @HasDerivAt ℝ DenselyNormedField.toNontriviallyNormedField ℝ
    DenselyNormedField.toNontriviallyNormedField.toDivisionRing.toAddCommGroup (NormedAlgebra.toNormedSpace ℝ).toModule
    PseudoMetricSpace.toUniformSpace.toTopologicalSpace ⋯ (Real.exp ∘ HMul.hMul γ) (Real.exp (γ * s) * γ) s
but is expected to have type
  @HasDerivAt ℝ DenselyNormedField.toNontriviallyNormedField ℝ Real.instAddCommGroup Semiring.toModule
    PseudoMetricSpace.toUniformSpace.toTopologicalSpace ⋯ (fun r => Real.exp (γ * r)) (Real.exp (γ * s) * γ) s
docs/verification/2026-10-06-LangevinMomentumVariation/Draft.lean:47:26: error(lean.unknownIdentifier): Unknown identifier `h`
docs/verification/2026-10-06-LangevinMomentumVariation/Draft.lean:50:62: error(lean.unknownIdentifier): Unknown identifier `hU`
docs/verification/2026-10-06-LangevinMomentumVariation/Draft.lean:50:95: error(lean.unknownIdentifier): Unknown identifier `h`
docs/verification/2026-10-06-LangevinMomentumVariation/Draft.lean:51:7: error(lean.unknownIdentifier): Unknown identifier `h`
docs/verification/2026-10-06-LangevinMomentumVariation/Draft.lean:53:70: error(lean.unknownIdentifier): Unknown identifier `hU`
docs/verification/2026-10-06-LangevinMomentumVariation/Draft.lean:58:32: error(lean.unknownIdentifier): Unknown identifier `h`
docs/verification/2026-10-06-LangevinMomentumVariation/Draft.lean:68:53: error(lean.unknownIdentifier): Unknown identifier `hU`
docs/verification/2026-10-06-LangevinMomentumVariation/Draft.lean:68:70: error(lean.unknownIdentifier): Unknown identifier `h`
docs/verification/2026-10-06-LangevinMomentumVariation/Draft.lean:67:91: error: unsolved goals
N : ℕ
U : (Fin N → ℝ) → ℝ
γ σ T : ℝ
x : textbookLangevinPhase N
W q p : ℝ → Fin N → ℝ
t : ℝ
ht : t ∈ Icc 0 T
⊢ p t =
    σ • W t +
      Real.exp (-γ * t) • (x.2 + ∫ (s : ℝ) in 0..t, Real.exp (γ * s) • (textbookPotentialForce U (q s) - (γ * σ) • W s))
docs/verification/2026-10-06-LangevinMomentumVariation/Draft.lean:88:63: error(lean.unknownIdentifier): Unknown identifier `hU`
docs/verification/2026-10-06-LangevinMomentumVariation/Draft.lean:88:96: error(lean.unknownIdentifier): Unknown identifier `h`
docs/verification/2026-10-06-LangevinMomentumVariation/Draft.lean:90:27: error(lean.unknownIdentifier): Unknown identifier `h`
docs/verification/2026-10-06-LangevinMomentumVariation/Draft.lean:101:8: error: Tactic `rewrite` failed: Did not find an occurrence of the pattern
  ?a₁ • ?a₂ • ?b
in the target expression
  (fun x => Real.exp (-γ * t) • Real.exp (γ * x) • f x) s = (fun x => Real.exp (-γ * (t - x)) • f x) s

N : ℕ
U : (Fin N → ℝ) → ℝ
γ σ T : ℝ
x : textbookLangevinPhase N
W q p : ℝ → Fin N → ℝ
t : ℝ
ht : t ∈ Icc 0 T
hseg : uIcc 0 t ⊆ Icc 0 T
he : Continuous fun s => Real.exp (γ * s)
hFint : IntervalIntegrable (fun s => Real.exp (γ * s) • textbookPotentialForce U (q s)) ℙ 0 t
hWint : IntervalIntegrable (fun s => Real.exp (γ * s) • W s) ℙ 0 t
hc : ∀ (s : ℝ), Real.exp (-γ * t) * Real.exp (γ * s) = Real.exp (-γ * (t - s))
f : ℝ → Fin N → ℝ
s : ℝ
a✝ : s ∈ uIcc 0 t
⊢ (fun x => Real.exp (-γ * t) • Real.exp (γ * x) • f x) s = (fun x => Real.exp (-γ * (t - x)) • f x) s
docs/verification/2026-10-06-LangevinMomentumVariation/Draft.lean:107:51: error(lean.invalidField): Invalid field `const_smul`: The environment does not contain `And.const_smul`, so it is not possible to project the field `const_smul` from an expression
  hWint
of type
  IntegrableOn (fun s => Real.exp (γ * s) • W s) (Ioc 0 t) ℙ ∧
    IntegrableOn (fun s => Real.exp (γ * s) • W s) (Ioc t 0) ℙ
docs/verification/2026-10-06-LangevinMomentumVariation/Draft.lean:108:56: error(lean.unknownIdentifier): Unknown identifier `hU`
docs/verification/2026-10-06-LangevinMomentumVariation/Draft.lean:108:73: error(lean.unknownIdentifier): Unknown identifier `h`
docs/verification/2026-10-06-LangevinMomentumVariation/Draft.lean:81:70: error: unsolved goals
N : ℕ
U : (Fin N → ℝ) → ℝ
γ σ T : ℝ
x : textbookLangevinPhase N
W q p : ℝ → Fin N → ℝ
t : ℝ
ht : t ∈ Icc 0 T
hseg : uIcc 0 t ⊆ Icc 0 T
he : Continuous fun s => Real.exp (γ * s)
hFint : IntervalIntegrable (fun s => Real.exp (γ * s) • textbookPotentialForce U (q s)) ℙ 0 t
hWint : IntervalIntegrable (fun s => Real.exp (γ * s) • W s) ℙ 0 t
hc : ∀ (s : ℝ), Real.exp (-γ * t) * Real.exp (γ * s) = Real.exp (-γ * (t - s))
hf :
  ∀ (f : ℝ → Fin N → ℝ),
    Real.exp (-γ * t) • ∫ (s : ℝ) in 0..t, Real.exp (γ * s) • f s = ∫ (s : ℝ) in 0..t, Real.exp (-γ * (t - s)) • f s
hs :
  ∫ (s : ℝ) in 0..t, Real.exp (γ * s) • (textbookPotentialForce U (q s) - (γ * σ) • W s) =
    (∫ (s : ℝ) in 0..t, Real.exp (γ * s) • textbookPotentialForce U (q s)) -
      (γ * σ) • ∫ (s : ℝ) in 0..t, Real.exp (γ * s) • W s
⊢ p t =
    (Real.exp (-γ * t) • x.2 + ∫ (s : ℝ) in 0..t, Real.exp (-γ * (t - s)) • textbookPotentialForce U (q s)) +
      σ • (W t - γ • ∫ (s : ℝ) in 0..t, Real.exp (-γ * (t - s)) • W s)
docs/verification/2026-10-06-LangevinMomentumVariation/Draft.lean:112:0: error: Unexpected name `MolecularDynamics` after `end`: The current section is unnamed

Hint: Delete the name `MolecularDynamics` to end the current unnamed scope; outer named scopes can then be closed using additional `end` command(s):
  end ̵M̵o̵l̵e̵c̵u̵l̵a̵r̵D̵y̵n̵a̵m̵i̵c̵s̵
