docs/verification/2026-10-06-LangevinMomentumVariation/Draft.lean:28:4: error: Type mismatch: After simplification, term
  HasFDerivAtFilter.snd (textbookLangevinNoiseCompensated_hasDerivWithinAt U hU γ σ T x W q p h s hs)
 has type
  ∀ (i : Fin N),
    HasFDerivAtFilter (fun x => p x i - σ * W x i)
      (ContinuousLinearMap.proj i ∘SL
        ContinuousLinearMap.snd ℝ (Fin N → ℝ) (Fin N → ℝ) ∘SL
          ContinuousLinearMap.toSpanSingleton ℝ (p s, textbookPotentialForce U (q s) - γ • p s))
      (map (fun a => (a, s)) (𝓝[≥] s))
but is expected to have type
  HasDerivWithinAt (fun r => p r - σ • W r) (textbookPotentialForce U (q s) - γ • p s) (Ici s) s
Try this:
  [apply] ring_nf
  
  The `ring` tactic failed to close the goal. Use `ring_nf` to obtain a normal form.
    
  Note that `ring` works primarily in *commutative* rings. If you have a noncommutative ring, abelian group or module, consider using `noncomm_ring`, `abel` or `module` instead.
docs/verification/2026-10-06-LangevinMomentumVariation/Draft.lean:74:34: warning: Used `tac1 <;> tac2` where `(tac1; tac2)` would suffice

Note: This linter can be disabled with `set_option linter.unnecessarySeqFocus false`
docs/verification/2026-10-06-LangevinMomentumVariation/Draft.lean:110:8: error: Tactic `rewrite` failed: Did not find an occurrence of the pattern
  ∫ (x : ℝ) in 0..t, Real.exp (γ * x) • textbookPotentialForce U (q x) - ((γ * σ) • fun s => Real.exp (γ * s) • W s) x
in the target expression
  ∫ (s : ℝ) in 0..t, Real.exp (γ * s) • textbookPotentialForce U (q s) - (γ * σ) • Real.exp (γ * s) • W s =
    (∫ (s : ℝ) in 0..t, Real.exp (γ * s) • textbookPotentialForce U (q s)) -
      (γ * σ) • ∫ (s : ℝ) in 0..t, Real.exp (γ * s) • W s

N : ℕ
U : (Fin N → ℝ) → ℝ
hU : ContDiff ℝ 2 U
γ σ T : ℝ
x : textbookLangevinPhase N
W q p : ℝ → Fin N → ℝ
h : textbookLangevinIntegralSolution U γ σ T x W q p
t : ℝ
ht : t ∈ Icc 0 T
hseg : uIcc 0 t ⊆ Icc 0 T
he : Continuous fun s => Real.exp (γ * s)
hFint : IntervalIntegrable (fun s => Real.exp (γ * s) • textbookPotentialForce U (q s)) ℙ 0 t
hWint : IntervalIntegrable (fun s => Real.exp (γ * s) • W s) ℙ 0 t
hc : ∀ (s : ℝ), Real.exp (-γ * t) * Real.exp (γ * s) = Real.exp (-γ * (t - s))
hf :
  ∀ (f : ℝ → Fin N → ℝ),
    Real.exp (-γ * t) • ∫ (s : ℝ) in 0..t, Real.exp (γ * s) • f s = ∫ (s : ℝ) in 0..t, Real.exp (-γ * (t - s)) • f s
⊢ ∫ (s : ℝ) in 0..t, Real.exp (γ * s) • textbookPotentialForce U (q s) - (γ * σ) • Real.exp (γ * s) • W s =
    (∫ (s : ℝ) in 0..t, Real.exp (γ * s) • textbookPotentialForce U (q s)) -
      (γ * σ) • ∫ (s : ℝ) in 0..t, Real.exp (γ * s) • W s
