docs/verification/2026-10-07-LangevinC0StrongContinuity/Draft.lean:133:35: error(lean.unknownIdentifier): Unknown identifier `hB.gaussian.isProbabilityMeasure`
docs/verification/2026-10-07-LangevinC0StrongContinuity/Draft.lean:136:75: error(lean.unknownIdentifier): Unknown identifier `hB`
docs/verification/2026-10-07-LangevinC0StrongContinuity/Draft.lean:137:9: error(lean.unknownIdentifier): Unknown identifier `hU.of_le`
docs/verification/2026-10-07-LangevinC0StrongContinuity/Draft.lean:148:53: error: Application type mismatch: The argument
  hB
has type
  textbookIsWienerVector B P
of sort `Prop` but is expected to have type
  (Fin N → ℝ) → ℝ
of sort `Type` in the application
  strongC0_observable_integrable B P hB
docs/verification/2026-10-07-LangevinC0StrongContinuity/Draft.lean:144:98: error: unsolved goals
N : ℕ
Ω : Type u_1
inst✝ : MeasurableSpace Ω
B : ℝ≥0 → Ω → Fin N → ℝ
P : Measure Ω
hB : textbookIsWienerVector B P
U : (Fin N → ℝ) → ℝ
hU : ContDiff ℝ ∞ U
hp : textbookUnitPeriodicPotential U
L : ℝ≥0
hF : LipschitzWith L (textbookPotentialForce U)
γ σ : ℝ
hγ : 0 < γ
f : textbookLangevinPeriodicPhase N →C₀ ℝ
T : ℝ≥0
x : textbookLangevinPeriodicPhase N
this : IsProbabilityMeasure P
⊢ ∫ (sample : Ω), f.toBCF (textbookLangevinPeriodicGlobalRandomPhase U L hF γ σ x B (↑T) sample) ∂P - f x =
    ∫ (sample : Ω), f (textbookLangevinPeriodicGlobalRandomPhase U L hF γ σ x B (↑T) sample) - f x ∂P
docs/verification/2026-10-07-LangevinC0StrongContinuity/Draft.lean:189:51: error: Application type mismatch: The argument
  hB
has type
  textbookIsWienerVector B P
of sort `Prop` but is expected to have type
  (Fin N → ℝ) → ℝ
of sort `Type` in the application
  strongC0_observable_integrable B P hB
docs/verification/2026-10-07-LangevinC0StrongContinuity/Draft.lean:221:51: error: Application type mismatch: The argument
  hB
has type
  textbookIsWienerVector B P
of sort `Prop` but is expected to have type
  (Fin N → ℝ) → ℝ
of sort `Type` in the application
  strongC0_observable_integrable B P hB
