docs/verification/2026-10-06-BrownianSpectralEvolution/Draft.lean:82:6: error: Type mismatch: After simplification, term
  h
 has type
  @LE.le ℝ Real.instLE ‖⟨fun j => textbookBrownianGibbsEvolutionWeight m U hU hPU β t j * ↑a j, ⋯⟩‖ ‖a‖
but is expected to have type
  @LE.le ℝ Real.instLE
    ‖{ toFun := fun a => ⟨fun j => textbookBrownianGibbsEvolutionWeight m U hU hPU β t j * ↑a j, ⋯⟩, map_add' := ⋯,
          map_smul' := ⋯ }
        a‖
    ‖a‖
docs/verification/2026-10-06-BrownianSpectralEvolution/Draft.lean:139:46: error: unsolved goals
Nc : ℕ
m : Fin Nc → ℝ
hm : ∀ (i : Fin Nc), 0 < m i
U : (Fin Nc → ℝ) → ℝ
hU : ContDiff ℝ ∞ U
hPU : textbookUnitPeriodicPotential U
β : ℝ
hβ : 0 < β
x : ↥(Gibbs U β)
j : textbookBrownianGibbsEigenIndex m U hU hPU β
⊢ ↑((textbookBrownianGibbsEigenbasis m hm U hU hPU β hβ).repr x) j =
    ↑((textbookBrownianGibbsEigenbasis m hm U hU hPU β hβ).repr ((ContinuousLinearMap.id ℝ ↥(Gibbs U β)) x)) j
