docs/verification/2026-10-06-BrownianSpectralEvolution/Draft.lean:221:4: error: Type mismatch: After simplification, term
  ContinuousAt.tendsto (Continuous.continuousAt hc)
 has type
  Tendsto
    (fun t =>
      (|textbookBrownianGibbsEvolutionWeight m U hU hPU β t j -
              textbookBrownianGibbsEvolutionWeight m U hU hPU β t₀ j| *
          |↑a j|) ^
        2)
    (𝓝 ?m.281)
    (𝓝
      ((|textbookBrownianGibbsEvolutionWeight m U hU hPU β ?m.281 j -
              textbookBrownianGibbsEvolutionWeight m U hU hPU β t₀ j| *
          |↑a j|) ^
        2))
but is expected to have type
  Tendsto
    (fun t =>
      (|textbookBrownianGibbsEvolutionWeight m U hU hPU β t j -
              textbookBrownianGibbsEvolutionWeight m U hU hPU β t₀ j| *
          |↑a j|) ^
        2)
    (𝓝 t₀) (𝓝 0)
