docs/verification/2026-10-06-BrownianResolventRealSpectrum/Draft.lean:30:6: error: Type mismatch: After simplification, term
  hx
 has type
  @Eq (↥(MolecularDynamics.Gibbs✝ U β)) (↑(textbookBrownianGibbsResolvent m U hU hPU β hm hβ) x) (r • x)
but is expected to have type
  @Eq (↥(MolecularDynamics.Gibbs✝ U β)) ((textbookBrownianGibbsResolvent m U hU hPU β hm hβ) x) (r • x)
docs/verification/2026-10-06-BrownianResolventRealSpectrum/Draft.lean:46:6: error: Type mismatch: After simplification, term
  hx
 has type
  @Eq (↥(MolecularDynamics.Gibbs✝ U β)) (↑(textbookBrownianGibbsResolvent m U hU hPU β hm hβ) x) (r • x)
but is expected to have type
  @Eq (↥(MolecularDynamics.Gibbs✝ U β)) ((textbookBrownianGibbsResolvent m U hU hPU β hm hβ) x) (r • x)
docs/verification/2026-10-06-BrownianResolventRealSpectrum/Draft.lean:70:4: error: 'change' tactic failed, pattern
  r ≤ 1 / (1 + textbookBrownianGibbsCoercivityRate m U hU hPU β)
is not definitionally equal to target
  r ≤ (1 + textbookBrownianGibbsCoercivityRate m U hU hPU β)⁻¹
docs/verification/2026-10-06-BrownianResolventRealSpectrum/Draft.lean:84:4: error: 'change' tactic failed, pattern
  1 / (1 + textbookBrownianGibbsCoercivityRate m U hU hPU β) < 1
is not definitionally equal to target
  c < 1
