ℹ [9017/9191] Replayed MolecularDynamics.Chapter01.TorusDensity
info: MolecularDynamics/Chapter01/TorusDensity.lean:25:21: Try this:
  [apply] abel_nf
info: MolecularDynamics/Chapter01/TorusDensity.lean:68:21: Try this:
  [apply] abel_nf
ℹ [9044/9191] Replayed MolecularDynamics.Chapter06.LangevinCausalFlow
info: MolecularDynamics/Chapter06/LangevinCausalFlow.lean:179:2: Try this:
  [apply] abel_nf
ℹ [9081/9191] Replayed MolecularDynamics.Chapter06.LangevinMomentumVariation
info: MolecularDynamics/Chapter06/LangevinMomentumVariation.lean:76:4: Try this:
  [apply] ring_nf
  
  The `ring` tactic failed to close the goal. Use `ring_nf` to obtain a normal form.
    
  Note that `ring` works primarily in *commutative* rings. If you have a noncommutative ring, abelian group or module, consider using `noncomm_ring`, `abel` or `module` instead.
ℹ [9158/9191] Replayed MolecularDynamics.Chapter06.LangevinMomentumFirstMean
info: MolecularDynamics/Chapter06/LangevinMomentumFirstMean.lean:53:4: Try this:
  [apply] ring_nf
  
  The `ring` tactic failed to close the goal. Use `ring_nf` to obtain a normal form.
    
  Note that `ring` works primarily in *commutative* rings. If you have a noncommutative ring, abelian group or module, consider using `noncomm_ring`, `abel` or `module` instead.
ℹ [9161/9191] Replayed MolecularDynamics.Chapter06.LangevinHamiltonianExpectedDrift
info: MolecularDynamics/Chapter06/LangevinHamiltonianExpectedDrift.lean:410:2: Try this:
  [apply] ring_nf
  
  The `ring` tactic failed to close the goal. Use `ring_nf` to obtain a normal form.
    
  Note that `ring` works primarily in *commutative* rings. If you have a noncommutative ring, abelian group or module, consider using `noncomm_ring`, `abel` or `module` instead.
info: MolecularDynamics/Chapter06/LangevinHamiltonianExpectedDrift.lean:425:2: Try this:
  [apply] ring_nf
  
  The `ring` tactic failed to close the goal. Use `ring_nf` to obtain a normal form.
    
  Note that `ring` works primarily in *commutative* rings. If you have a noncommutative ring, abelian group or module, consider using `noncomm_ring`, `abel` or `module` instead.
ℹ [9166/9191] Replayed MolecularDynamics.Chapter06.LangevinHamiltonianPowerExpectedDrift
info: MolecularDynamics/Chapter06/LangevinHamiltonianPowerExpectedDrift.lean:202:2: Try this:
  [apply] ring_nf
  
  The `ring` tactic failed to close the goal. Use `ring_nf` to obtain a normal form.
    
  Note that `ring` works primarily in *commutative* rings. If you have a noncommutative ring, abelian group or module, consider using `noncomm_ring`, `abel` or `module` instead.
info: MolecularDynamics/Chapter06/LangevinHamiltonianPowerExpectedDrift.lean:223:2: Try this:
  [apply] ring_nf
  
  The `ring` tactic failed to close the goal. Use `ring_nf` to obtain a normal form.
    
  Note that `ring` works primarily in *commutative* rings. If you have a noncommutative ring, abelian group or module, consider using `noncomm_ring`, `abel` or `module` instead.
✔ [9189/9191] Built MolecularDynamics.Chapter06.LangevinCanonicalWeightedAdjoint (11s)
✔ [9190/9191] Built MolecularDynamicsFormalization (34s)
Build completed successfully (9191 jobs).