ℹ [9020/9189] Replayed MolecularDynamics.Chapter06.LangevinCausalFlow
info: MolecularDynamics/Chapter06/LangevinCausalFlow.lean:179:2: Try this:
  [apply] abel_nf
ℹ [9056/9189] Replayed MolecularDynamics.Chapter06.LangevinMomentumVariation
info: MolecularDynamics/Chapter06/LangevinMomentumVariation.lean:76:4: Try this:
  [apply] ring_nf
  
  The `ring` tactic failed to close the goal. Use `ring_nf` to obtain a normal form.
    
  Note that `ring` works primarily in *commutative* rings. If you have a noncommutative ring, abelian group or module, consider using `noncomm_ring`, `abel` or `module` instead.
ℹ [9080/9189] Replayed MolecularDynamics.Chapter01.TorusDensity
info: MolecularDynamics/Chapter01/TorusDensity.lean:25:21: Try this:
  [apply] abel_nf
info: MolecularDynamics/Chapter01/TorusDensity.lean:68:21: Try this:
  [apply] abel_nf
ℹ [9154/9189] Replayed MolecularDynamics.Chapter06.LangevinMomentumFirstMean
info: MolecularDynamics/Chapter06/LangevinMomentumFirstMean.lean:53:4: Try this:
  [apply] ring_nf
  
  The `ring` tactic failed to close the goal. Use `ring_nf` to obtain a normal form.
    
  Note that `ring` works primarily in *commutative* rings. If you have a noncommutative ring, abelian group or module, consider using `noncomm_ring`, `abel` or `module` instead.
ℹ [9161/9189] Replayed MolecularDynamics.Chapter06.LangevinHamiltonianExpectedDrift
info: MolecularDynamics/Chapter06/LangevinHamiltonianExpectedDrift.lean:410:2: Try this:
  [apply] ring_nf
  
  The `ring` tactic failed to close the goal. Use `ring_nf` to obtain a normal form.
    
  Note that `ring` works primarily in *commutative* rings. If you have a noncommutative ring, abelian group or module, consider using `noncomm_ring`, `abel` or `module` instead.
info: MolecularDynamics/Chapter06/LangevinHamiltonianExpectedDrift.lean:425:2: Try this:
  [apply] ring_nf
  
  The `ring` tactic failed to close the goal. Use `ring_nf` to obtain a normal form.
    
  Note that `ring` works primarily in *commutative* rings. If you have a noncommutative ring, abelian group or module, consider using `noncomm_ring`, `abel` or `module` instead.
ℹ [9166/9189] Replayed MolecularDynamics.Chapter06.LangevinHamiltonianPowerExpectedDrift
info: MolecularDynamics/Chapter06/LangevinHamiltonianPowerExpectedDrift.lean:202:2: Try this:
  [apply] ring_nf
  
  The `ring` tactic failed to close the goal. Use `ring_nf` to obtain a normal form.
    
  Note that `ring` works primarily in *commutative* rings. If you have a noncommutative ring, abelian group or module, consider using `noncomm_ring`, `abel` or `module` instead.
info: MolecularDynamics/Chapter06/LangevinHamiltonianPowerExpectedDrift.lean:223:2: Try this:
  [apply] ring_nf
  
  The `ring` tactic failed to close the goal. Use `ring_nf` to obtain a normal form.
    
  Note that `ring` works primarily in *commutative* rings. If you have a noncommutative ring, abelian group or module, consider using `noncomm_ring`, `abel` or `module` instead.
✔ [9187/9189] Built MolecularDynamics.Chapter06.LangevinCanonicalWeakBalance (169s)
✔ [9188/9189] Built MolecularDynamicsFormalization (259s)
Build completed successfully (9189 jobs).