docs/verification/2026-10-06-BrownianGroundStateCore/Draft.lean:56:10: error: Tactic `rewrite` failed: Did not find an occurrence of the pattern
  textbookGibbsNormalizedGroundStateFactor U β (q + fun i => ↑(z i))
in the target expression
  (fun q => textbookGibbsNormalizedGroundStateFactor U β q * ↑f q) (q + fun i => ↑(z i)) =
    (fun q => textbookGibbsNormalizedGroundStateFactor U β q * ↑f q) q

Nc : ℕ
U : (Fin Nc → ℝ) → ℝ
hU : ContDiff ℝ ∞ U
hPU : textbookUnitPeriodicPotential U
β : ℝ
f : ↥(textbookPeriodicSmoothSpace Nc)
q : Fin Nc → ℝ
z : Fin Nc → ℤ
⊢ (fun q => textbookGibbsNormalizedGroundStateFactor U β q * ↑f q) (q + fun i => ↑(z i)) =
    (fun q => textbookGibbsNormalizedGroundStateFactor U β q * ↑f q) q
docs/verification/2026-10-06-BrownianGroundStateCore/Draft.lean:60:10: error: Tactic `rewrite` failed: Did not find an occurrence of the pattern
  textbookGibbsNormalizedGroundStateInverse U β (q + fun i => ↑(z i))
in the target expression
  (fun q => textbookGibbsNormalizedGroundStateInverse U β q * ↑f q) (q + fun i => ↑(z i)) =
    (fun q => textbookGibbsNormalizedGroundStateInverse U β q * ↑f q) q

Nc : ℕ
U : (Fin Nc → ℝ) → ℝ
hU : ContDiff ℝ ∞ U
hPU : textbookUnitPeriodicPotential U
β : ℝ
f : ↥(textbookPeriodicSmoothSpace Nc)
q : Fin Nc → ℝ
z : Fin Nc → ℤ
⊢ (fun q => textbookGibbsNormalizedGroundStateInverse U β q * ↑f q) (q + fun i => ↑(z i)) =
    (fun q => textbookGibbsNormalizedGroundStateInverse U β q * ↑f q) q
docs/verification/2026-10-06-BrownianGroundStateCore/Draft.lean:122:2: error: No goals to be solved
docs/verification/2026-10-06-BrownianGroundStateCore/Draft.lean:139:8: error: Tactic `rewrite` failed: Did not find an occurrence of the pattern
  (textbookGibbsHaarGroundStateIsometry ?U ?hU ?hPU ?β) ((textbookPeriodicSmoothEmbedding ?U ?hU ?hPU ?β) ?f)
in the target expression
  (fun f => (textbookGibbsHaarGroundStateIsometry U hU hPU β) ((textbookPeriodicSmoothEmbedding U hU hPU β) f))
      ((textbookGibbsGroundStateSmoothEquiv U hU hPU β).symm f) =
    (textbookPeriodicSmoothHaarEmbedding Nc) f

case mpr
Nc : ℕ
U : (Fin Nc → ℝ) → ℝ
hU : ContDiff ℝ ∞ U
hPU : textbookUnitPeriodicPotential U
β : ℝ
f : ↥(textbookPeriodicSmoothSpace Nc)
⊢ (fun f => (textbookGibbsHaarGroundStateIsometry U hU hPU β) ((textbookPeriodicSmoothEmbedding U hU hPU β) f))
      ((textbookGibbsGroundStateSmoothEquiv U hU hPU β).symm f) =
    (textbookPeriodicSmoothHaarEmbedding Nc) f
