docs/verification/2026-10-06-BrownianL1ProbabilitySemigroup/Draft.lean:75:26: error: Application type mismatch: The argument
  Eventually.of_forall fun Q => textbookBrownianTorusProbabilityOperator_norm_expectation m hm U hU hp β hβ B P hB t F Q
has type
  ∀ᶠ (x : UnitAddTorus (Fin N)) in ?m.196,
    ‖((textbookBrownianTorusProbabilityOperator m hm U hU hp β hβ B P hB t) F) x‖ ≤
      ((textbookBrownianTorusProbabilityOperator m hm U hU hp β hβ B P hB t)
          { toFun := fun X => ‖F X‖, continuous_toFun := ⋯ })
        x
but is expected to have type
  (fun Q => ‖PF Q‖) ≤ ⇑PA
in the application
  integral_mono hiF hiA
    (Eventually.of_forall fun Q =>
      textbookBrownianTorusProbabilityOperator_norm_expectation m hm U hU hp β hβ B P hB t F Q)
docs/verification/2026-10-06-BrownianL1ProbabilitySemigroup/Draft.lean:111:4: error: Type mismatch: After simplification, term
  textbookBrownianProbabilityGibbsL1_input_norm_le m hm U hU hp β hβ B P hB t G
 has type
  @LE.le ℝ Real.instLE
    ‖(textbookGibbsContinuousToL1 U hU hp β) ((textbookBrownianTorusProbabilityOperator m hm U hU hp β hβ B P hB t) G)‖
    ‖(textbookGibbsContinuousToL1 U hU hp β) G‖
but is expected to have type
  @LE.le ℝ Real.instLE
    ‖↑(textbookGibbsContinuousToL1 U hU hp β ∘SL textbookBrownianTorusProbabilityOperator m hm U hU hp β hβ B P hB t) G‖
    ‖↑(textbookGibbsContinuousToL1 U hU hp β) G‖
docs/verification/2026-10-06-BrownianL1ProbabilitySemigroup/Draft.lean:121:2: error: Type mismatch: After simplification, term
  textbookBrownianProbabilityGibbsL1_input_norm_le m hm U hU hp β hβ B P hB t F
 has type
  @LE.le ℝ Real.instLE
    ‖(textbookGibbsContinuousToL1 U hU hp β) ((textbookBrownianTorusProbabilityOperator m hm U hU hp β hβ B P hB t) F)‖
    ‖(textbookGibbsContinuousToL1 U hU hp β) F‖
but is expected to have type
  @LE.le ℝ Real.instLE
    ‖↑(textbookGibbsContinuousToL1 U hU hp β ∘SL textbookBrownianTorusProbabilityOperator m hm U hU hp β hβ B P hB t) F‖
    ‖↑(textbookGibbsContinuousToL1 U hU hp β) F‖
