Complex.imCLM : ℂ →L[ℝ] ℝ
ContinuousLinearMap.coeFn_compLpL.{u_1, u_4, u_5, u_6, u_7} {α : Type u_1} {E : Type u_4} {F : Type u_5}
  {m : MeasurableSpace α} {p : ENNReal} {μ : MeasureTheory.Measure α} [NormedAddCommGroup E] [NormedAddCommGroup F]
  {𝕜 : Type u_6} {𝕜' : Type u_7} [NontriviallyNormedField 𝕜] [NontriviallyNormedField 𝕜'] [NormedSpace 𝕜 E]
  [NormedSpace 𝕜' F] {σ : 𝕜 →+* 𝕜'} [RingHomIsometric σ] [Fact (1 ≤ p)] (L : E →SL[σ] F)
  (f : ↥(MeasureTheory.Lp E p μ)) : ↑↑((ContinuousLinearMap.compLpL p μ L) f) =ᵐ[μ] fun a => L (↑↑f a)
Complex.re_add_im (z : ℂ) : ↑z.re + ↑z.im * Complex.I = z
FiniteDimensional.of_surjective.{u, v, v'} {K : Type u} {V : Type v} [DivisionRing K] [AddCommGroup V] [Module K V]
  {V₂ : Type v'} [AddCommGroup V₂] [Module K V₂] (f : V →ₗ[K] V₂) (w : Function.Surjective ⇑f) [FiniteDimensional K V] :
  FiniteDimensional K V₂
LinearEquiv.finiteDimensional.{u, v, v'} {K : Type u} {V : Type v} [DivisionRing K] [AddCommGroup V] [Module K V]
  {V₂ : Type v'} [AddCommGroup V₂] [Module K V₂] (f : V ≃ₗ[K] V₂) [FiniteDimensional K V] : FiniteDimensional K V₂
LinearIndependent.restrict_scalars'.{u', u_2, u_3, u_4} {ι : Type u'} (R : Type u_2) {K : Type u_3} {M : Type u_4}
  [Semiring R] [AddCommMonoid M] [Module R M] [Semiring K] [SMulWithZero R K] [Module K M] [IsScalarTower R K M]
  [FaithfulSMul R K] [IsScalarTower R K K] {v : ι → M} (li : LinearIndependent K v) : LinearIndependent R v
LinearIndependent.lt_aleph0_of_finiteDimensional.{u, v, w} {K : Type u} {V : Type v} [DivisionRing K] [AddCommGroup V]
  [Module K V] {ι : Type w} [FiniteDimensional K V] {v : ι → V} (h : LinearIndependent K v) :
  Cardinal.mk ι < Cardinal.aleph0
Cardinal.lt_aleph0_iff_finite.{u} {α : Type u} : Cardinal.mk α < Cardinal.aleph0 ↔ Finite α
HilbertBasis.toOrthonormalBasis.{u_1, u_2, u_3} {ι : Type u_1} {𝕜 : Type u_2} [RCLike 𝕜] {E : Type u_3}
  [NormedAddCommGroup E] [InnerProductSpace 𝕜 E] [Fintype ι] (b : HilbertBasis ι 𝕜 E) : OrthonormalBasis ι 𝕜 E
Module.Basis.finiteDimensional_of_finite.{u, v, w} {K : Type u} {V : Type v} [DivisionRing K] [AddCommGroup V]
  [Module K V] {ι : Type w} [Finite ι] (h : Module.Basis ι K V) : FiniteDimensional K V
finite_or_infinite.{u_3} (α : Sort u_3) : Finite α ∨ Infinite α
nonempty_denumerable.{u_3} (α : Type u_3) [Countable α] [Infinite α] : Nonempty (Denumerable α)
Denumerable.eqv.{u_3} (α : Type u_3) [Denumerable α] : α ≃ ℕ
HilbertBasis.dense_span.{u_1, u_2, u_3} {ι : Type u_1} {𝕜 : Type u_2} [RCLike 𝕜] {E : Type u_3} [NormedAddCommGroup E]
  [InnerProductSpace 𝕜 E] (b : HilbertBasis ι 𝕜 E) : (Submodule.span 𝕜 (Set.range ⇑b)).topologicalClosure = ⊤
Orthonormal.comp.{u_1, u_2, u_4, u_5} {𝕜 : Type u_1} {E : Type u_2} [RCLike 𝕜] [SeminormedAddCommGroup E]
  [InnerProductSpace 𝕜 E] {ι : Type u_4} {ι' : Type u_5} {v : ι → E} (hv : Orthonormal 𝕜 v) (f : ι' → ι)
  (hf : Function.Injective f) : Orthonormal 𝕜 (v ∘ f)
Set.range_comp.{u_1, u_2, u_4} {α : Type u_1} {β : Type u_2} {ι : Sort u_4} (g : α → β) (f : ι → α) :
  Set.range (g ∘ f) = g '' Set.range f
Function.Injective.tendsto_cofinite.{u_2, u_3} {α : Type u_2} {β : Type u_3} {f : α → β} (hf : Function.Injective f) :
  Filter.Tendsto f Filter.cofinite Filter.cofinite
Nat.cofinite_eq_atTop : Filter.cofinite = Filter.atTop
