docs/verification/2026-10-07-LangevinHarrisSkeleton/Draft.lean:70:33: error: Tactic `rewrite` failed: Did not find an occurrence of the pattern
  textbookLangevinPeriodicTransitionKernel B P U hU hp L hF γ σ 0
in the target expression
  ∫ (y : textbookLangevinPeriodicPhase N), f y ∂(K 0) x = f x

N : ℕ
Ω : Type u_1
inst✝ : MeasurableSpace Ω
B : ℝ≥0 → Ω → Fin N → ℝ
P : Measure Ω
hB : textbookIsWienerVector B P
U : (Fin N → ℝ) → ℝ
hU : ContDiff ℝ ∞ U
hp : textbookUnitPeriodicPotential U
L : ℝ≥0
hF : LipschitzWith L (textbookPotentialForce U)
γ σ : ℝ
hLower : ∀ (q : Fin N → ℝ), 1 ≤ U q
hγ : 0 < γ
τ : ℝ≥0
l : ℕ
hl : 1 ≤ l
β a : ℝ
ha : 0 ≤ a
hstep :
  ∀ (g : textbookLangevinPeriodicPhase N → ℝ) (A : ℝ),
    Measurable g →
      0 ≤ A →
        textbookLangevinWeightedOscillationBound (textbookLangevinPeriodicHamiltonianPower U l) β g A →
          (∀ (x : textbookLangevinPeriodicPhase N),
              Integrable g ((textbookLangevinPeriodicTransitionKernel B P U hU hp L hF γ σ τ) x)) ∧
            (Measurable fun x =>
                ∫ (y : textbookLangevinPeriodicPhase N),
                  g y ∂(textbookLangevinPeriodicTransitionKernel B P U hU hp L hF γ σ τ) x) ∧
              textbookLangevinWeightedOscillationBound (textbookLangevinPeriodicHamiltonianPower U l) β
                (fun x =>
                  ∫ (y : textbookLangevinPeriodicPhase N),
                    g y ∂(textbookLangevinPeriodicTransitionKernel B P U hU hp L hF γ σ τ) x)
                (a * A)
f : textbookLangevinPeriodicPhase N → ℝ
C : ℝ
hf : Measurable f
hC : 0 ≤ C
hosc : textbookLangevinWeightedOscillationBound (textbookLangevinPeriodicHamiltonianPower U l) β f C
K : ℝ≥0 → Kernel (textbookLangevinPeriodicPhase N) (textbookLangevinPeriodicPhase N) :=
  textbookLangevinPeriodicTransitionKernel B P U hU hp L hF γ σ
V : textbookLangevinPeriodicPhase N → ℝ := textbookLangevinPeriodicHamiltonianPower U l
F : ℕ → textbookLangevinPeriodicPhase N → ℝ := fun n x => ∫ (y : textbookLangevinPeriodicPhase N), f y ∂(K (↑n * τ)) x
hfK : ∀ (T : ℝ≥0) (x : textbookLangevinPeriodicPhase N), Integrable f ((K T) x)
hFm : ∀ (n : ℕ), Measurable (F n)
x : textbookLangevinPeriodicPhase N
⊢ ∫ (y : textbookLangevinPeriodicPhase N), f y ∂(K 0) x = f x
docs/verification/2026-10-07-LangevinHarrisSkeleton/Draft.lean:163:77: error: Type mismatch
  integrable_dirac
has type
  ‖?m.338 ?m.337‖ₑ < ∞ → Integrable ?m.338 (Measure.dirac ?m.337)
but is expected to have type
  Integrable V ↑δ
docs/verification/2026-10-07-LangevinHarrisSkeleton/Draft.lean:173:2: error: Type mismatch
  hh
has type
  ‖∫ (x : textbookLangevinPeriodicPhase N),
          ∫ (y : textbookLangevinPeriodicPhase N),
            f y ∂(textbookLangevinPeriodicTransitionKernel B P U hU hp L hF γ σ (↑n * τ)) x ∂↑⟨Measure.dirac x, ⋯⟩ -
        ∫ (x : textbookLangevinPeriodicPhase N), f x ∂↑μ‖ ≤
    a ^ n * C *
      (2 +
        β *
          (∫ (x : textbookLangevinPeriodicPhase N), V x ∂↑⟨Measure.dirac x, ⋯⟩ +
            ∫ (x : textbookLangevinPeriodicPhase N), V x ∂↑μ))
but is expected to have type
  ‖∫ (y : textbookLangevinPeriodicPhase N),
          f y ∂(textbookLangevinPeriodicTransitionKernel B P U hU hp L hF γ σ (↑n * τ)) x -
        ∫ (y : textbookLangevinPeriodicPhase N), f y ∂↑μ‖ ≤
    a ^ n * C *
      (2 +
        β *
          (textbookLangevinPeriodicHamiltonianPower U l x +
            ∫ (y : textbookLangevinPeriodicPhase N), textbookLangevinPeriodicHamiltonianPower U l y ∂↑μ))
docs/verification/2026-10-07-LangevinHarrisSkeleton/Draft.lean:171:16: warning: This simp argument is unused:
  integral_dirac

Hint: Omit it from the simp argument list.
  [apply] simp only [δ] at hh

Note: This linter can be disabled with `set_option linter.unusedSimpArgs false`
docs/verification/2026-10-07-LangevinHarrisSkeleton/Draft.lean:220:41: error: (deterministic) timeout at `whnf`, maximum number of heartbeats (200000) has been reached

Note: Use `set_option maxHeartbeats <num>` to set the limit.

Hint: Additional diagnostic information may be available using the `set_option diagnostics true` command.
docs/verification/2026-10-07-LangevinHarrisSkeleton/Draft.lean:222:4: error: (deterministic) timeout at `«tactic execution»`, maximum number of heartbeats (200000) has been reached

Note: Use `set_option maxHeartbeats <num>` to set the limit.

Hint: Additional diagnostic information may be available using the `set_option diagnostics true` command.
docs/verification/2026-10-07-LangevinHarrisSkeleton/Draft.lean:176:0: error: (deterministic) timeout at `whnf`, maximum number of heartbeats (200000) has been reached

Note: Use `set_option maxHeartbeats <num>` to set the limit.

Hint: Additional diagnostic information may be available using the `set_option diagnostics true` command.
