docs/verification/2026-10-07-LangevinCompactC2Domain/Draft.lean:151:6: error: Tactic `rewrite` failed: Did not find an occurrence of the pattern
  (↑T).toNNReal
in the target expression
  ∫ (y : ℝ) in 0..↑T, ((S y.toNNReal) g) x = ((S (↑T).toNNReal) f) x - ((S (Real.toNNReal 0)) f) x

N : ℕ
Ω : Type u_1
inst✝ : MeasurableSpace Ω
B : ℝ≥0 → Ω → Fin N → ℝ
P : Measure Ω
hB : textbookIsWienerVector B P
U : (Fin N → ℝ) → ℝ
hU : ContDiff ℝ ∞ U
hp : textbookUnitPeriodicPotential U
L : ℝ≥0
hF : LipschitzWith L (textbookPotentialForce U)
γ σ : ℝ
hγ : 0 < γ
F : textbookLangevinPeriodicPhase N → ℝ
hG : ContDiff ℝ 2 (F ∘ textbookLangevinPeriodicProjection)
hcs : HasCompactSupport F
T : ℝ≥0
hc : ∀ (v : textbookLangevinPeriodicPhase N →C₀ ℝ), Continuous fun s => (S s.toNNReal) v
x : textbookLangevinPeriodicPhase N
hfC : Continuous fun s => ((S s.toNNReal) f) x
hgC : Continuous fun s => ((S s.toNNReal) g) x
he : ∫ (y : ℝ) in 0..↑T, ((S y.toNNReal) g) x = ((S (↑T).toNNReal) f) x - ((S (Real.toNNReal 0)) f) x
hT : (↑T).toNNReal = T
⊢ ∫ (s : ℝ) in 0..↑T, ((S s.toNNReal) g) x = ((S T) f) x - f x
