docs/verification/2026-10-07-LangevinC2Generator/Draft.lean:17:64: error: unsolved goals
case fst
N : ℕ
v : textbookLangevinPhase N
i : Fin N
⊢ v.1 i = (∑ a₁, (v.1 a₁ • Pi.single a₁ 1, 0)).1 i + (∑ a₂, (0, v.2 a₂ • Pi.single a₂ 1)).1 i

case snd
N : ℕ
v : textbookLangevinPhase N
i : Fin N
⊢ v.2 i = (∑ a₁, (v.1 a₁ • Pi.single a₁ 1, 0)).2 i + (∑ a₂, (0, v.2 a₂ • Pi.single a₂ 1)).2 i
docs/verification/2026-10-07-LangevinC2Generator/Draft.lean:20:66: warning: This simp argument is unused:
  Finset.sum_apply

Hint: Omit it from the simp argument list.
  [apply] simp [Fintype.sum_sum_type, c2Gen_coord, c2Gen_basis, Pi.single_apply, Pi.smul_apply]

Note: This linter can be disabled with `set_option linter.unusedSimpArgs false`
docs/verification/2026-10-07-LangevinC2Generator/Draft.lean:21:4: warning: This simp argument is unused:
  Pi.single_apply

Hint: Omit it from the simp argument list.
  [apply] simp [Fintype.sum_sum_type, c2Gen_coord, c2Gen_basis, Finset.sum_apply, Pi.smul_apply]

Note: This linter can be disabled with `set_option linter.unusedSimpArgs false`
docs/verification/2026-10-07-LangevinC2Generator/Draft.lean:21:21: warning: This simp argument is unused:
  Pi.smul_apply

Hint: Omit it from the simp argument list.
  [apply] simp [Fintype.sum_sum_type, c2Gen_coord, c2Gen_basis, Finset.sum_apply, Pi.single_apply]

Note: This linter can be disabled with `set_option linter.unusedSimpArgs false`
docs/verification/2026-10-07-LangevinC2Generator/Draft.lean:25:70: error: unsolved goals
N : ℕ
A : textbookLangevinPhase N →L[ℝ] ℝ
v : textbookLangevinPhase N
⊢ ∑ x, c2Gen_coord v x * A (c2Gen_basis x) =
    ∑ x, c2Gen_coord (∑ a, c2Gen_coord v a • c2Gen_basis a) x * A (c2Gen_basis x)
docs/verification/2026-10-07-LangevinC2Generator/Draft.lean:40:6: error: Tactic `apply` failed: could not unify the conclusion of `Finset.sum_congr rfl`
  Finset.sum ?m.105 ?m.102 = Finset.sum ?m.105 ?m.103
with the goal
  ∑ x,
        c2Gen_coord v (Sum.inl x) *
          (∑ x_1, c2Gen_coord v (Sum.inl x_1) * (H (c2Gen_basis (Sum.inl x))) (c2Gen_basis (Sum.inl x_1)) +
            ∑ x_1, c2Gen_coord v (Sum.inr x_1) * (H (c2Gen_basis (Sum.inl x))) (c2Gen_basis (Sum.inr x_1))) +
      ∑ x,
        c2Gen_coord v (Sum.inr x) *
          (∑ x_1, c2Gen_coord v (Sum.inl x_1) * (H (c2Gen_basis (Sum.inr x))) (c2Gen_basis (Sum.inl x_1)) +
            ∑ x_1, c2Gen_coord v (Sum.inr x_1) * (H (c2Gen_basis (Sum.inr x))) (c2Gen_basis (Sum.inr x_1))) =
    ∑ a₁,
        (∑ a₁_1,
            (H (c2Gen_basis (Sum.inl a₁))) (c2Gen_basis (Sum.inl a₁_1)) *
              (c2Gen_coord v (Sum.inl a₁) * c2Gen_coord v (Sum.inl a₁_1)) +
          ∑ a₂,
            (H (c2Gen_basis (Sum.inl a₁))) (c2Gen_basis (Sum.inr a₂)) *
              (c2Gen_coord v (Sum.inl a₁) * c2Gen_coord v (Sum.inr a₂))) +
      ∑ a₂,
        (∑ a₁,
            (H (c2Gen_basis (Sum.inr a₂))) (c2Gen_basis (Sum.inl a₁)) *
              (c2Gen_coord v (Sum.inr a₂) * c2Gen_coord v (Sum.inl a₁)) +
          ∑ a₂_1,
            (H (c2Gen_basis (Sum.inr a₂))) (c2Gen_basis (Sum.inr a₂_1)) *
              (c2Gen_coord v (Sum.inr a₂) * c2Gen_coord v (Sum.inr a₂_1)))

Note: The full type of `Finset.sum_congr rfl` is
  (∀ x ∈ ?m.105, ?m.102 x = ?m.103 x) → Finset.sum ?m.105 ?m.102 = Finset.sum ?m.105 ?m.103

N : ℕ
H : textbookLangevinPhase N →L[ℝ] textbookLangevinPhase N →L[ℝ] ℝ
v : textbookLangevinPhase N
he : v = ∑ a, c2Gen_coord v a • c2Gen_basis a
⊢ ∑ x,
        c2Gen_coord v (Sum.inl x) *
          (∑ x_1, c2Gen_coord v (Sum.inl x_1) * (H (c2Gen_basis (Sum.inl x))) (c2Gen_basis (Sum.inl x_1)) +
            ∑ x_1, c2Gen_coord v (Sum.inr x_1) * (H (c2Gen_basis (Sum.inl x))) (c2Gen_basis (Sum.inr x_1))) +
      ∑ x,
        c2Gen_coord v (Sum.inr x) *
          (∑ x_1, c2Gen_coord v (Sum.inl x_1) * (H (c2Gen_basis (Sum.inr x))) (c2Gen_basis (Sum.inl x_1)) +
            ∑ x_1, c2Gen_coord v (Sum.inr x_1) * (H (c2Gen_basis (Sum.inr x))) (c2Gen_basis (Sum.inr x_1))) =
    ∑ a₁,
        (∑ a₁_1,
            (H (c2Gen_basis (Sum.inl a₁))) (c2Gen_basis (Sum.inl a₁_1)) *
              (c2Gen_coord v (Sum.inl a₁) * c2Gen_coord v (Sum.inl a₁_1)) +
          ∑ a₂,
            (H (c2Gen_basis (Sum.inl a₁))) (c2Gen_basis (Sum.inr a₂)) *
              (c2Gen_coord v (Sum.inl a₁) * c2Gen_coord v (Sum.inr a₂))) +
      ∑ a₂,
        (∑ a₁,
            (H (c2Gen_basis (Sum.inr a₂))) (c2Gen_basis (Sum.inl a₁)) *
              (c2Gen_coord v (Sum.inr a₂) * c2Gen_coord v (Sum.inl a₁)) +
          ∑ a₂_1,
            (H (c2Gen_basis (Sum.inr a₂))) (c2Gen_basis (Sum.inr a₂_1)) *
              (c2Gen_coord v (Sum.inr a₂) * c2Gen_coord v (Sum.inr a₂_1)))
docs/verification/2026-10-07-LangevinC2Generator/Draft.lean:39:44: warning: This simp argument is unused:
  Finset.mul_sum

Hint: Omit it from the simp argument list.
  [apply] simp [map_sum, map_smul, smul_eq_mul]

Note: This linter can be disabled with `set_option linter.unusedSimpArgs false`
docs/verification/2026-10-07-LangevinC2Generator/Draft.lean:111:6: error: Type mismatch: After simplification, term
  textbookLangevinPeriodicConfigurationLift_momentum_increment_product_div_time_tendsto_zero B P hB U hU hp L hF γ σ hγ
    x j i
 has type
  @Tendsto ℝ ℝ
    (fun T =>
      (∫ (sample : Ω),
          (textbookLangevinPeriodicConfigurationLift B U L hF γ σ T x sample j -
              textbookLangevinPeriodicRepresentative x.1 j) *
            ((textbookLangevinPeriodicGlobalRandomPhase U L hF γ σ x B T sample).2 i - x.2 i) ∂P) /
        T)
    (𝓝[>] 0) (𝓝 0)
but is expected to have type
  @Tendsto ℝ ℝ
    (fun T =>
      (∫ (sample : Ω),
          c2Gen_coord (textbookLangevinPeriodicRealPhaseIncrement B U L hF γ σ T x sample) (Sum.inl j) *
            c2Gen_coord (textbookLangevinPeriodicRealPhaseIncrement B U L hF γ σ T x sample) (Sum.inr i) ∂P) /
        T)
    (𝓝[>] 0) (𝓝 (c2Gen_cov σ (Sum.inr i) (Sum.inl j)))
docs/verification/2026-10-07-LangevinC2Generator/Draft.lean:137:5: error(lean.synthInstanceFailed): failed to synthesize instance of type class
  IsFiniteMeasure P

Hint: Type class instance resolution failures can be inspected with the `set_option trace.Meta.synthInstance true` command.
docs/verification/2026-10-07-LangevinC2Generator/Draft.lean:140:11: error: Tactic `simp` failed with a nested error:
maximum recursion depth has been reached
use `set_option maxRecDepth <num>` to increase limit
use `set_option diagnostics true` to get diagnostic information
