'MolecularDynamics.nBodyKineticEnergy_nonneg' depends on axioms: [propext, Classical.choice, Quot.sound]
'MolecularDynamics.unflatten_flatten' depends on axioms: [propext, Classical.choice, Quot.sound]
'MolecularDynamics.flatten_unflatten' depends on axioms: [propext, Classical.choice, Quot.sound]
'MolecularDynamics.coordinateMassesOfParticles_pos_iff' depends on axioms: [propext, Classical.choice, Quot.sound]
'MolecularDynamics.nBodyKineticEnergy_particle_eq' depends on axioms: [propext, Classical.choice, Quot.sound]
'MolecularDynamics.diagonalMassMatrix_posDef_iff' depends on axioms: [propext, Classical.choice, Quot.sound]
'MolecularDynamics.diagonalMassMatrix_inv_eq' depends on axioms: [propext, Classical.choice, Quot.sound]
'MolecularDynamics.diagonalMassMatrix_inv_mulVec' depends on axioms: [propext, Classical.choice, Quot.sound]
'MolecularDynamics.massOperator_velocityOperator' depends on axioms: [propext, Classical.choice, Quot.sound]
'MolecularDynamics.velocityOperator_massOperator' depends on axioms: [propext, Classical.choice, Quot.sound]
'MolecularDynamics.isMechanicalSolutionOn_iff_components' depends on axioms: [propext, Classical.choice, Quot.sound]
'MolecularDynamics.momentum_eq_mass_deriv_position' depends on axioms: [propext, Classical.choice, Quot.sound]
'MolecularDynamics.hasDerivAt_deriv_position' depends on axioms: [propext, Classical.choice, Quot.sound]
'MolecularDynamics.solution_nBodyEquationAt' depends on axioms: [propext, Classical.choice, Quot.sound]
'MolecularDynamics.solution_nBodyEquationAt_of_differentiable' depends on axioms: [propext,
 Classical.choice,
 Quot.sound]
'MolecularDynamics.solution_hasGradientAt_potential' depends on axioms: [propext, Classical.choice, Quot.sound]
'MolecularDynamics.newtonTrajectory_to_mechanicalSolution' depends on axioms: [propext, Classical.choice, Quot.sound]
'MolecularDynamics.freeParticle_localIVP' depends on axioms: [propext, Classical.choice, Quot.sound]
'MolecularDynamics.IsLocalMechanicalIVP.initial_mem' depends on axioms: [propext, Classical.choice, Quot.sound]
'MolecularDynamics.momentumKineticEnergy_eq_inner' depends on axioms: [propext, Classical.choice, Quot.sound]
'MolecularDynamics.momentumKineticEnergy_massOperator' depends on axioms: [propext, Classical.choice, Quot.sound]
'MolecularDynamics.massHamiltonian_massOperator' depends on axioms: [propext, Classical.choice, Quot.sound]
'MolecularDynamics.massHamiltonian_particle' depends on axioms: [propext, Classical.choice, Quot.sound]
'MolecularDynamics.massHamiltonian_velocityOperator' depends on axioms: [propext, Classical.choice, Quot.sound]
'MolecularDynamics.hasGradientAt_momentumKineticEnergy' depends on axioms: [propext, Classical.choice, Quot.sound]
'MolecularDynamics.gradient_momentumKineticEnergy_eq_velocityOperator' depends on axioms: [propext,
 Classical.choice,
 Quot.sound]
'MolecularDynamics.gradient_position_slice' depends on axioms: [propext, Classical.choice, Quot.sound]
'MolecularDynamics.hasGradientAt_position_slice' depends on axioms: [propext, Classical.choice, Quot.sound]
'MolecularDynamics.hamiltonianVectorField_eq' depends on axioms: [propext, Classical.choice, Quot.sound]
'MolecularDynamics.mechanical_energy_hasDerivAt_zero' depends on axioms: [propext, Classical.choice, Quot.sound]
'MolecularDynamics.mechanical_energy_const_on_Ioo' depends on axioms: [propext, Classical.choice, Quot.sound]
'MolecularDynamics.mechanicalVectorField_contDiffAt' depends on axioms: [propext, Classical.choice, Quot.sound]
'MolecularDynamics.exists_localMechanicalIVP_open_of_force_contDiffAt' depends on axioms: [propext,
 Classical.choice,
 Quot.sound]
'MolecularDynamics.mechanicalSolution_unique_on_Ioo' depends on axioms: [propext, Classical.choice, Quot.sound]
'MolecularDynamics.mechanicalSolution_eventually_unique_of_contDiffAt' depends on axioms: [propext,
 Classical.choice,
 Quot.sound]
'MolecularDynamics.totalMomentumCoordinate_hasDerivAt_zero' depends on axioms: [propext, Classical.choice, Quot.sound]
'MolecularDynamics.totalMomentumCoordinate_const_on_Ioo' depends on axioms: [propext, Classical.choice, Quot.sound]
'MolecularDynamics.strictPotentialMin_mechanicalEquilibrium' depends on axioms: [propext, Classical.choice, Quot.sound]
'MolecularDynamics.momentumKineticEnergy_nonneg' depends on axioms: [propext, Classical.choice, Quot.sound]
'MolecularDynamics.momentum_norm_sq_le' depends on axioms: [propext, Classical.choice, Quot.sound]
'MolecularDynamics.momentum_norm_le_of_energy' depends on axioms: [propext, Classical.choice, Quot.sound]
'MolecularDynamics.momentum_norm_lt_of_kineticEnergy' depends on axioms: [propext, Classical.choice, Quot.sound]
'MolecularDynamics.isCompact_phaseEnergySublevel' depends on axioms: [propext, Classical.choice, Quot.sound]
'MolecularDynamics.mechanicalSolution_below_barrier_stays_in_ball' depends on axioms: [propext,
 Classical.choice,
 Quot.sound]
'MolecularDynamics.mechanicalSolution_phase_dist_lt' depends on axioms: [propext, Classical.choice, Quot.sound]
'MolecularDynamics.exists_rightEndpointLimit_of_lipschitzOnWith' depends on axioms: [propext,
 Classical.choice,
 Quot.sound]
'MolecularDynamics.exists_rightEndpointLimit_mem_of_lipschitzOnWith' depends on axioms: [propext,
 Classical.choice,
 Quot.sound]
'MolecularDynamics.mechanicalSolution_lipschitzOnWith_of_field_bound' depends on axioms: [propext,
 Classical.choice,
 Quot.sound]
'MolecularDynamics.mechanicalSolution_has_rightEndpointLimit_of_field_bound' depends on axioms: [propext,
 Classical.choice,
 Quot.sound]
'MolecularDynamics.mechanicalSolution_has_rightEndpointLimit_of_compact' depends on axioms: [propext,
 Classical.choice,
 Quot.sound]
'MolecularDynamics.mechanicalSolution_unique_on_preconnected_of_contDiffAt' depends on axioms: [propext,
 Classical.choice,
 Quot.sound]
'MolecularDynamics.mechanicalSolution_glue_on_Ioo' depends on axioms: [propext, Classical.choice, Quot.sound]
'MolecularDynamics.strictOn_iff_punctured' depends on axioms: [propext, Classical.choice, Quot.sound]
'MolecularDynamics.strictUniv_iff' depends on axioms: [propext, Classical.choice, Quot.sound]
'MolecularDynamics.strictOn_isLocalMinOn' depends on axioms: [propext, Classical.choice, Quot.sound]
'MolecularDynamics.compact_positive_gap' depends on axioms: [propext, Classical.choice, Quot.sound]
'MolecularDynamics.fixed_sphere_barrier' depends on axioms: [propext, Classical.choice, Quot.sound]
'MolecularDynamics.open_domain_barrier' depends on axioms: [propext, Classical.choice, Quot.sound]
'MolecularDynamics.energy_excludes_sphere' depends on axioms: [propext, Classical.choice, Quot.sound]
'MolecularDynamics.energy_below_barrier_excludes_sphere' depends on axioms: [propext, Classical.choice, Quot.sound]
'MolecularDynamics.conserved_trajectory_stays_in_ball' depends on axioms: [propext, Classical.choice, Quot.sound]
'MolecularDynamics.conserved_trajectory_below_barrier_stays_in_ball' depends on axioms: [propext,
 Classical.choice,
 Quot.sound]
'MolecularDynamics.conserved_trajectory_center_below_barrier_stays_in_ball' depends on axioms: [propext,
 Classical.choice,
 Quot.sound]
'MolecularDynamics.open_domain_energy_confinement' depends on axioms: [propext, Classical.choice, Quot.sound]
'MolecularDynamics.zero_dimensional_sphere_empty' depends on axioms: [propext, Classical.choice, Quot.sound]
'MolecularDynamics.zero_dimensional_barrier' depends on axioms: [propext, Classical.choice, Quot.sound]
'MolecularDynamics.zero_dimensional_strict_min' depends on axioms: [propext, Classical.choice, Quot.sound]
'MolecularDynamics.singleton_relative_strict' depends on axioms: [propext, Classical.choice, Quot.sound]
'MolecularDynamics.singleton_sphere_not_subset' depends on axioms: [propext, Classical.choice, Quot.sound]
'MolecularDynamics.quartic_strict_min' depends on axioms: [propext, Classical.choice, Quot.sound]
'MolecularDynamics.quartic_sphere_barrier' depends on axioms: [propext, Classical.choice, Quot.sound]
'MolecularDynamics.constant_local_min' depends on axioms: [propext, Classical.choice, Quot.sound]
'MolecularDynamics.constant_not_strict' depends on axioms: [propext, Classical.choice, Quot.sound]
'MolecularDynamics.endpoint_strict_radius' depends on axioms: [propext, Classical.choice, Quot.sound]
'MolecularDynamics.endpoint_potential_continuous' depends on axioms: [propext, Classical.choice, Quot.sound]
'MolecularDynamics.endpoint_no_barrier' depends on axioms: [propext, Classical.choice, Quot.sound]
'MolecularDynamics.quartic_potential_continuous' depends on axioms: [propext, Classical.choice, Quot.sound]
Dependency audit passed for 208 imported project declarations; allowed: [propext, Classical.choice, Quot.sound].