docs/verification/2026-10-06-BrownianTransitionSemigroup/Draft.lean:94:8: error: Tactic `rewrite` failed: Did not find an occurrence of the pattern
  Measure.map (textbookBrownianTorusGlobalRandomConfiguration m hm U hU hPU β hβ x B (↑S + ↑T)) P.completion
in the target expression
  Measure.map (textbookBrownianTorusGlobalRandomConfiguration m hm U hU hPU β hβ x B (↑S + ↑T)) P.completion =
    ⇑(textbookBrownianTorusTransitionKernel m hm U hU hPU β hβ B P T) ∘ₘ
      Measure.map (textbookBrownianTorusGlobalRandomConfiguration m hm U hU hPU β hβ x B ↑S) P.completion

Nc : ℕ
m : Fin Nc → ℝ
hm : ∀ (i : Fin Nc), 0 < m i
U : (Fin Nc → ℝ) → ℝ
hU : ContDiff ℝ ∞ U
hPU : textbookUnitPeriodicPotential U
β : ℝ
hβ : 0 < β
Ω : Type u_1
inst✝ : MeasurableSpace Ω
B : ℝ≥0 → Ω → Fin Nc → ℝ
P : Measure Ω
hB : textbookIsWienerVector B P
x : UnitAddTorus (Fin Nc)
S T : ℝ≥0
this✝² : IsProbabilityMeasure P
this✝¹ : IsProbabilityMeasure P.completion
this✝ : IsMarkovKernel (textbookBrownianTorusTransitionKernel m hm U hU hPU β hβ B P T)
κ : Kernel (textbookWienerVectorCompletedHistorySpace B P hB S) (UnitAddTorus (Fin Nc)) :=
  (textbookBrownianTorusTransitionKernel m hm U hU hPU β hβ B P T).comap
    (fun sample => textbookBrownianTorusGlobalRandomConfiguration m hm U hU hPU β hβ x B (↑S) sample) ⋯
this : IsMarkovKernel κ
mH : Measurable (textbookWienerVectorCompletedHistoryObservation B P hB S)
mS : AEMeasurable (textbookBrownianTorusGlobalRandomConfiguration m hm U hU hPU β hβ x B ↑S) P
mY : AEMeasurable (textbookBrownianTorusGlobalRandomConfiguration m hm U hU hPU β hβ x B (↑S + ↑T)) P
hj :
  Measure.map (textbookBrownianTorusGlobalRandomConfiguration m hm U hU hPU β hβ x B (↑S + ↑T)) P.completion =
    ⇑κ ∘ₘ Measure.map (textbookWienerVectorCompletedHistoryObservation B P hB S) P.completion
⊢ Measure.map (textbookBrownianTorusGlobalRandomConfiguration m hm U hU hPU β hβ x B (↑S + ↑T)) P.completion =
    ⇑(textbookBrownianTorusTransitionKernel m hm U hU hPU β hβ B P T) ∘ₘ
      Measure.map (textbookBrownianTorusGlobalRandomConfiguration m hm U hU hPU β hβ x B ↑S) P.completion

Note: The target expression is not type-correct under the `implicit` transparency level, which may have triggered the failure. This is usually caused by unfolding of semireducible definitions in prior tactic steps. Use `set_option linter.tacticCheckInstances true` to investigate the source of the issue.
Full error:
  Application type mismatch: The argument
    B
  has type
    ℝ≥0 → Ω → Fin Nc → ℝ
  but is expected to have type
    ℝ≥0 → NullMeasurableSpace Ω P → Fin Nc → ℝ
  in the application
    textbookBrownianTorusGlobalRandomConfiguration m hm U hU hPU β hβ x B
docs/verification/2026-10-06-BrownianTransitionSemigroup/Draft.lean:100:2: error: Type mismatch: After simplification, term
  he
 has type
  Measure.map (textbookBrownianTorusGlobalRandomConfiguration m hm U hU hPU β hβ x B (↑S + ↑T)) P.completion =
    ⇑(textbookBrownianTorusTransitionKernel m hm U hU hPU β hβ B P T) ∘ₘ
      Measure.map (textbookBrownianTorusGlobalRandomConfiguration m hm U hU hPU β hβ x B ↑S) P.completion
but is expected to have type
  Measure.map (textbookBrownianTorusGlobalRandomConfiguration m hm U hU hPU β hβ x B (↑S + ↑T)) P =
    ⇑(textbookBrownianTorusTransitionKernel m hm U hU hPU β hβ B P T) ∘ₘ
      Measure.map (textbookBrownianTorusGlobalRandomConfiguration m hm U hU hPU β hβ x B ↑S) P
