Try this:
  [apply] ring_nf
  
  The `ring` tactic failed to close the goal. Use `ring_nf` to obtain a normal form.
    
  Note that `ring` works primarily in *commutative* rings. If you have a noncommutative ring, abelian group or module, consider using `noncomm_ring`, `abel` or `module` instead.
docs/verification/2026-10-04-Kepler/probes/KeplerPolarDynamicsProbe.lean:23:2: error: unsolved goals
case e'_8
r θ v ω : ℝ
⊢ (fun w => keplerPolarScalarLagrangian r θ v w) = fun x => v ^ 2 * (1 / 2) + r ^ 2 * x ^ 2 * (1 / 2) + r⁻¹
docs/verification/2026-10-04-Kepler/probes/KeplerPolarDynamicsProbe.lean:20:79: error: unsolved goals
case e'_9
r θ v ω : ℝ
⊢ r ^ 2 * ω = r ^ 2 * (↑2 * id ω ^ (2 - 1) * 1) / 2
docs/verification/2026-10-04-Kepler/probes/KeplerPolarDynamicsProbe.lean:34:4: error: No goals to be solved
'MolecularDynamics.keplerPolar_partial_v' depends on axioms: [propext, Classical.choice, Quot.sound]
'MolecularDynamics.keplerPolar_partial_ω' depends on axioms: [propext, sorryAx, Classical.choice, Quot.sound]
'MolecularDynamics.keplerPolar_partial_r' depends on axioms: [propext, sorryAx, Classical.choice, Quot.sound]
'MolecularDynamics.keplerPolar_partial_θ' depends on axioms: [propext, Classical.choice, Quot.sound]
'MolecularDynamics.keplerPolar_eulerLagrange_iff' depends on axioms: [propext, sorryAx, Classical.choice, Quot.sound]
'MolecularDynamics.keplerPolar_angular_const' depends on axioms: [propext, sorryAx, Classical.choice, Quot.sound]
'MolecularDynamics.keplerPolar_radial_reduction' depends on axioms: [propext, sorryAx, Classical.choice, Quot.sound]
