docs/verification/2026-10-07-LangevinCanonicalHilbertGraph/Draft.lean:52:2: error: No goals to be solved
docs/verification/2026-10-07-LangevinCanonicalHilbertGraph/Draft.lean:81:0: error: (deterministic) timeout at `whnf`, maximum number of heartbeats (200000) has been reached

Note: Use `set_option maxHeartbeats <num>` to set the limit.

Hint: Additional diagnostic information may be available using the `set_option diagnostics true` command.
docs/verification/2026-10-07-LangevinCanonicalHilbertGraph/Draft.lean:111:8: error: (kernel) unknown constant '_private.docs.verification.«2026-10-07-LangevinCanonicalHilbertGraph».Draft.0.MolecularDynamics.hilbert_O_compact'
docs/verification/2026-10-07-LangevinCanonicalHilbertGraph/Draft.lean:182:54: error: unsolved goals
N : ℕ
U : (Fin N → ℝ) → ℝ
hU : ContDiff ℝ ∞ U
hp : textbookUnitPeriodicPotential U
β γ σ : ℝ
hβ : 0 < β
hσ : σ ^ 2 = 2 * γ / β
f g : ↥(Lp ℝ 2 (textbookLangevinCanonicalMeasure U β hβ))
hfg : (f, g) ∈ closure (textbookLangevinCanonicalHilbertTestGraph U β γ σ hβ)
G : textbookLangevinPeriodicPhase N → ℝ
hG : ContDiff ℝ ∞ (G ∘ textbookLangevinPeriodicProjection)
hsG : HasCompactSupport G
H : AddSubgroup (textbookLangevinPeriodicPhase N →ₘ[textbookLangevinCanonicalMeasure U β hβ] ℝ) :=
  Lp ℝ 2 (textbookLangevinCanonicalMeasure U β hβ)
v : ↥H := textbookLangevinCanonicalL2CompactObservable U hU hp β hβ G ⋯ hsG
w : ↥H := MemLp.toLp (textbookLangevinCanonicalWeightedFormalAdjointExpression U β γ G) ⋯
Z : Set (↥H × ↥H) := {p | ⟪p.2, v⟫_ℝ = ⟪p.1, w⟫_ℝ}
hZ : IsClosed Z
p : ↥(Lp ℝ 2 (textbookLangevinCanonicalMeasure U β hβ)) × ↥(Lp ℝ 2 (textbookLangevinCanonicalMeasure U β hβ))
F : textbookLangevinPeriodicPhase N → ℝ
hsF : HasCompactSupport F
hF : ContDiff ℝ ∞ (F ∘ textbookLangevinPeriodicProjection)
hf : ↑↑p.1 =ᵐ[textbookLangevinCanonicalMeasure U β hβ] F
hg : ↑↑p.2 =ᵐ[textbookLangevinCanonicalMeasure U β hβ] textbookLangevinPeriodicDifferentialOperator U γ σ F
hv : ↑↑v =ᵐ[textbookLangevinCanonicalMeasure U β hβ] G
hw : ↑↑w =ᵐ[textbookLangevinCanonicalMeasure U β hβ] textbookLangevinCanonicalWeightedFormalAdjointExpression U β γ G
he :
  ∫ (x : textbookLangevinPeriodicPhase N),
      G x * textbookLangevinPeriodicDifferentialOperator U γ σ F x ∂textbookLangevinCanonicalMeasure U β hβ =
    ∫ (x : textbookLangevinPeriodicPhase N),
      textbookLangevinCanonicalWeightedFormalAdjointExpression U β γ G x * F x ∂textbookLangevinCanonicalMeasure U β hβ
x : textbookLangevinPeriodicPhase N
hx : ↑↑p.2 x = textbookLangevinPeriodicDifferentialOperator U γ σ F x
hy : ↑↑v x = G x
⊢ textbookLangevinPeriodicDifferentialOperator U γ σ F x * G x =
    G x * textbookLangevinPeriodicDifferentialOperator U γ σ F x
