ℹ [8988/9162] Replayed MolecularDynamics.Chapter06.LangevinCausalFlow
info: MolecularDynamics/Chapter06/LangevinCausalFlow.lean:179:2: Try this:
  [apply] abel_nf
ℹ [9078/9162] Replayed MolecularDynamics.Chapter06.LangevinMomentumVariation
info: MolecularDynamics/Chapter06/LangevinMomentumVariation.lean:76:4: Try this:
  [apply] ring_nf
  
  The `ring` tactic failed to close the goal. Use `ring_nf` to obtain a normal form.
    
  Note that `ring` works primarily in *commutative* rings. If you have a noncommutative ring, abelian group or module, consider using `noncomm_ring`, `abel` or `module` instead.
ℹ [9098/9162] Replayed MolecularDynamics.Chapter06.LangevinMomentumFirstMean
info: MolecularDynamics/Chapter06/LangevinMomentumFirstMean.lean:53:4: Try this:
  [apply] ring_nf
  
  The `ring` tactic failed to close the goal. Use `ring_nf` to obtain a normal form.
    
  Note that `ring` works primarily in *commutative* rings. If you have a noncommutative ring, abelian group or module, consider using `noncomm_ring`, `abel` or `module` instead.
ℹ [9145/9162] Replayed MolecularDynamics.Chapter01.TorusDensity
info: MolecularDynamics/Chapter01/TorusDensity.lean:25:21: Try this:
  [apply] abel_nf
info: MolecularDynamics/Chapter01/TorusDensity.lean:68:21: Try this:
  [apply] abel_nf
✔ [9160/9162] Built MolecularDynamics.Chapter06.LangevinFourthMoments (17s)
✔ [9161/9162] Built MolecularDynamicsFormalization (13s)
Build completed successfully (9162 jobs).