docs/verification/2026-10-06-BrownianC2ClosedOperator/Draft.lean:258:136: error: unexpected token 'include'; expected 'lemma'
docs/verification/2026-10-06-BrownianC2ClosedOperator/Draft.lean:273:4: error: Type mismatch: After simplification, term
  Eq.symm
    (textbookBrownianC2GibbsL2GeneratorImage_symmetric m U hU hPU β hβ f (↑g) hf
      (ContDiff.of_le (Subtype.prop g).left
        (of_eq_true
          (Eq.trans WithTop.le_coe_top._simp_1
            (Eq.trans (congrArg Not (WithTop.ofNat_ne_top._simp_1 2)) not_false_eq_true))))
      hpf (Subtype.prop g).right)
 has type
  @Eq ℝ
    ⟪textbookConfigurationGibbsL2Observable U hU hPU β (textbookBrownianGenerator m U β f) ⋯ ⋯,
      textbookConfigurationGibbsL2Observable U hU hPU β ↑g ⋯ ⋯⟫_ℝ
    ⟪textbookConfigurationGibbsL2Observable U hU hPU β f ⋯ hpf,
      textbookConfigurationGibbsL2Observable U hU hPU β (textbookBrownianGenerator m U β ↑g) ⋯ ⋯⟫_ℝ
but is expected to have type
  @Eq ℝ
    ⟪textbookConfigurationGibbsL2Observable U hU hPU β (textbookBrownianGenerator m U β f) ⋯ ⋯,
      (textbookPeriodicSmoothEmbedding U hU hPU β) g⟫_ℝ
    ⟪textbookConfigurationGibbsL2Observable U hU hPU β f ⋯ hpf,
      textbookConfigurationGibbsL2Observable U hU hPU β (textbookBrownianGenerator m U β ↑g) ⋯ ⋯⟫_ℝ
docs/verification/2026-10-06-BrownianC2ClosedOperator/Draft.lean:303:116: error: unexpected token 'include'; expected 'lemma'
docs/verification/2026-10-06-BrownianC2ClosedOperator/Draft.lean:312:139: error: unexpected token 'include'; expected 'lemma'
docs/verification/2026-10-06-BrownianC2ClosedOperator/Draft.lean:336:97: error: unsolved goals
case hβ
Nc : ℕ
m : Fin Nc → ℝ
U : (Fin Nc → ℝ) → ℝ
hU : ContDiff ℝ ∞ U
hPU : textbookUnitPeriodicPotential U
β : ℝ
f : (Fin Nc → ℝ) → ℝ
hf : ContDiff ℝ 2 f
hpf : textbookUnitPeriodicPotential f
hm : ∀ (i : Fin Nc), 0 < m i
hβpos : 0 < β
Ω : Type u_1
inst✝ : MeasurableSpace Ω
B : ℝ≥0 → Ω → Fin Nc → ℝ
P : Measure Ω
hB : textbookIsWienerVector B P
⊢ β ≠ 0
