docs/verification/2026-10-06-BrownianC2ClosedOperator/Draft.lean:273:4: error: Type mismatch: After simplification, term
  Eq.symm
    (textbookBrownianC2GibbsL2GeneratorImage_symmetric m U hU hPU β hβ f (↑g) hf
      (ContDiff.of_le (Subtype.prop g).left
        (of_eq_true
          (Eq.trans WithTop.le_coe_top._simp_1
            (Eq.trans (congrArg Not (WithTop.ofNat_ne_top._simp_1 2)) not_false_eq_true))))
      hpf (Subtype.prop g).right)
 has type
  @Eq ℝ
    ⟪textbookConfigurationGibbsL2Observable U hU hPU β (textbookBrownianGenerator m U β f) ⋯ ⋯,
      textbookConfigurationGibbsL2Observable U hU hPU β ↑g ⋯ ⋯⟫_ℝ
    ⟪textbookConfigurationGibbsL2Observable U hU hPU β f ⋯ hpf,
      textbookConfigurationGibbsL2Observable U hU hPU β (textbookBrownianGenerator m U β ↑g) ⋯ ⋯⟫_ℝ
but is expected to have type
  @Eq ℝ
    ⟪textbookConfigurationGibbsL2Observable U hU hPU β (textbookBrownianGenerator m U β f) ⋯ ⋯,
      { toFun := fun f => textbookConfigurationGibbsL2Observable U hU hPU β ↑f ⋯ ⋯, map_add' := ⋯, map_smul' := ⋯ } g⟫_ℝ
    ⟪textbookConfigurationGibbsL2Observable U hU hPU β f ⋯ hpf,
      textbookConfigurationGibbsL2Observable U hU hPU β (textbookBrownianGenerator m U β ↑g) ⋯ ⋯⟫_ℝ
