MolecularDynamics/Chapter06/BrownianFourierHilbert.lean:107:21: error(lean.unknownIdentifier): Unknown identifier `textbookConfigurationTorusProjection_surjective`
MolecularDynamics/Chapter06/BrownianFourierHilbert.lean:107:9: error: Tactic `rcases` failed: `x✝ : ?m.13` is not an inductive datatype
MolecularDynamics/Chapter06/BrownianFourierHilbert.lean:123:18: error: Tactic `rewrite` failed: Did not find an occurrence of the pattern
  ↑↑(UnitAddTorus.mFourierLp 2 n) Q
in the target expression
  (textbookPeriodicSmoothContinuous (textbookFourierRealMode c n)) Q = ((c • ↑↑(UnitAddTorus.mFourierLp 2 n)) Q).re

Nc : ℕ
c : ℂ
n : Fin Nc → ℤ
Q : UnitAddTorus (Fin Nc)
hS :
  ↑↑((ContinuousMap.toLp 2 volume ℝ) (textbookPeriodicSmoothContinuous (textbookFourierRealMode c n))) Q =
    (textbookPeriodicSmoothContinuous (textbookFourierRealMode c n)) Q
hR : ↑↑((textbookHaarL2RealPart Nc) (c • UnitAddTorus.mFourierLp 2 n)) Q = (↑↑(c • UnitAddTorus.mFourierLp 2 n) Q).re
hC : ↑↑(c • UnitAddTorus.mFourierLp 2 n) Q = (c • ↑↑(UnitAddTorus.mFourierLp 2 n)) Q
hF : ↑↑(UnitAddTorus.mFourierLp 2 n) Q = (UnitAddTorus.mFourier n) Q
⊢ (textbookPeriodicSmoothContinuous (textbookFourierRealMode c n)) Q = ((c • ↑↑(UnitAddTorus.mFourierLp 2 n)) Q).re
MolecularDynamics/Chapter06/BrownianFourierHilbert.lean:148:6: error: Tactic `rewrite` failed: Did not find an occurrence of the pattern
  textbookBrownianGenerator m (fun x => 0) β
    ((fun y => ?m.92 • textbookFourierCosineLift n y) + fun y => ?m.108 • textbookFourierSineLift n y)
in the target expression
  textbookBrownianGenerator m (fun x => 0) β (c.re • textbookFourierCosineLift n + -c.im • textbookFourierSineLift n)
      q =
    -textbookMassFourierFrequency m β n * (c.re * textbookFourierCosineLift n q + -c.im * textbookFourierSineLift n q)

Nc : ℕ
m : Fin Nc → ℝ
β : ℝ
c : ℂ
n : Fin Nc → ℤ
q : Fin Nc → ℝ
⊢ textbookBrownianGenerator m (fun x => 0) β (c.re • textbookFourierCosineLift n + -c.im • textbookFourierSineLift n)
      q =
    -textbookMassFourierFrequency m β n * (c.re * textbookFourierCosineLift n q + -c.im * textbookFourierSineLift n q)
MolecularDynamics/Chapter06/BrownianFourierHilbert.lean:197:2: error: Type mismatch: After simplification, term
  h
 has type
  @Tendsto (Finset (Fin Nc → ℤ)) (↥(Lp ℝ 2 volume))
    (fun s =>
      ∑ x_1 ∈ s,
        (textbookPeriodicSmoothHaarEmbedding Nc)
          (textbookFourierRealMode (UnitAddTorus.mFourierCoeff (↑↑((textbookHaarL2Complexify Nc) x)) x_1) x_1))
    (SummationFilter.unconditional (Fin Nc → ℤ)).filter (𝓝 x)
but is expected to have type
  @Tendsto (Finset (Fin Nc → ℤ)) (↥(Lp ℝ 2 volume))
    (fun s =>
      ∑ x_1 ∈ s,
        (textbookPeriodicSmoothHaarEmbedding Nc)
          (textbookFourierRealMode (UnitAddTorus.mFourierCoeff (↑↑((textbookHaarL2Complexify Nc) x)) x_1) x_1))
    atTop (𝓝 x)
